C:\Users\Admin\Desktop\Django\coderhouse\venv\Scripts\python.exe : Creating 
test database for alias 'default' 
('file:memorydb_default?mode=memory&cache=shared')...
En línea: 1 Carácter: 1
+ C:\Users\Admin\Desktop\Django\coderhouse\venv\Scripts\python.exe mana ...
+ ~~~~~~~~~~~~~~~~~~~~~~~~~~~~~~~~~~~~~~~~~~~~~~~~~~~~~~~~~~~~~~~~~~~~~
    + CategoryInfo          : NotSpecified: (Creating test d...che=shared')... 
   :String) [], RemoteException
    + FullyQualifiedErrorId : NativeCommandError
 

Found 35 test(s).
Skipping setup of unused database(s): dinamica.
Operations to perform:
  Synchronize unmigrated apps: ckeditor, crispy_bootstrap5, crispy_forms, humanize, messages, rest_framework, staticfiles
  Apply all migrations: access_control, acounts, admin, api, auth, biblioteca, chat, contenttypes, control_de_proyectos, control_operacional, evaluaciones, notificaciones, sessions, settings
Synchronizing apps without migrations:
  Creating tables...
    Running deferred SQL...
Running migrations:
  Applying contenttypes.0001_initial... OK
  Applying auth.0001_initial... OK
  Applying access_control.0001_initial... OK
  Applying access_control.0002_perfilacceso_perfilaccesodetalle_and_more... OK
  Applying contenttypes.0002_remove_content_type_name... OK
  Applying auth.0002_alter_permission_name_max_length... OK
  Applying auth.0003_alter_user_email_max_length... OK
  Applying auth.0004_alter_user_username_opts... OK
  Applying auth.0005_alter_user_last_login_null... OK
  Applying auth.0006_require_contenttypes_0002... OK
  Applying auth.0007_alter_validators_add_error_messages... OK
  Applying auth.0008_alter_user_username_max_length... OK
  Applying auth.0009_alter_user_last_name_max_length... OK
  Applying auth.0010_alter_group_name_max_length... OK
  Applying auth.0011_update_proxy_permissions... OK
  Applying auth.0012_alter_user_first_name_max_length... OK
  Applying acounts.0001_initial... OK
  Applying acounts.0002_alter_avatar_email... OK
  Applying acounts.0003_delete_customuser... OK
  Applying acounts.0004_alter_avatar_imagen... OK
  Applying acounts.0005_emailaccount_systemconfig_companyconfig... OK
  Applying acounts.0006_useremailtoken... OK
  Applying acounts.0007_rename_acounts_use_user_id_65a30d_idx_acounts_use_user_id_02038b_idx... OK
  Applying admin.0001_initial... OK
  Applying admin.0002_logentry_remove_auto_add... OK
  Applying admin.0003_logentry_add_action_flag_choices... OK
  Applying api.0001_initial... OK
  Applying api.0002_lmovimientosdetalle19... OK
  Applying biblioteca.0001_initial... OK
  Applying biblioteca.0002_miusuario... OK
  Applying biblioteca.0003_delete_miusuario... OK
  Applying biblioteca.0004_documento_nombre_documento... OK
  Applying biblioteca.0005_conversacion_mensaje_customuser_avatar... OK
  Applying biblioteca.0006_customuser_dni_customuser_profesion... OK
  Applying biblioteca.0007_customuser_user... OK
  Applying biblioteca.0008_avatar_dni_avatar_profesion_delete_customuser... OK
  Applying biblioteca.0009_avatar_email_avatar_first_name_avatar_last_name_and_more... OK
  Applying biblioteca.0010_remove_customuser_groups_and_more... OK
  Applying biblioteca.0011_remove_mensaje_conversacion_remove_mensaje_remitente_and_more... OK
  Applying biblioteca.0012_about... OK
  Applying biblioteca.0013_delete_about_tipodocumento_descricion... OK
  Applying biblioteca.0014_alter_tipodocumento_descricion... OK
  Applying biblioteca.0015_documento_fecha_documento_and_more... OK
  Applying biblioteca.0016_propiedad_descripcion_alter_documento_archivo_and_more... OK
  Applying biblioteca.0017_alter_documento_nombre_documento_and_more... OK
  Applying biblioteca.0018_rename_nombre_documento_documento_nombre_documento... OK
  Applying biblioteca.0019_alter_documento_archivo... OK
  Applying biblioteca.0020_alter_propietario_rut... OK
  Applying chat.0001_initial... OK
  Applying chat.0002_conversacion_empresa... OK
  Applying chat.0003_populate_conversacion_empresa... OK
  Applying chat.0004_conversacion_empresa_non_null... OK
  Applying chat.0005_mensajeleido... OK
  Applying chat.0006_mensajeleido_indexes... OK
  Applying chat.0007_rename_chat_mensaj_user_id_4b5d6d_idx_chat_mensaj_user_id_019acb_idx_and_more... OK
  Applying control_de_proyectos.0001_initial... OK
  Applying control_de_proyectos.0002_tipotarea_tarea_depende_de_tarea_fecha_fin_plan_and_more... OK
  Applying control_de_proyectos.0003_alter_tareadocumento_archivo... OK
  Applying control_de_proyectos.0004_alter_tareadocumento_archivo... OK
  Applying control_operacional.0001_initial... OK
  Applying control_operacional.0002_alertaack... OK
  Applying evaluaciones.0001_initial... OK
  Applying evaluaciones.0002_alter_persona_mes... OK
  Applying notificaciones.0001_initial... OK
  Applying notificaciones.0002_notification_dedupe_key... OK
  Applying notificaciones.0003_demoseedlog... OK
  Applying notificaciones.0004_rename_notif_dest_isread_idx_notificacio_destina_f3d246_idx_and_more... OK
  Applying sessions.0001_initial... OK
  Applying settings.0001_initial... OK
  Applying settings.0002_alter_userpreferences_data_bs_theme_and_more... OK
  Applying settings.0003_userpreferences_email_enabled_and_more... OK
  Applying settings.0004_alter_userpreferences_data_bs_theme_and_more... OK
  Applying settings.0005_theme_preferences... OK
System check identified some issues:

WARNINGS:
?: (ckeditor.W001) django-ckeditor bundles CKEditor 4.22.1 which isn't 
supported anmyore and which does have unfixed security issues, see for example 
https://ckeditor.com/cke4/release/CKEditor-4.24.0-LTS . You should consider 
strongly switching to a different editor (maybe CKEditor 5 respectively 
django-ckeditor-5 after checking whether the CKEditor 5 license terms work for 
you) or switch to the non-free CKEditor 4 LTS package. See 
https://ckeditor.com/ckeditor-4-support/ for more on this. (Note! This notice 
has been added by the django-ckeditor developers and we are not affiliated 
with CKSource and were not involved in the licensing change, so please refrain 
from complaining to us. Thanks.)

System check identified 1 issue (0 silenced).
test_no_staff_get_y_post_403 (notificaciones.tests.test_alerta_personalizada.Te
stAlertaPersonalizada.test_no_staff_get_y_post_403) ... 
WARNING:django.request:Forbidden: /notificaciones/alerta-personalizada/
WARNING:django.request:Forbidden: /notificaciones/alerta-personalizada/
ok
test_post_con_permiso_crea_notificacion (notificaciones.tests.test_alerta_perso
nalizada.TestAlertaPersonalizada.test_post_con_permiso_crea_notificacion) ... 
ok
test_post_sin_permiso_con_force_membership_crea_permiso_y_notificacion (notific
aciones.tests.test_alerta_personalizada.TestAlertaPersonalizada.test_post_sin_p
ermiso_con_force_membership_crea_permiso_y_notificacion) ... ok
test_post_sin_permiso_sin_force_membership_error (notificaciones.tests.test_ale
rta_personalizada.TestAlertaPersonalizada.test_post_sin_permiso_sin_force_membe
rship_error) ... ok
test_staff_get_sin_usuarios_con_permiso_muestra_placeholder (notificaciones.tes
ts.test_alerta_personalizada.TestAlertaPersonalizada.test_staff_get_sin_usuario
s_con_permiso_muestra_placeholder) ... ok
test_scope_active_default (notificaciones.tests.test_centro_alertas.TestCentroA
lertas.test_scope_active_default) ... ok
test_scope_only_active (notificaciones.tests.test_centro_alertas.TestCentroAler
tas.test_scope_only_active) ... ok
test_scope_only_global (notificaciones.tests.test_centro_alertas.TestCentroAler
tas.test_scope_only_global) ... ok
test_non_staff_get_returns_403 (notificaciones.tests.test_force_view.TestForzar
Notificaciones.test_non_staff_get_returns_403) ... 
WARNING:django.request:Forbidden: /notificaciones/forzar/
ok
test_staff_post_creates_notifications (notificaciones.tests.test_force_view.Tes
tForzarNotificaciones.test_staff_post_creates_notifications) ... ok
test_staff_post_without_membership_force_false (notificaciones.tests.test_force
_view.TestForzarNotificaciones.test_staff_post_without_membership_force_false) 
... FAIL
test_staff_without_empresa_redirects (notificaciones.tests.test_force_view.Test
ForzarNotificaciones.test_staff_without_empresa_redirects) ... FAIL
test_con_empresa_objetivo_sin_permisos_muestra_placeholder (notificaciones.test
s.test_forzar_notificaciones_no_users.ForzarNotificacionesNoUsersTests.test_con
_empresa_objetivo_sin_permisos_muestra_placeholder)
Staff con empresa_objetivo sin permisos -> placeholder no_users ... ok
test_con_empresa_objetivo_y_permisos_lista_usuarios (notificaciones.tests.test_
forzar_notificaciones_no_users.ForzarNotificacionesNoUsersTests.test_con_empres
a_objetivo_y_permisos_lista_usuarios)
Staff con empresa_objetivo elegida y usuario con Permiso -> lista usuarios ... 
ok
test_post_con_usuario_inactivo_error (notificaciones.tests.test_forzar_notifica
ciones_no_users.ForzarNotificacionesNoUsersTests.test_post_con_usuario_inactivo
_error)
POST con destinatario inactivo -> error user_not_found ... ok
test_post_genera_notificaciones_con_empresa_objetivo (notificaciones.tests.test
_forzar_notificaciones_no_users.ForzarNotificacionesNoUsersTests.test_post_gene
ra_notificaciones_con_empresa_objetivo)
POST genera notificaciones usando empresa_objetivo, no empresa activa ... ok
test_post_sin_permisos_con_force_membership_crea_permiso_y_notificaciones (noti
ficaciones.tests.test_forzar_notificaciones_no_users.ForzarNotificacionesNoUser
sTests.test_post_sin_permisos_con_force_membership_crea_permiso_y_notificacione
s)
POST con destinatario sin Permiso y force_membership=True -> crea Permiso 
minimo y genera notificaciones ... ok
test_post_sin_permisos_sin_force_membership_error (notificaciones.tests.test_fo
rzar_notificaciones_no_users.ForzarNotificacionesNoUsersTests.test_post_sin_per
misos_sin_force_membership_error)
POST con destinatario sin Permiso y force_membership=False -> error ... ok
test_sin_empresa_objetivo_muestra_warning (notificaciones.tests.test_forzar_not
ificaciones_no_users.ForzarNotificacionesNoUsersTests.test_sin_empresa_objetivo
_muestra_warning)
Staff sin empresa_objetivo en GET -> vista 200, warning select_company, boton 
disabled ... ok
test_solo_usuarios_activos_en_destinatarios (notificaciones.tests.test_forzar_n
otificaciones_no_users.ForzarNotificacionesNoUsersTests.test_solo_usuarios_acti
vos_en_destinatarios)
Usuarios inactivos NO aparecen en destinatarios ... ok
test_staff_como_fallback_en_destinatarios (notificaciones.tests.test_forzar_not
ificaciones_no_users.ForzarNotificacionesNoUsersTests.test_staff_como_fallback_
en_destinatarios)
Staff user aparece en destinatarios aunque no tenga Permiso explÝcito ... ok
test_usuario_no_staff_retorna_403 (notificaciones.tests.test_forzar_notificacio
nes_no_users.ForzarNotificacionesNoUsersTests.test_usuario_no_staff_retorna_403
)
Usuario no staff -> 403 ... WARNING:django.request:Forbidden: 
/notificaciones/forzar/
ok
test_filtros_tipo_y_estado (notificaciones.tests.test_listado.TestListadoNotifi
caciones.test_filtros_tipo_y_estado) ... ok
test_listado_scoped_por_usuario_y_empresa (notificaciones.tests.test_listado.Te
stListadoNotificaciones.test_listado_scoped_por_usuario_y_empresa) ... ok
test_ver_notificacion_marca_leida_y_redirige (notificaciones.tests.test_listado
.TestListadoNotificaciones.test_ver_notificacion_marca_leida_y_redirige) ... ok
test_no_demo_empty_text (notificaciones.tests.test_notifications_template_no_de
mo_text.TestNotificationsTemplateNoDemoText.test_no_demo_empty_text) ... ok
test_seed_and_reset (notificaciones.tests.test_seed_demo_comms.TestSeedDemoComm
s.test_seed_and_reset) ... ok
test_sidebar_submenu_badges (notificaciones.tests.test_sidebar_submenu_badges.T
estSidebarSubmenuBadges.test_sidebar_submenu_badges) ... FAIL
test_mark_all_read (notificaciones.tests.test_topbar_api.TopbarNotificationsTes
ts.test_mark_all_read) ... ok
test_mark_read_requires_owner (notificaciones.tests.test_topbar_api.TopbarNotif
icationsTests.test_mark_read_requires_owner) ... WARNING:django.request:Not 
Found: /notificaciones/1/read/
ok
test_topbar_returns_only_user_notifications (notificaciones.tests.test_topbar_a
pi.TopbarNotificationsTests.test_topbar_returns_only_user_notifications) ... ok
test_topbar_scoped_to_empresa_activa_plus_global (notificaciones.tests.test_top
bar_api.TopbarNotificationsTests.test_topbar_scoped_to_empresa_activa_plus_glob
al) ... ok
test_alert_pagination (notificaciones.tests.test_topbar_pagination.TestTopbarPa
gination.test_alert_pagination) ... ok
test_all_counts_and_mix (notificaciones.tests.test_topbar_pagination.TestTopbar
Pagination.test_all_counts_and_mix) ... ok
test_invalid_type_returns_400 (notificaciones.tests.test_topbar_pagination.Test
TopbarPagination.test_invalid_type_returns_400) ... WARNING:django.request:Bad 
Request: /notificaciones/topbar/
ok

======================================================================
FAIL: test_staff_post_without_membership_force_false (notificaciones.tests.test
_force_view.TestForzarNotificaciones.test_staff_post_without_membership_force_f
alse)
----------------------------------------------------------------------
Traceback (most recent call last):
  File "C:\Users\Admin\Desktop\Django\coderhouse\EntregafinalPython-Agodoy\noti
ficaciones\tests\test_force_view.py", line 78, in 
test_staff_post_without_membership_force_false
    self.assertContains(response, 
"data-key=\"notifications.force.error.no_membership\"")
  File "C:\Users\Admin\Desktop\Django\coderhouse\venv\Lib\site-packages\django\
test\testcases.py", line 623, in assertContains
    self.assertTrue(
AssertionError: False is not true : Couldn't find 
'data-key="notifications.force.error.no_membership"' in the following response
b'\n<!DOCTYPE html>\n<html lang="es" id="main-html">\n\n<head>\n   <meta 
charset="utf-8" />\n\n    <title>Enviar notificaciones forzadas | Operational 
Apps</title>\n\n    \n    \n\n    <meta name="viewport" 
content="width=device-width, initial-scale=1.0">\n    <meta content="Premium 
Multipurpose Admin & Dashboard Template" name="description" />\n    <meta 
content="Themesbrand" name="author" />\n    <link rel="shortcut icon" 
href="/static/images/favicon.ico">    \n    \n    \n    \n    \n    <script 
id="theme-preferences" type="application/json">{"data-layout": "vertical", 
"data-bs-theme": "light", "data-sidebar-visibility": "show", 
"data-layout-width": "fluid", "data-layout-position": "fixed", "data-topbar": 
"light", "data-sidebar-size": "lg", "data-layout-style": "default", 
"data-sidebar": "dark", "data-sidebar-image": "none", "data-preloader": 
"disable"}</script>\n    \n    <script>\n      window.__THEME_PREFS_URL__ = 
"/settings/guardar-preferencias/";\n    </script>\n    <script 
src="/static/js/layout.js"></script>\n     <script 
src="/static/js/theme_config.js"></script> \n    <link 
href="/static/css/bootstrap.min.css" id="bootstrap-style" rel="stylesheet" 
type="text/css" />\n    <link href="/static/css/icons.min.css" 
rel="stylesheet" type="text/css" />\n    <link href="/static/css/app.min.css" 
id="app-style" rel="stylesheet" type="text/css" />\n    <link 
href="/static/css/custom.min.css" id="app-style" rel="stylesheet" 
type="text/css" />\n    <link rel="stylesheet" 
href="/static/libs/toastify-js/src/toastify.css">\n    <link rel="stylesheet" h
ref="https://cdnjs.cloudflare.com/ajax/libs/font-awesome/5.15.3/css/all.min.css
">\n    <link 
href="https://cdn.jsdelivr.net/npm/bootstrap-icons/font/bootstrap-icons.css" 
rel="stylesheet">\n    <script 
src="https://code.jquery.com/jquery-3.6.0.min.js"></script>\n    
\n</head>\n\n<body>\n  <div id="layout-wrapper">\n    \n      \n\n        
<header id="page-topbar">\n            <div class="layout-width">\n            
    <div class="navbar-header">\n                    <div class="d-flex">\n    
                    <!-- LOGO -->\n                        <div 
class="navbar-brand-box horizontal-logo">\n                            <a 
href="/" class="logo logo-dark">\n                                <span 
class="logo-sm">\n                                    <img 
src="/static/images/logo-sm.png" alt="" height="22">\n                         
       </span>\n                                <span class="logo-lg">\n       
                             <img src="/static/images/logo-dark.png" alt="" 
height="17">\n                                </span>\n                        
    </a>\n\n                            <a href="/" class="logo logo-light">\n 
                               <span class="logo-sm">\n                        
            <img src="/static/images/logo-sm.png" alt="" height="22">\n        
                        </span>\n                                <span 
class="logo-lg">\n                                    <img 
src="/static/images/logo-light.png" alt="" height="17">\n                      
          </span>\n                            </a>\n                        
</div>\n\n                        <button type="button" class="btn btn-sm px-3 
fs-16 header-item vertical-menu-btn topnav-hamburger" 
id="topnav-hamburger-icon">\n                            <span 
class="hamburger-icon">\n                                <span></span>\n       
                         <span></span>\n                                
<span></span>\n                            </span>\n                        
</button>\n\n                        <!-- App Search-->\n                      
  <form class="app-search d-none d-md-block">\n                            
<!-- <div class="position-relative">\n                                <input 
type="text" class="form-control" placeholder="Search..." autocomplete="off" 
id="search-options" value="">\n                                <span 
class="mdi mdi-magnify search-widget-icon"></span>\n                           
     <span class="mdi mdi-close-circle search-widget-icon 
search-widget-icon-close d-none" id="search-close-options"></span>\n           
                 </div> -->\n                            <div 
class="dropdown-menu dropdown-menu-lg" id="search-dropdown">\n                 
               <div data-simplebar style="max-height: 320px;">\n               
                     <!-- item-->\n                                    <div 
class="dropdown-header">\n                                        <h6 
class="text-overflow text-muted mb-0 text-uppercase">Recent Searches</h6>\n    
                                </div>\n\n                                    
<div class="dropdown-item bg-transparent text-wrap">\n                         
               <a href="/" class="btn btn-soft-secondary btn-sm 
rounded-pill">how to setup <i class="mdi mdi-magnify ms-1"></i></a>\n          
                              <a href="/" class="btn btn-soft-secondary btn-sm 
rounded-pill">buttons <i class="mdi mdi-magnify ms-1"></i></a>\n               
                     </div>\n                                    <!-- 
item-->\n                                    <div class="dropdown-header 
mt-2">\n                                        <h6 class="text-overflow 
text-muted mb-1 text-uppercase">Pages</h6>\n                                   
 </div>\n\n                                    <!-- item-->\n                  
                  <a href="javascript:void(0);" class="dropdown-item 
notify-item">\n                                        <i 
class="ri-bubble-chart-line align-middle fs-18 text-muted me-2"></i>\n         
                               <span>Analytics Dashboard</span>\n              
                      </a>\n\n                                    <!-- 
item-->\n                                    <a href="javascript:void(0);" 
class="dropdown-item notify-item">\n                                        <i 
class="ri-lifebuoy-line align-middle fs-18 text-muted me-2"></i>\n             
                           <span>Help Center</span>\n                          
          </a>\n\n                                    <!-- item-->\n           
                         <a href="javascript:void(0);" class="dropdown-item 
notify-item">\n                                        <i 
class="ri-user-settings-line align-middle fs-18 text-muted me-2"></i>\n        
                                <span>My account settings</span>\n             
                       </a>\n\n                                    <!-- 
item-->\n                                    <div class="dropdown-header 
mt-2">\n                                        <h6 class="text-overflow 
text-muted mb-2 text-uppercase">Members</h6>\n                                 
   </div>\n\n                                    <div 
class="notification-list">\n                                        <!-- item 
-->\n                                        <a href="javascript:void(0);" 
class="d-flex dropdown-item notify-item py-2">\n                               
             <img src="/static/images/users/avatar-2.jpg" class="me-3 
rounded-circle avatar-xs" alt="user-pic">\n                                    
        <div class="flex-grow-1">\n                                            
    <h6 class="m-0">Angela Bernier</h6>\n                                      
          <span class="fs-11 mb-0 text-muted">Manager</span>\n                 
                           </div>\n                                        
</a>\n                                        <!-- item -->\n                  
                      <a href="javascript:void(0);" class="d-flex 
dropdown-item notify-item py-2">\n                                            
\n                                                <img 
src="/static/images/default-avatar.png" class="rounded-circle avatar-xs" 
alt="Avatar por defecto">\n                                            \n\n    
                                        <div class="flex-grow-1">\n            
                                    <h6 class="m-0">David Grasso</h6>\n        
                                        <span class="fs-11 mb-0 
text-muted">Web Designer</span>\n                                            
</div>\n                                        </a>\n                         
               <!-- item -->\n                                        <a 
href="javascript:void(0);" class="d-flex dropdown-item notify-item py-2">\n    
                                        <img 
src="/static/images/users/avatar-5.jpg" class="me-3 rounded-circle avatar-xs" 
alt="user-pic">\n                                            <div 
class="flex-grow-1">\n                                                <h6 
class="m-0">Mike Bunch</h6>\n                                                
<span class="fs-11 mb-0 text-muted">React Developer</span>\n                   
                         </div>\n                                        
</a>\n                                    </div>\n                             
   </div>\n\n                                <div class="text-center pt-3 
pb-1">\n                                    \n                                 
   \n                                </div>\n                            
</div>\n                        </form>\n                    </div>\n\n        
            <div class="d-flex align-items-center">\n\n                        
<div class="dropdown d-md-none topbar-head-dropdown header-item">\n            
                <button type="button" class="btn btn-icon btn-topbar 
btn-ghost-secondary rounded-circle" id="page-header-search-dropdown" 
data-bs-toggle="dropdown" aria-haspopup="true" aria-expanded="false">\n        
                        <i class="bx bx-search fs-22"></i>\n                   
         </button>\n                            <div class="dropdown-menu 
dropdown-menu-lg dropdown-menu-end p-0" 
aria-labelledby="page-header-search-dropdown">\n                               
 <form class="p-3">\n                                    <div 
class="form-group m-0">\n                                        <div 
class="input-group">\n                                            <input 
type="text" class="form-control" placeholder="Search ..." 
aria-label="Recipient\'s username">\n                                          
  <button class="btn btn-primary" type="submit"><i class="mdi 
mdi-magnify"></i></button>\n                                        </div>\n   
                                 </div>\n                                
</form>\n                            </div>\n                        </div>\n  
                      <div class="text-end mt-2">\n                            
\n                            <span data-toggle="modal" 
data-target="#cambiarEmpresaModal" style="cursor: pointer;">                   
             \n                                <p class="text-muted">Empresa: 
Empresa A</p>\n                            </span>\n                        \n 
                           <!-- <a href="/acounts/subeavatar" class="btn 
btn-secondary">\n                                <i class="fas fa-user"></i> 
Perfil\n                            </a> -->                            \n     
                   </div>\n\n                        <div class="dropdown ms-1 
topbar-head-dropdown header-item">\n                            <button 
type="button" class="btn btn-icon btn-topbar btn-ghost-secondary 
rounded-circle" data-bs-toggle="dropdown" aria-haspopup="true" 
aria-expanded="false">\n                                <img 
id="header-lang-img" src="/static/images/flags/us.svg" alt="Header Language" 
height="20" class="rounded">\n                            </button>\n          
                  <div class="dropdown-menu dropdown-menu-end">\n\n            
                    <!-- item-->\n                                <a 
href="javascript:void(0);" class="dropdown-item notify-item language py-2" 
data-lang="en" title="English">\n                                    <img 
src="/static/images/flags/us.svg" alt="user-image" class="me-2 rounded" 
height="18">\n                                    <span 
class="align-middle">English</span>\n                                </a>\n\n  
                              <!-- item-->\n                                <a 
href="javascript:void(0);" class="dropdown-item notify-item language" 
data-lang="sp" title="Spanish">\n                                    <img 
src="/static/images/flags/spain.svg" alt="user-image" class="me-2 rounded" 
height="18">\n                                    <span 
class="align-middle">Espa\xc3\xb1ola</span>\n                                
</a>\n                            </div>\n                        </div>\n     
                   \n                        \n\n\n<div class="dropdown 
topbar-head-dropdown ms-1 header-item">\n                            <button 
type="button" class="btn btn-icon btn-topbar btn-ghost-secondary 
rounded-circle" data-bs-toggle="dropdown" aria-haspopup="true" 
aria-expanded="false">\n                                <i class=\'bx 
bx-category-alt fs-22\'></i>\n                            </button>\n          
                  <div class="dropdown-menu dropdown-menu-lg p-0 
dropdown-menu-end">\n                                <div class="p-3 
border-top-0 border-start-0 border-end-0 border-dashed border">\n              
                      <div class="row align-items-center">\n                   
                     <div class="col">\n                                       
     <h6 class="m-0 fw-semibold fs-15"> Web Apps </h6>\n                       
                 </div>\n                                        <div 
class="col-auto">\n                                            <a href="#!" 
class="btn btn-sm btn-soft-info"> View All Apps\n                              
                  <i class="ri-arrow-right-s-line align-middle"></i></a>\n     
                                   </div>\n                                    
</div>\n                                </div>\n\n                             
   <div class="p-2">\n                                    <div class="row 
g-0">\n                                        <div class="col">\n             
                               <a class="dropdown-icon-item" href="#!">\n      
                                          <img 
src="/static/images/brands/github.png" alt="Github">\n                         
                       <span>GitHub</span>\n                                   
         </a>\n                                        </div>\n                
                        <div class="col">\n                                    
        <a class="dropdown-icon-item" href="#!">\n                             
                   <img src="/static/images/brands/bitbucket.png" 
alt="bitbucket">\n                                                
<span>Bitbucket</span>\n                                            </a>\n     
                                   </div>\n                                    
    <div class="col">\n                                            <a 
class="dropdown-icon-item" href="#!">\n                                        
        <img src="/static/images/brands/dribbble.png" alt="dribbble">\n        
                                        <span>Dribbble</span>\n                
                            </a>\n                                        
</div>\n                                    </div>\n\n                         
           <div class="row g-0">\n                                        <div 
class="col">\n                                            <a 
class="dropdown-icon-item" href="#!">\n                                        
        <img src="/static/images/brands/dropbox.png" alt="dropbox">\n          
                                      <span>Dropbox</span>\n                   
                         </a>\n                                        
</div>\n                                        <div class="col">\n            
                                <a class="dropdown-icon-item" href="#!">\n     
                                           <img 
src="/static/images/brands/mail_chimp.png" alt="mail_chimp">\n                 
                               <span>Mail Chimp</span>\n                       
                     </a>\n                                        </div>\n    
                                    <div class="col">\n                        
                    <a class="dropdown-icon-item" href="#!">\n                 
                               <img src="/static/images/brands/slack.png" 
alt="slack">\n                                                
<span>Slack</span>\n                                            </a>\n         
                               </div>\n                                    
</div>\n                                </div>\n                            
</div>\n                        
</div>\n\n\n<script>\ndocument.addEventListener(\'DOMContentLoaded\', function 
() {\n    // C\xc3\xb3digo espec\xc3\xadfico del carrito\n    
console.log("Cargando Webapps...");\n});\n</script>\n\n                        
\n\n\n\t                    \n                        \n\n\n<div 
class="dropdown topbar-head-dropdown ms-1 header-item">\n                      
      <button type="button" class="btn btn-icon btn-topbar btn-ghost-secondary 
rounded-circle" id="page-header-cart-dropdown" data-bs-toggle="dropdown" 
data-bs-auto-close="outside" aria-haspopup="true" aria-expanded="true">\n      
                          <i class="bx bx-shopping-bag fs-22"></i>\n           
                     <span class="position-absolute topbar-badge 
cartitem-badge fs-10 translate-middle badge rounded-pill bg-info">5</span>\n   
                         </button>\n                            <div 
class="dropdown-menu dropdown-menu-xl dropdown-menu-end p-0 
dropdown-menu-cart" aria-labelledby="page-header-cart-dropdown" 
data-popper-placement="bottom-end" style="position: absolute; inset: 0px 0px 
auto auto; margin: 0px; transform: translate(0px, 58px);">\n                   
             <div class="p-3 border-top-0 border-start-0 border-end-0 
border-dashed border">\n                                    <div class="row 
align-items-center">\n                                        <div 
class="col">\n                                            <h6 class="m-0 fs-16 
fw-semibold"> My Cart</h6>\n                                        </div>\n   
                                     <div class="col-auto">\n                  
                          <span class="badge bg-warning-subtle text-warning 
fs-13"><span class="cartitem-badge">5</span>\n                                 
               items</span>\n                                        </div>\n  
                                  </div>\n                                
</div>\n                                <div data-simplebar="init" 
style="max-height: 300px;"><div class="simplebar-wrapper" style="margin: 
0px;"><div class="simplebar-height-auto-observer-wrapper"><div 
class="simplebar-height-auto-observer"></div></div><div 
class="simplebar-mask"><div class="simplebar-offset" style="right: 0px; 
bottom: 0px;"><div class="simplebar-content-wrapper" tabindex="0" 
role="region" aria-label="scrollable content" style="height: auto; overflow: 
hidden scroll;"><div class="simplebar-content" style="padding: 0px;">\n        
                            <div class="p-2">\n                                
        <div class="text-center empty-cart" id="empty-cart" style="display: 
none;">\n                                            <div class="avatar-md 
mx-auto my-3">\n                                                <div 
class="avatar-title bg-info-subtle text-info fs-36 rounded-circle">\n          
                                          <i class="bx bx-cart"></i>\n         
                                       </div>\n                                
            </div>\n                                            <h5 
class="mb-3">Your Cart is Empty!</h5>\n                                        
    <a href="#" class="btn btn-success w-md mb-3">Shop Now</a>\n               
                         </div>\n                                        <div 
class="d-block dropdown-item dropdown-item-cart text-wrap px-3 py-2">\n        
                                    <div class="d-flex align-items-center">\n  
                                              <img 
src="/static/images/products/img-1.png" class="me-3 rounded-circle avatar-sm 
p-2 bg-light" alt="user-pic">\n                                                
<div class="flex-grow-1">\n                                                    
<h6 class="mt-0 mb-1 fs-14">\n                                                 
       \n                                                    </h6>\n           
                                         <p class="mb-0 fs-12 text-muted">\n   
                                                     Quantity: <span>10 x 
$32</span>\n                                                    </p>\n         
                                       </div>\n                                
                <div class="px-2">\n                                           
         <h5 class="m-0 fw-normal">$<span 
class="cart-item-price">320</span></h5>\n                                      
          </div>\n                                                <div 
class="ps-2">\n                                                    <button 
type="button" class="btn btn-icon btn-sm btn-ghost-secondary 
remove-item-btn"><i class="ri-close-fill fs-16"></i></button>\n                
                                </div>\n                                       
     </div>\n                                        </div>\n        \n        
                                <div class="d-block dropdown-item 
dropdown-item-cart text-wrap px-3 py-2">\n                                     
       <div class="d-flex align-items-center">\n                               
                 <img src="/static/images/products/img-2.png" class="me-3 
rounded-circle avatar-sm p-2 bg-light" alt="user-pic">\n                       
                         <div class="flex-grow-1">\n                           
                         <h6 class="mt-0 mb-1 fs-14">\n                        
                                \n                                             
       </h6>\n                                                    <p 
class="mb-0 fs-12 text-muted">\n                                               
         Quantity: <span>5 x $18</span>\n                                      
              </p>\n                                                </div>\n   
                                             <div class="px-2">\n              
                                      <h5 class="m-0 fw-normal">$<span 
class="cart-item-price">89</span></h5>\n                                       
         </div>\n                                                <div 
class="ps-2">\n                                                    <button 
type="button" class="btn btn-icon btn-sm btn-ghost-secondary 
remove-item-btn"><i class="ri-close-fill fs-16"></i></button>\n                
                                </div>\n                                       
     </div>\n                                        </div>\n        \n        
                                <div class="d-block dropdown-item 
dropdown-item-cart text-wrap px-3 py-2">\n                                     
       <div class="d-flex align-items-center">\n                               
                 <img src="/static/images/products/img-3.png" class="me-3 
rounded-circle avatar-sm p-2 bg-light" alt="user-pic">\n                       
                         <div class="flex-grow-1">\n                           
                         <h6 class="mt-0 mb-1 fs-14">\n                        
                                \n                                             
       </h6>\n                                                    <p 
class="mb-0 fs-12 text-muted">\n                                               
         Quantity: <span>3 x $250</span>\n                                     
               </p>\n                                                </div>\n  
                                              <div class="px-2">\n             
                                       <h5 class="m-0 fw-normal">$<span 
class="cart-item-price">750</span></h5>\n                                      
          </div>\n                                                <div 
class="ps-2">\n                                                    <button 
type="button" class="btn btn-icon btn-sm btn-ghost-secondary 
remove-item-btn"><i class="ri-close-fill fs-16"></i></button>\n                
                                </div>\n                                       
     </div>\n                                        </div>\n        \n        
                                <div class="d-block dropdown-item 
dropdown-item-cart text-wrap px-3 py-2">\n                                     
       <div class="d-flex align-items-center">\n                               
                 <img src="/static/images/products/img-6.png" class="me-3 
rounded-circle avatar-sm p-2 bg-light" alt="user-pic">\n                       
                         <div class="flex-grow-1">\n                           
                         <h6 class="mt-0 mb-1 fs-14">\n                        
                                \n                                             
       </h6>\n                                                    <p 
class="mb-0 fs-12 text-muted">\n                                               
         Quantity: <span>1 x $1250</span>\n                                    
                </p>\n                                                </div>\n 
                                               <div class="px-2">\n            
                                        <h5 class="m-0 fw-normal">$ <span 
class="cart-item-price">1250</span></h5>\n                                     
           </div>\n                                                <div 
class="ps-2">\n                                                    <button 
type="button" class="btn btn-icon btn-sm btn-ghost-secondary 
remove-item-btn"><i class="ri-close-fill fs-16"></i></button>\n                
                                </div>\n                                       
     </div>\n                                        </div>\n        \n        
                                <div class="d-block dropdown-item 
dropdown-item-cart text-wrap px-3 py-2">\n                                     
       <div class="d-flex align-items-center">\n                               
                 <img src="/static/images/products/img-5.png" class="me-3 
rounded-circle avatar-sm p-2 bg-light" alt="user-pic">\n                       
                         <div class="flex-grow-1">\n                           
                         <h6 class="mt-0 mb-1 fs-14">\n                        
                                \n                                             
       </h6>\n                                                    <p 
class="mb-0 fs-12 text-muted">\n                                               
         Quantity: <span>2 x $495</span>\n                                     
               </p>\n                                                </div>\n  
                                              <div class="px-2">\n             
                                       <h5 class="m-0 fw-normal">$<span 
class="cart-item-price">990</span></h5>\n                                      
          </div>\n                                                <div 
class="ps-2">\n                                                    <button 
type="button" class="btn btn-icon btn-sm btn-ghost-secondary 
remove-item-btn"><i class="ri-close-fill fs-16"></i></button>\n                
                                </div>\n                                       
     </div>\n                                        </div>\n                  
                  </div>\n                                
</div></div></div></div><div class="simplebar-placeholder" style="width: auto; 
height: 336px;"></div></div><div class="simplebar-track simplebar-horizontal" 
style="visibility: hidden;"><div class="simplebar-scrollbar" style="width: 
0px; display: none;"></div></div><div class="simplebar-track 
simplebar-vertical" style="visibility: visible;"><div 
class="simplebar-scrollbar" style="height: 267px; display: block; transform: 
translate3d(0px, 0px, 0px);"></div></div></div>\n                              
  <div class="p-3 border-bottom-0 border-start-0 border-end-0 border-dashed 
border" id="checkout-elem" style="display: block;">\n                          
          <div class="d-flex justify-content-between align-items-center 
pb-3">\n                                        <h5 class="m-0 
text-muted">Total:</h5>\n                                        <div 
class="px-2">\n                                            <h5 class="m-0" 
id="cart-item-total">$3399.00</h5>\n                                        
</div>\n                                    </div>\n\n                         
           \n                                </div>\n                          
  </div>\n                        
</div>\n\n\n\n\n<script>\ndocument.addEventListener(\'DOMContentLoaded\', 
function () {\n    // C\xc3\xb3digo espec\xc3\xadfico del carrito\n    
console.log("Cargando carrito...");\n});\n</script>\n\n                        
\n                        \n                        <div class="ms-1 
header-item d-none d-sm-flex">\n                            <button 
type="button" class="btn btn-icon btn-topbar btn-ghost-secondary 
rounded-circle" data-toggle="fullscreen">\n                                <i 
class=\'bx bx-fullscreen fs-22\'></i>\n                            </button>\n 
                       </div>\n                         <!-- aca va el modo 
oscuro   -->                       \n                         <!-- <div 
class="ms-1 header-item d-none d-sm-flex">\n                            
<button  class="btn-toggle-theme btn btn-icon btn-topbar btn-ghost-secondary 
rounded-circle">\n                                <i class="bx bx-moon 
fs-22"></i>\n                            </button>\n                        
</div> -->\n                        <div class="ms-1 header-item d-none 
d-sm-flex">\n                        <button id="btn-toggle-theme" class="btn 
btn-toggle-theme">\n                        <i id="icon-theme-toggle" 
class="bx bx-moon fs-22"></i>\n                        </button>\n\n           
             </div>\n\n                        \n                        
\n\n<div class="dropdown topbar-head-dropdown ms-1 header-item" 
id="notificationDropdown" data-debug="notifications-partial-v2">\n    <button 
type="button" class="btn btn-icon btn-topbar btn-ghost-secondary 
rounded-circle" id="page-header-notifications-dropdown" 
data-bs-toggle="dropdown" aria-haspopup="true" aria-expanded="false">\n        
<i class="bx bx-bell fs-22"></i>\n        <span class="position-absolute 
topbar-badge fs-10 translate-middle badge rounded-pill bg-danger" 
id="notification-badge" style="display: none;">0</span>\n    </button>\n    
<div class="dropdown-menu dropdown-menu-lg dropdown-menu-end p-0" 
aria-labelledby="page-header-notifications-dropdown">\n        <div 
class="dropdown-head bg-primary bg-pattern rounded-top">\n            <div 
class="p-3">\n                <div class="row align-items-center">\n           
         <div class="col">\n                        <h6 class="m-0 fs-16 
fw-semibold text-white" data-key="notifications.title">Notifications</h6>\n    
                </div>\n                    <div class="col-auto 
dropdown-tabs">\n                        <span class="badge bg-light-subtle 
text-body fs-13">\n                            <span 
id="notification-new-count">0</span> <span 
data-key="notifications.new">New</span>\n                        </span>\n     
               </div>\n                </div>\n            </div>\n\n          
  <div class="px-2 pt-2">\n                <ul class="nav nav-tabs 
dropdown-tabs nav-tabs-custom" data-dropdown-tabs="true" 
id="notificationItemsTab" role="tablist">\n                    <li 
class="nav-item waves-effect waves-light">\n                        <a 
class="nav-link active" data-bs-toggle="tab" data-filter="ALL" 
href="#all-noti-tab" role="tab" aria-selected="true">\n                        
    <span data-key="notifications.tab.all">All</span> (<span 
id="notification-tab-all-count">0</span>)\n                        </a>\n      
              </li>\n                    <li class="nav-item waves-effect 
waves-light">\n                        <a class="nav-link" 
data-bs-toggle="tab" data-filter="MESSAGE" href="#all-noti-tab" role="tab" 
aria-selected="false">\n                            <span 
data-key="notifications.tab.messages">Messages</span> (<span 
id="notification-tab-messages-count">0</span>)\n                        </a>\n 
                   </li>\n                    <li class="nav-item waves-effect 
waves-light">\n                        <a class="nav-link" 
data-bs-toggle="tab" data-filter="ALERT" href="#all-noti-tab" role="tab" 
aria-selected="false">\n                            <span 
data-key="notifications.tab.alerts">Alerts</span> (<span 
id="notification-tab-alerts-count">0</span>)\n                        </a>\n   
                 </li>\n                    <li class="nav-item waves-effect 
waves-light">\n                        <a class="nav-link" 
data-bs-toggle="tab" data-filter="SYSTEM" href="#all-noti-tab" role="tab" 
aria-selected="false">\n                            <span 
data-key="notifications.tab.system">System</span> (<span 
id="notification-tab-system-count">0</span>)\n                        </a>\n   
                 </li>\n                </ul>\n            </div>\n        
</div>\n\n        <div class="tab-content position-relative" 
id="notificationItemsTabContent">\n            <div class="tab-pane fade show 
active py-2 ps-2" id="all-noti-tab" role="tabpanel">\n                <div 
data-simplebar style="max-height: 300px;" class="pe-2">\n                    
<div class="text-center text-muted py-3" id="notifications-loading" 
data-key="notifications.loading">Loading...</div>\n                    <div 
id="notifications-list"></div>\n                    <div class="text-center 
text-muted py-3" id="notifications-empty" data-key="notifications.empty" 
style="display: none;"></div>\n                    <div class="my-3 
text-center view-all">\n                        <a 
href="/notificaciones/mis-notificaciones/" class="btn btn-soft-success 
waves-effect waves-light" data-key="notifications.view_all">View all</a>\n     
               </div>\n                    <div class="text-center">\n         
               <button type="button" class="btn btn-soft-primary" 
id="notifications-load-more" data-key="notifications.load_more" 
style="display: none;">Load more</button>\n                    </div>\n        
        </div>\n            </div>\n        </div>\n\n        <div 
class="notification-actions p-2 border-top">\n            <div class="d-flex 
justify-content-between align-items-center">\n                <button 
type="button" class="btn btn-link p-0" id="notifications-mark-all" 
data-key="notifications.mark_all_read">Mark all as read</button>\n            
</div>\n        </div>\n    </div>\n</div>\n                        \n\n       
                 \n\n                        <div class="dropdown ms-sm-3 
header-item topbar-user">\n                            \n                      
      <div>\n                    <span class="d-flex align-items-center">\n    
                    \n                            \n                           
     <a href="/acounts/perfil/">\n                                    <img 
class="rounded-circle" src="/media/avatares/default.jpg" alt="Avatar" 
style="max-width: 2em; margin-right: 10px;">\n                                
</a>\n                            \n                            <span 
class="text-start ms-xl-2">\n                                <span 
class="d-none d-xl-inline-block ms-1 fw-medium user-name-text">\n              
                      staff\n                                </span>           
     \n                                \n                                <!-- 
Bot\xc3\xb3n para salir -->\n                                <a 
href="/acounts/logout/" class="btn btn-primary ms-2">\n                        
            Salir\n                                </a>\n                      
      </span>\n                        \n                    
</span>\n\n</div>\n\n\n                            <div class="dropdown-menu 
dropdown-menu-end">\n                                <!-- item-->\n            
                    <h6 class="dropdown-header">Welcome Anna!</h6>\n           
                     \n                                \n                      
              \n                                        <a 
class="dropdown-item" href="/">\n                                            
<i class="mdi mdi-key text-muted fs-16 align-middle me-1"></i> \n              
                              <span class="align-middle" 
data-key="t-change-password">Change Password</span>\n                          
              </a>\n                                    \n                     
                   <a class="dropdown-item" href="/acounts/logout/">\n         
                                   <i class="mdi mdi-logout text-muted fs-16 
align-middle me-1"></i> \n                                            <span 
class="align-middle" data-key="t-logout">Logout</span>\n                       
                 </a>\n                                \n                      
      </div>\n                        </div>\n                        \n       
             </div>\n                </div>\n            </div>\n        
</header>\n        <!-- removeNotificationModal -->\n        <div 
id="removeNotificationModal" class="modal fade zoomIn" tabindex="-1" 
aria-hidden="true">\n            <div class="modal-dialog 
modal-dialog-centered">\n                <div class="modal-content">\n         
           <div class="modal-header">\n                        <button 
type="button" class="btn-close" data-bs-dismiss="modal" aria-label="Close" 
id="NotificationModalbtn-close"></button>\n                    </div>\n        
            <div class="modal-body">\n                        <div class="mt-2 
text-center">\n                            <lord-icon 
src="https://cdn.lordicon.com/gsqxdxog.json" trigger="loop" 
colors="primary:#f7b84b,secondary:#f06548" 
style="width:100px;height:100px"></lord-icon>\n                            
<div class="mt-4 pt-2 fs-15 mx-4 mx-sm-5">\n                                
<h4>Are you sure ?</h4>\n                                <p class="text-muted 
mx-4 mb-0">Are you sure you want to remove this Notification ?</p>\n           
                 </div>\n                        </div>\n                      
  <div class="d-flex gap-2 justify-content-center mt-4 mb-2">\n                
            <button type="button" class="btn w-sm btn-light" 
data-bs-dismiss="modal">Close</button>\n                            <button 
type="button" class="btn w-sm btn-danger" id="delete-notification">Yes, Delete 
It!</button>\n                        </div>\n                    </div>\n\n   
             </div><!-- /.modal-content -->\n            </div><!-- 
/.modal-dialog -->\n        </div><!-- /.modal -->\n\n    \n\n    \n      
\n\n\n\n<!-- \xe2\x9a\xa0\xef\xb8\x8f TODO: Todos los textos visibles deben 
tener data-key para i18n -->\n<!-- ========== App Menu ========== -->\n<div 
class="app-menu navbar-menu">\n    <!-- LOGO -->\n    <div 
class="navbar-brand-box">\n        <!-- Dark Logo-->\n        <a href="/" 
class="logo logo-dark">\n            <span class="logo-sm">\n                
<img src="/static/images/logo-sm.png" alt="" height="22">\n            
</span>\n            <span class="logo-lg">\n                <img 
src="/static/images/logo-dark.png" alt="" height="17">\n            </span>\n  
      </a>\n        <!-- Light Logo-->\n        <a href="/" class="logo 
logo-light">\n            <span class="logo-sm">\n                <img 
src="/static/images/logo-sm.png" alt="" height="22">\n            </span>\n    
        <span class="logo-lg">\n                <img 
src="/static/images/logo-light.png" alt="" height="17">\n            </span>\n 
       </a>\n        <button type="button" class="btn btn-sm p-0 fs-20 
header-item float-end btn-vertical-sm-hover" id="vertical-hover">\n            
<i class="ri-record-circle-line"></i>\n        </button>\n    </div>\n\n    
<div id="scrollbar">\n        <div class="container-fluid">\n\n            
<div id="two-column-menu"></div>\n            <ul class="navbar-nav" 
id="navbar-nav">\n\n                <!-- Menu Antiguo -->\n                <li 
class="menu-title"><i class="ri-more-fill"></i> <span 
data-key="menu.old">Men\xc3\xba Antiguo</span></li>\n\n                <!-- 
Men\xc3\xba Biblioteca Digital -->\n                <li class="nav-item">\n    
                <a class="nav-link menu-link" href="#sidebarBiblioteca" 
data-bs-toggle="collapse" role="button" aria-expanded="false" 
aria-controls="sidebarBiblioteca">\n                        <i 
class="ri-folder-open-line"></i> <span data-key="menu.library">Biblioteca 
Digital</span>\n                    </a>\n                    <div 
class="collapse menu-dropdown" id="sidebarBiblioteca">\n                       
 <ul class="nav nav-sm flex-column">\n                            <li 
class="nav-item">\n                                <a 
href="/ingresar_propietario/" class="nav-link" 
data-key="menu.library.add_owner">Ingresar Propietario</a>\n                   
         </li>\n                            <li class="nav-item">\n            
                    <a href="/ingresar_propiedad/" class="nav-link" 
data-key="menu.library.add_property">Ingresar Propiedad</a>\n                  
          </li>\n                            <li class="nav-item">\n           
                     <a href="/crear_tipo_documento/" class="nav-link" 
data-key="menu.library.add_document_type">Ingresar Tipo Documento</a>\n        
                    </li>\n                            <li class="nav-item">\n 
                               <a href="/listar_propietarios/" 
class="nav-link" data-key="menu.library.list_owners">Listado de 
Propietarios</a>\n                            </li>\n                          
  <li class="nav-item">\n                                <a href="/" 
class="nav-link" data-key="menu.library.list_properties">Listado de 
Propiedades</a>\n                            </li>\n                           
 <li class="nav-item">\n                                <a 
href="/listar_tipos_documentos/" class="nav-link" 
data-key="menu.library.list_document_types">Listado de Tipos de 
Documentos</a>\n                            </li>\n                            
<li class="nav-item">\n                                <a 
href="/documentos/listado/" class="nav-link" 
data-key="menu.library.list_documents">Listado General de Documentos</a>\n     
                       </li>\n                        </ul>\n                  
  </div>\n                </li>\n\n                <li class="nav-item">\n     
               <a class="nav-link menu-link" href="#sidebarEvaluaciones" 
data-bs-toggle="collapse" role="button" aria-expanded="false" 
aria-controls="sidebarEvaluaciones">\n                        <i 
class="ri-file-list-3-line"></i> <span 
data-key="menu.evaluations">Evaluaciones</span>\n                    </a>\n    
                <div class="collapse menu-dropdown" 
id="sidebarEvaluaciones">\n                        <ul class="nav nav-sm 
flex-column">\n                            <li class="nav-item">\n             
                   \n                                <a 
href="/evaluaciones/importar-personas/" class="nav-link"><span 
data-key="menu.evaluations.import_people">Importar Personas</span></a>\n       
                         \n                            </li>\n                 
       </ul>\n                    </div>\n                </li>\n\n            
    \n\n                \n                \n                \n\n               
 <!-- Men\xc3\xba Cuentas -->\n                <li class="nav-item">\n         
           <a class="nav-link menu-link" href="#sidebarCuentaUsuario" 
data-bs-toggle="collapse" role="button" aria-expanded="false" 
aria-controls="sidebarCuentaUsuario">\n                        <i 
class="ri-user-settings-line"></i> <span data-key="menu.user_account">Cuenta 
de Usuario</span>\n                    </a>\n                    <div 
class="collapse menu-dropdown" id="sidebarCuentaUsuario">\n                    
    <ul class="nav nav-sm flex-column">\n                            <li 
class="nav-item">\n                                <a href="/acounts/perfil/" 
class="nav-link"><span data-key="menu.user_account.edit_profile">Editar 
Perfil</span></a>\n                            </li>\n                         
   <li class="nav-item">\n                                <a 
href="/acounts/cambiar-password/" class="nav-link"><span 
data-key="menu.user_account.change_password">Cambiar 
Contrase\xc3\xb1a</span></a>\n                            </li>\n              
              <li class="nav-item">\n                                <a 
href="/settings/configurar-email/" class="nav-link"><span 
data-key="menu.user_account.email_settings">Configurar Correo</span></a>\n     
                       </li>\n                        </ul>\n                  
  </div>\n                </li>\n\n                \n                \n\n      
          \n                <!-- Men\xc3\xba Notificaciones -->\n              
  <li class="nav-item">\n                    <a class="nav-link menu-link" 
href="#sidebarNotificaciones" data-bs-toggle="collapse" role="button" 
aria-expanded="false" aria-controls="sidebarNotificaciones">\n                 
       <i class="ri-notification-3-line"></i> <span 
data-key="menu.notifications">Notificaciones</span>\n                    
</a>\n                    <div class="collapse menu-dropdown" 
id="sidebarNotificaciones">\n                        <ul class="nav nav-sm 
flex-column">\n                            <li class="nav-item">\n             
                   <a href="/notificaciones/mis-notificaciones/" 
class="nav-link d-flex align-items-center justify-content-between">\n          
                          <span 
data-key="menu.notifications">Notificaciones</span>\n                          
          \n                                </a>\n                            
</li>\n                            <li class="nav-item">\n                     
           <a href="/notificaciones/centro/" class="nav-link d-flex 
align-items-center justify-content-between">\n                                 
   <span data-key="menu.notifications.center">Centro de Alertas</span>\n       
                             \n                                </a>\n          
                  </li>\n                            \n                        
    <li class="nav-item">\n                                <a 
href="/notificaciones/forzar/" class="nav-link" 
data-key="menu.notifications.force">Enviar notificaciones forzadas</a>\n       
                     </li>\n                            <li 
class="nav-item">\n                                <a 
href="/notificaciones/alerta-personalizada/" class="nav-link" 
data-key="menu.notifications.custom">Alerta personalizada</a>\n                
            </li>\n                            \n                        
</ul>\n                    </div>\n                </li>\n                \n\n 
               \n                <!-- Men\xc3\xba Control de Acceso -->\n      
          <li class="nav-item">\n                    <a class="nav-link 
menu-link" href="#sidebarControlAcceso" data-bs-toggle="collapse" 
role="button" aria-expanded="false" aria-controls="sidebarControlAcceso">\n    
                    <i class="ri-lock-line"></i> <span 
data-key="menu.access_control">Control de Acceso</span>\n                    
</a>\n                    <div class="collapse menu-dropdown" 
id="sidebarControlAcceso">\n                        <ul class="nav nav-sm 
flex-column">\n                            <li class="nav-item">\n             
                   <a href="/access-control/usuarios/invitar/" 
class="nav-link"><span data-key="menu.access_control.invite_user">Invitar 
Usuario</span></a>\n                            </li>\n                        
    <li class="nav-item">\n                                <a 
href="/access-control/invitaciones/" class="nav-link"><span 
data-key="menu.access_control.invitations">Gesti\xc3\xb3n de 
Invitaciones</span></a>\n                            </li>\n                   
         <li class="nav-item">\n                                <a 
href="/access-control/usuarios/" class="nav-link"><span 
data-key="menu.access_control.user_management">Gesti\xc3\xb3n de 
Usuarios</span></a>\n                            </li>\n                       
     <li class="nav-item">\n                                <a 
href="/access-control/empresas/" class="nav-link"><span 
data-key="menu.access_control.company_management">Gesti\xc3\xb3n de 
Empresas</span></a>\n                            </li>\n                       
     <li class="nav-item">\n                                <a 
href="/access-control/vistas/" class="nav-link"><span 
data-key="menu.access_control.view_management">Gesti\xc3\xb3n de 
Vistas</span></a>\n                            </li>\n                         
   <li class="nav-item">\n                                <a 
href="/access-control/permisos/" class="nav-link"><span 
data-key="menu.access_control.permission_management">Gesti\xc3\xb3n de 
Permisos</span></a>\n                            </li>\n                       
     <li class="nav-item">\n                                <a 
href="/access-control/permisos-filtrados/" class="nav-link"><span 
data-key="menu.access_control.filter_permissions">Filtrar 
Permisos</span></a>\n                            </li>\n                       
 </ul>\n                    </div>\n                </li>\n\n                
<li class="nav-item">\n                    <a class="nav-link menu-link" 
href="#sidebarSettings" data-bs-toggle="collapse" role="button" 
aria-expanded="false" aria-controls="sidebarSettings">\n                       
 <i class="ri-settings-3-line"></i> <span 
data-key="menu.settings">Settings</span>\n                    </a>\n           
         <div class="collapse menu-dropdown" id="sidebarSettings">\n           
             <ul class="nav nav-sm flex-column">\n                            
<li class="nav-item">\n                                <a 
href="/access-control/settings/system/" class="nav-link" 
data-key="menu.settings.system_config">System Config</a>\n                     
       </li>\n                            <li class="nav-item">\n              
                  <a href="/access-control/settings/company/" class="nav-link" 
data-key="menu.settings.company_settings">Company Settings</a>\n               
             </li>\n                            <li class="nav-item">\n        
                        <a href="/access-control/settings/email-accounts/" 
class="nav-link" data-key="menu.settings.email_accounts">Email Accounts</a>\n  
                          </li>\n                        </ul>\n               
     </div>\n                </li>\n                \n\n            </ul>\n    
    </div>\n        <!-- Sidebar -->\n    </div>\n    <div 
class="sidebar-background"></div>\n</div>\n<!-- Left Sidebar End -->\n\n<!-- 
Vertical Overlay-->\n<div class="vertical-overlay"></div>\n\n\n    \n\n    
\n<div class="main-content">\n    <div class="page-content">\n        <div 
class="container-fluid">\n            <div class="row">\n                <div 
class="col-12">\n                    <h1 class="mb-2" 
data-key="notifications.force.title">Enviar notificaciones forzadas</h1>\n     
               <p class="text-muted" 
data-key="notifications.force.subtitle">Generar notificaciones demo para 
validar UI</p>\n\n                    \n                        <div 
class="alert alert-danger" role="alert" data-key="notifications.force.error.no_
permissions_in_target_company">Error</div>\n                    \n\n           
         \n\n                    \n\n                    <form method="get" 
class="row g-3 mb-4">\n                        <div class="col-12 col-md-6">\n 
                           <label for="empresa_objetivo_id" class="form-label" 
data-key="notifications.force.company.label">Empresa objetivo</label>\n        
                    <select id="empresa_objetivo_id" 
name="empresa_objetivo_id" class="form-select" 
onchange="this.form.submit()">\n                                <option 
value="" data-key="notifications.force.company.placeholder">Seleccione 
empresa</option>\n                                \n                           
         <option value="1" selected>01 - Empresa A</option>\n                  
              \n                            </select>\n                        
</div>\n                    </form>\n\n                    <form method="post" 
class="row g-3">\n                        <input type="hidden" 
name="csrfmiddlewaretoken" 
value="QeknLD8aS3j5pG9lXzSDxlzNzgBusI1DYJRKLla7xiFX9pZxhw619kKg4fwqeSeA">\n    
                    <input type="hidden" name="empresa_objetivo_id" 
value="1">\n                        <div class="col-12 col-md-6">\n            
                <label for="destinatario_id" class="form-label" 
data-key="notifications.force.recipient.label">Destinatario</label>\n          
                  <select id="destinatario_id" name="destinatario_id" 
class="form-select" >\n                                \n                      
              \n                                        <option value="2" 
>staff</option>\n                                    \n                        
        \n                            </select>\n                        
</div>\n                        <div class="col-12 col-md-3">\n                
            <label for="cantidad" class="form-label" 
data-key="notifications.force.quantity.label">Cantidad por tipo</label>\n      
                      <input id="cantidad" name="cantidad" type="number" 
class="form-control" min="1" max="50" value="2">\n                        
</div>\n                        <div class="col-12 col-md-3 d-flex 
align-items-end">\n                            <div class="form-check">\n      
                          <input class="form-check-input" type="checkbox" 
id="force_membership" name="force_membership" >\n                              
  <label class="form-check-label" for="force_membership" 
data-key="notifications.force.force_membership.label">Crear membership si 
falta</label>\n                            </div>\n                        
</div>\n                        <div class="col-12">\n                         
   <button type="submit" class="btn btn-primary" 
data-key="notifications.force.submit" >Generar</button>\n                      
  </div>\n                    </form>\n                </div>\n            
</div>\n        </div>\n    </div>\n</div>\n\n  </div>\n\n  \n\n  <!-- Modal 
Cambiar Empresa -->\n  <div class="modal fade" id="cambiarEmpresaModal" 
tabindex="-1" aria-labelledby="cambiarEmpresaLabel" aria-hidden="true">\n    
<div class="modal-dialog">\n      <div class="modal-content">\n        <form 
method="POST" action="/access-control/seleccionar_empresa/">\n          <input 
type="hidden" name="csrfmiddlewaretoken" 
value="QeknLD8aS3j5pG9lXzSDxlzNzgBusI1DYJRKLla7xiFX9pZxhw619kKg4fwqeSeA">\n    
      <div class="modal-header">\n            <h5 class="modal-title" 
id="cambiarEmpresaLabel" data-key="modal.select_company">Seleccionar 
Empresa</h5>\n            <button type="button" class="btn-close" 
data-bs-dismiss="modal" aria-label="Close"></button>\n          </div>\n       
   <div class="modal-body">\n            <div class="form-group">\n            
  <label for="empresa_id" data-key="modal.available_companies">Empresas 
Disponibles</label>\n              <select class="form-control" 
id="empresa_id" name="empresa_id">\n                \n                  
<option value="1">01 - Empresa A</option>\n                \n              
</select>\n            </div>\n          </div>\n          <div 
class="modal-footer">\n            <button type="submit" class="btn 
btn-primary" data-key="modal.change">Cambiar</button>\n          </div>\n      
  </form>\n      </div>\n    </div>\n  </div>\n\n  \n    \n\n<!--start 
back-to-top-->\n<button class="btn btn-danger btn-icon" id="back-to-top" 
onclick="topFunction()">\n    <i 
class="ri-arrow-up-line"></i>\n</button>\n<!--end 
back-to-top-->\n<!--preloader-->\n<div id="preloader">\n    <div 
id="status">\n        <div class="spinner-border text-primary avatar-sm" 
role="status">\n            <span class="visually-hidden" 
data-key="loading">Loading...</span>\n        </div>\n    </div>\n</div>\n<div 
class="customizer-setting d-none d-md-block">\n    <div 
aria-controls="theme-settings-offcanvas" class="btn-info rounded-pill 
shadow-lg btn btn-icon btn-lg p-2"\n        
data-bs-target="#theme-settings-offcanvas" data-bs-toggle="offcanvas">\n       
 <i class="mdi mdi-spin mdi-cog-outline fs-22"></i>\n    </div>\n</div>\n<!-- 
Theme Settings -->\n<div class="offcanvas offcanvas-end border-0" 
id="theme-settings-offcanvas" tabindex="-1">\n    <div class="d-flex 
align-items-center bg-primary bg-gradient p-3 offcanvas-header">\n        <h5 
class="m-0 me-2 text-white" data-key="theme_customizer">Theme 
Customizer</h5>\n        <button aria-label="Close" class="btn-close 
btn-close-white ms-auto" data-bs-dismiss="offcanvas"\n            
id="customizerclose-btn" type="button"></button>\n    </div>\n    <div 
class="offcanvas-body p-0">\n        <div class="h-100" data-simplebar="">\n   
         <div class="p-4">\n                <h6 class="mb-0 fw-semibold 
text-uppercase" data-key="layout">Layout</h6>\n                <p 
class="text-muted" data-key="choose_your_layout">Choose your layout</p>\n      
          <div class="row gy-3">\n                    <div class="col-4">\n    
                    <div class="form-check card-radio">\n                      
      <input class="form-check-input" id="customizer-layout01" 
name="data-layout" type="radio"\n                                
value="vertical" />\n                            <label 
class="form-check-label p-0 avatar-md w-100" for="customizer-layout01">\n      
                          <span class="d-flex gap-1 h-100">\n                  
                  <span class="flex-shrink-0">\n                               
         <span class="bg-light d-flex h-100 flex-column gap-1 p-1">\n          
                                  <span class="d-block p-1 px-2 
bg-primary-subtle rounded mb-2"></span>\n                                      
      <span class="d-block p-1 px-2 pb-0 bg-primary-subtle"></span>\n          
                                  <span class="d-block p-1 px-2 pb-0 
bg-primary-subtle"></span>\n                                            <span 
class="d-block p-1 px-2 pb-0 bg-primary-subtle"></span>\n                      
                  </span>\n                                    </span>\n       
                             <span class="flex-grow-1">\n                      
                  <span class="d-flex h-100 flex-column">\n                    
                        <span class="bg-light d-block p-1"></span>\n           
                                 <span class="bg-light d-block p-1 
mt-auto"></span>\n                                        </span>\n            
                        </span>\n                                </span>\n     
                       </label>\n                        </div>\n              
          <h5 class="fs-13 text-center mt-2" 
data-key="vertical">Vertical</h5>\n                    </div>\n                
    <div class="col-4">\n                        <div class="form-check 
card-radio">\n                            <input class="form-check-input" 
id="customizer-layout02" name="data-layout" type="radio"\n                     
           value="horizontal" />\n                            <label 
class="form-check-label p-0 avatar-md w-100" for="customizer-layout02">\n      
                          <span class="d-flex h-100 flex-column gap-1">\n      
                              <span class="bg-light d-flex p-1 gap-1 
align-items-center">\n                                        <span 
class="d-block p-1 bg-primary-subtle rounded me-1"></span>\n                   
                     <span class="d-block p-1 pb-0 px-2 bg-primary-subtle 
ms-auto"></span>\n                                        <span class="d-block 
p-1 pb-0 px-2 bg-primary-subtle"></span>\n                                    
</span>\n                                    <span class="bg-light d-block 
p-1"></span>\n                                    <span class="bg-light 
d-block p-1 mt-auto"></span>\n                                </span>\n        
                    </label>\n                        </div>\n                 
       <h5 class="fs-13 text-center mt-2" 
data-key="horizontal">Horizontal</h5>\n                    </div>\n            
        <div class="col-4">\n                        <div class="form-check 
card-radio">\n                            <input class="form-check-input" 
id="customizer-layout03" name="data-layout" type="radio"\n                     
           value="twocolumn" />\n                            <label 
class="form-check-label p-0 avatar-md w-100" for="customizer-layout03">\n      
                          <span class="d-flex gap-1 h-100">\n                  
                  <span class="flex-shrink-0">\n                               
         <span class="bg-light d-flex h-100 flex-column gap-1">\n              
                              <span class="d-block p-1 bg-primary-subtle 
mb-2"></span>\n                                            <span 
class="d-block p-1 pb-0 bg-primary-subtle"></span>\n                           
                 <span class="d-block p-1 pb-0 bg-primary-subtle"></span>\n    
                                        <span class="d-block p-1 pb-0 
bg-primary-subtle"></span>\n                                        </span>\n  
                                  </span>\n                                    
<span class="flex-shrink-0">\n                                        <span 
class="bg-light d-flex h-100 flex-column gap-1 p-1">\n                         
                   <span class="d-block p-1 px-2 pb-0 
bg-primary-subtle"></span>\n                                            <span 
class="d-block p-1 px-2 pb-0 bg-primary-subtle"></span>\n                      
                      <span class="d-block p-1 px-2 pb-0 
bg-primary-subtle"></span>\n                                            <span 
class="d-block p-1 px-2 pb-0 bg-primary-subtle"></span>\n                      
                  </span>\n                                    </span>\n       
                             <span class="flex-grow-1">\n                      
                  <span class="d-flex h-100 flex-column">\n                    
                        <span class="bg-light d-block p-1"></span>\n           
                                 <span class="bg-light d-block p-1 
mt-auto"></span>\n                                        </span>\n            
                        </span>\n                                </span>\n     
                       </label>\n                        </div>\n              
          <h5 class="fs-13 text-center mt-2" data-key="two_column">Two 
Column</h5>\n                    </div>\n                    <!-- end col 
-->\n                    <div class="col-4">\n                        <div 
class="form-check card-radio">\n                            <input 
class="form-check-input" id="customizer-layout04" name="data-layout" 
type="radio"\n                                value="semibox" />\n             
               <label class="form-check-label p-0 avatar-md w-100" 
for="customizer-layout04">\n                                <span 
class="d-flex gap-1 h-100">\n                                    <span 
class="flex-shrink-0 p-1">\n                                        <span 
class="bg-light d-flex h-100 flex-column gap-1 p-1">\n                         
                   <span class="d-block p-1 px-2 bg-primary-subtle rounded 
mb-2"></span>\n                                            <span 
class="d-block p-1 px-2 pb-0 bg-primary-subtle"></span>\n                      
                      <span class="d-block p-1 px-2 pb-0 
bg-primary-subtle"></span>\n                                            <span 
class="d-block p-1 px-2 pb-0 bg-primary-subtle"></span>\n                      
                  </span>\n                                    </span>\n       
                             <span class="flex-grow-1">\n                      
                  <span class="d-flex h-100 flex-column pt-1 pe-2">\n          
                                  <span class="bg-light d-block p-1"></span>\n 
                                           <span class="bg-light d-block p-1 
mt-auto"></span>\n                                        </span>\n            
                        </span>\n                                </span>\n     
                       </label>\n                        </div>\n              
          <h5 class="fs-13 text-center mt-2" data-key="semi_box">Semi 
Box</h5>\n                    </div>\n                    <!-- end col -->\n   
             </div>\n                <h6 class="mt-4 mb-0 fw-semibold 
text-uppercase" data-key="color_scheme">Color Scheme</h6>\n                <p 
class="text-muted" data-key="choose_light_or_dark_scheme">Choose Light or Dark 
Scheme.</p>\n                <div class="colorscheme-cardradio">\n             
       <div class="row">\n                        <div class="col-4">\n        
                    <div class="form-check card-radio">\n                      
          <input class="form-check-input" id="layout-mode-light" 
name="data-bs-theme" type="radio"\n                                    
value="light" />\n                                <label 
class="form-check-label p-0 avatar-md w-100" for="layout-mode-light">\n        
                            <span class="d-flex gap-1 h-100">\n                
                        <span class="flex-shrink-0">\n                         
                   <span class="bg-light d-flex h-100 flex-column gap-1 
p-1">\n                                                <span class="d-block 
p-1 px-2 bg-primary-subtle rounded mb-2"></span>\n                             
                   <span class="d-block p-1 px-2 pb-0 
bg-primary-subtle"></span>\n                                                
<span class="d-block p-1 px-2 pb-0 bg-primary-subtle"></span>\n                
                                <span class="d-block p-1 px-2 pb-0 
bg-primary-subtle"></span>\n                                            
</span>\n                                        </span>\n                     
                   <span class="flex-grow-1">\n                                
            <span class="d-flex h-100 flex-column">\n                          
                      <span class="bg-light d-block p-1"></span>\n             
                                   <span class="bg-light d-block p-1 
mt-auto"></span>\n                                            </span>\n        
                                </span>\n                                    
</span>\n                                </label>\n                            
</div>\n                            <h5 class="fs-13 text-center mt-2" 
data-key="light">Light</h5>\n                        </div>\n                  
      <div class="col-4">\n                            <div class="form-check 
card-radio dark">\n                                <input 
class="form-check-input" id="layout-mode-dark" name="data-bs-theme" 
type="radio"\n                                    value="dark" />\n            
                    <label class="form-check-label p-0 avatar-md w-100 
bg-dark" for="layout-mode-dark">\n                                    <span 
class="d-flex gap-1 h-100">\n                                        <span 
class="flex-shrink-0">\n                                            <span 
class="bg-white bg-opacity-10 d-flex h-100 flex-column gap-1 p-1">\n           
                                     <span\n                                   
                 class="d-block p-1 px-2 bg-white bg-opacity-10 rounded 
mb-2"></span>\n                                                <span 
class="d-block p-1 px-2 pb-0 bg-white bg-opacity-10"></span>\n                 
                               <span class="d-block p-1 px-2 pb-0 bg-white 
bg-opacity-10"></span>\n                                                <span 
class="d-block p-1 px-2 pb-0 bg-white bg-opacity-10"></span>\n                 
                           </span>\n                                        
</span>\n                                        <span class="flex-grow-1">\n  
                                          <span class="d-flex h-100 
flex-column">\n                                                <span 
class="bg-white bg-opacity-10 d-block p-1"></span>\n                           
                     <span class="bg-white bg-opacity-10 d-block p-1 
mt-auto"></span>\n                                            </span>\n        
                                </span>\n                                    
</span>\n                                </label>\n                            
</div>\n                            <h5 class="fs-13 text-center mt-2" 
data-key="dark">Dark</h5>\n                        </div>\n                    
</div>\n                </div>\n                <div 
id="sidebar-visibility">\n                    <h6 class="mt-4 mb-0 fw-semibold 
text-uppercase" data-key="sidebar_visibility">Sidebar Visibility\n             
       </h6>\n                    <p class="text-muted" 
data-key="choose_show_or_hidden_sidebar">Choose show or Hidden sidebar.</p>\n  
                  <div class="row">\n                        <div 
class="col-4">\n                            <div class="form-check 
card-radio">\n                                <input class="form-check-input" 
id="sidebar-visibility-show"\n                                    
name="data-sidebar-visibility" type="radio" value="show" />\n                  
              <label class="form-check-label p-0 avatar-md w-100" 
for="sidebar-visibility-show">\n                                    <span 
class="d-flex gap-1 h-100">\n                                        <span 
class="flex-shrink-0 p-1">\n                                            <span 
class="bg-light d-flex h-100 flex-column gap-1 p-1">\n                         
                       <span class="d-block p-1 px-2 bg-primary-subtle rounded 
mb-2"></span>\n                                                <span 
class="d-block p-1 px-2 pb-0 bg-primary-subtle"></span>\n                      
                          <span class="d-block p-1 px-2 pb-0 
bg-primary-subtle"></span>\n                                                
<span class="d-block p-1 px-2 pb-0 bg-primary-subtle"></span>\n                
                            </span>\n                                        
</span>\n                                        <span class="flex-grow-1">\n  
                                          <span class="d-flex h-100 
flex-column pt-1 pe-2">\n                                                <span 
class="bg-light d-block p-1"></span>\n                                         
       <span class="bg-light d-block p-1 mt-auto"></span>\n                    
                        </span>\n                                        
</span>\n                                    </span>\n                         
       </label>\n                            </div>\n                          
  <h5 class="fs-13 text-center mt-2" data-key="show">Show</h5>\n               
         </div>\n                        <div class="col-4">\n                 
           <div class="form-check card-radio">\n                               
 <input class="form-check-input" id="sidebar-visibility-hidden"\n              
                      name="data-sidebar-visibility" type="radio" 
value="hidden" />\n                                <label 
class="form-check-label p-0 avatar-md w-100 px-2"\n                            
        for="sidebar-visibility-hidden">\n                                    
<span class="d-flex gap-1 h-100">\n                                        
<span class="flex-grow-1">\n                                            <span 
class="d-flex h-100 flex-column pt-1 px-2">\n                                  
              <span class="bg-light d-block p-1"></span>\n                     
                           <span class="bg-light d-block p-1 
mt-auto"></span>\n                                            </span>\n        
                                </span>\n                                    
</span>\n                                </label>\n                            
</div>\n                            <h5 class="fs-13 text-center mt-2" 
data-key="hidden">Hidden</h5>\n                        </div>\n                
    </div>\n                </div>\n                <div id="layout-width">\n  
                  <h6 class="mt-4 mb-0 fw-semibold text-uppercase" 
data-key="layout_width">Layout Width</h6>\n                    <p 
class="text-muted" data-key="choose_fluid_or_boxed_layout">Choose Fluid or 
Boxed layout.</p>\n                    <div class="row">\n                     
   <div class="col-4">\n                            <div class="form-check 
card-radio">\n                                <input class="form-check-input" 
id="layout-width-fluid" name="data-layout-width"\n                             
       type="radio" value="fluid" />\n                                <label 
class="form-check-label p-0 avatar-md w-100" for="layout-width-fluid">\n       
                             <span class="d-flex gap-1 h-100">\n               
                         <span class="flex-shrink-0">\n                        
                    <span class="bg-light d-flex h-100 flex-column gap-1 
p-1">\n                                                <span class="d-block 
p-1 px-2 bg-primary-subtle rounded mb-2"></span>\n                             
                   <span class="d-block p-1 px-2 pb-0 
bg-primary-subtle"></span>\n                                                
<span class="d-block p-1 px-2 pb-0 bg-primary-subtle"></span>\n                
                                <span class="d-block p-1 px-2 pb-0 
bg-primary-subtle"></span>\n                                            
</span>\n                                        </span>\n                     
                   <span class="flex-grow-1">\n                                
            <span class="d-flex h-100 flex-column">\n                          
                      <span class="bg-light d-block p-1"></span>\n             
                                   <span class="bg-light d-block p-1 
mt-auto"></span>\n                                            </span>\n        
                                </span>\n                                    
</span>\n                                </label>\n                            
</div>\n                            <h5 class="fs-13 text-center mt-2" 
data-key="fluid">Fluid</h5>\n                        </div>\n                  
      <div class="col-4">\n                            <div class="form-check 
card-radio">\n                                <input class="form-check-input" 
id="layout-width-boxed" name="data-layout-width"\n                             
       type="radio" value="boxed" />\n                                <label 
class="form-check-label p-0 avatar-md w-100 px-2" for="layout-width-boxed">\n  
                                  <span class="d-flex gap-1 h-100 border-start 
border-end">\n                                        <span 
class="flex-shrink-0">\n                                            <span 
class="bg-light d-flex h-100 flex-column gap-1 p-1">\n                         
                       <span class="d-block p-1 px-2 bg-primary-subtle rounded 
mb-2"></span>\n                                                <span 
class="d-block p-1 px-2 pb-0 bg-primary-subtle"></span>\n                      
                          <span class="d-block p-1 px-2 pb-0 
bg-primary-subtle"></span>\n                                                
<span class="d-block p-1 px-2 pb-0 bg-primary-subtle"></span>\n                
                            </span>\n                                        
</span>\n                                        <span class="flex-grow-1">\n  
                                          <span class="d-flex h-100 
flex-column">\n                                                <span 
class="bg-light d-block p-1"></span>\n                                         
       <span class="bg-light d-block p-1 mt-auto"></span>\n                    
                        </span>\n                                        
</span>\n                                    </span>\n                         
       </label>\n                            </div>\n                          
  <h5 class="fs-13 text-center mt-2" data-key="boxed">Boxed</h5>\n             
           </div>\n                    </div>\n                </div>\n        
        <div id="layout-position">\n                    <h6 class="mt-4 mb-0 
fw-semibold text-uppercase" data-key="layout_position">Layout Position</h6>\n  
                  <p class="text-muted" 
data-key="choose_fixed_or_scrollable_layout_position">Choose Fixed or\n        
                Scrollable Layout Position.</p>\n                    <div 
class="btn-group radio" role="group">\n                        <input 
class="btn-check" id="layout-position-fixed" name="data-layout-position" 
type="radio"\n                            value="fixed" />\n                   
     <label class="btn btn-light w-sm" data-key="fixed" 
for="layout-position-fixed">Fixed</label>\n                        <input 
class="btn-check" id="layout-position-scrollable" 
name="data-layout-position"\n                            type="radio" 
value="scrollable" />\n                        <label class="btn btn-light 
w-sm ms-0" data-key="scrollable"\n                            
for="layout-position-scrollable">Scrollable</label>\n                    
</div>\n                </div>\n                <h6 class="mt-4 mb-0 
fw-semibold text-uppercase" data-key="topbar_color">Topbar Color</h6>\n        
        <p class="text-muted" 
data-key="choose_light_or_dark_topbar_color">Choose Light or Dark Topbar 
Color.\n                </p>\n                <div class="row">\n              
      <div class="col-4">\n                        <div class="form-check 
card-radio">\n                            <input class="form-check-input" 
id="topbar-color-light" name="data-topbar" type="radio"\n                      
          value="light" />\n                            <label 
class="form-check-label p-0 avatar-md w-100" for="topbar-color-light">\n       
                         <span class="d-flex gap-1 h-100">\n                   
                 <span class="flex-shrink-0">\n                                
        <span class="bg-light d-flex h-100 flex-column gap-1 p-1">\n           
                                 <span class="d-block p-1 px-2 
bg-primary-subtle rounded mb-2"></span>\n                                      
      <span class="d-block p-1 px-2 pb-0 bg-primary-subtle"></span>\n          
                                  <span class="d-block p-1 px-2 pb-0 
bg-primary-subtle"></span>\n                                            <span 
class="d-block p-1 px-2 pb-0 bg-primary-subtle"></span>\n                      
                  </span>\n                                    </span>\n       
                             <span class="flex-grow-1">\n                      
                  <span class="d-flex h-100 flex-column">\n                    
                        <span class="bg-light d-block p-1"></span>\n           
                                 <span class="bg-light d-block p-1 
mt-auto"></span>\n                                        </span>\n            
                        </span>\n                                </span>\n     
                       </label>\n                        </div>\n              
          <h5 class="fs-13 text-center mt-2" data-key="light">Light</h5>\n     
               </div>\n                    <div class="col-4">\n               
         <div class="form-check card-radio">\n                            
<input class="form-check-input" id="topbar-color-dark" name="data-topbar" 
type="radio"\n                                value="dark" />\n                
            <label class="form-check-label p-0 avatar-md w-100" 
for="topbar-color-dark">\n                                <span class="d-flex 
gap-1 h-100">\n                                    <span 
class="flex-shrink-0">\n                                        <span 
class="bg-light d-flex h-100 flex-column gap-1 p-1">\n                         
                   <span class="d-block p-1 px-2 bg-primary-subtle rounded 
mb-2"></span>\n                                            <span 
class="d-block p-1 px-2 pb-0 bg-primary-subtle"></span>\n                      
                      <span class="d-block p-1 px-2 pb-0 
bg-primary-subtle"></span>\n                                            <span 
class="d-block p-1 px-2 pb-0 bg-primary-subtle"></span>\n                      
                  </span>\n                                    </span>\n       
                             <span class="flex-grow-1">\n                      
                  <span class="d-flex h-100 flex-column">\n                    
                        <span class="bg-primary d-block p-1"></span>\n         
                                   <span class="bg-light d-block p-1 
mt-auto"></span>\n                                        </span>\n            
                        </span>\n                                </span>\n     
                       </label>\n                        </div>\n              
          <h5 class="fs-13 text-center mt-2" data-key="dark">Dark</h5>\n       
             </div>\n                </div>\n                <div 
id="sidebar-size">\n                    <h6 class="mt-4 mb-0 fw-semibold 
text-uppercase" data-key="sidebar_size">Sidebar Size</h6>\n                    
<p class="text-muted" data-key="choose_a_size_of_sidebar">Choose a size of 
Sidebar.</p>\n                    <div class="row">\n                        
<div class="col-4">\n                            <div class="form-check 
sidebar-setting card-radio">\n                                <input 
class="form-check-input" id="sidebar-size-default" name="data-sidebar-size"\n  
                                  type="radio" value="lg" />\n                 
               <label class="form-check-label p-0 avatar-md w-100" 
for="sidebar-size-default">\n                                    <span 
class="d-flex gap-1 h-100">\n                                        <span 
class="flex-shrink-0">\n                                            <span 
class="bg-light d-flex h-100 flex-column gap-1 p-1">\n                         
                       <span class="d-block p-1 px-2 bg-primary-subtle rounded 
mb-2"></span>\n                                                <span 
class="d-block p-1 px-2 pb-0 bg-primary-subtle"></span>\n                      
                          <span class="d-block p-1 px-2 pb-0 
bg-primary-subtle"></span>\n                                                
<span class="d-block p-1 px-2 pb-0 bg-primary-subtle"></span>\n                
                            </span>\n                                        
</span>\n                                        <span class="flex-grow-1">\n  
                                          <span class="d-flex h-100 
flex-column">\n                                                <span 
class="bg-light d-block p-1"></span>\n                                         
       <span class="bg-light d-block p-1 mt-auto"></span>\n                    
                        </span>\n                                        
</span>\n                                    </span>\n                         
       </label>\n                            </div>\n                          
  <h5 class="fs-13 text-center mt-2" data-key="default">Default</h5>\n         
               </div>\n                        <div class="col-4">\n           
                 <div class="form-check sidebar-setting card-radio">\n         
                       <input class="form-check-input" 
id="sidebar-size-compact" name="data-sidebar-size"\n                           
         type="radio" value="md" />\n                                <label 
class="form-check-label p-0 avatar-md w-100" for="sidebar-size-compact">\n     
                               <span class="d-flex gap-1 h-100">\n             
                           <span class="flex-shrink-0">\n                      
                      <span class="bg-light d-flex h-100 flex-column gap-1 
p-1">\n                                                <span class="d-block 
p-1 bg-primary-subtle rounded mb-2"></span>\n                                  
              <span class="d-block p-1 pb-0 bg-primary-subtle"></span>\n       
                                         <span class="d-block p-1 pb-0 
bg-primary-subtle"></span>\n                                                
<span class="d-block p-1 pb-0 bg-primary-subtle"></span>\n                     
                       </span>\n                                        
</span>\n                                        <span class="flex-grow-1">\n  
                                          <span class="d-flex h-100 
flex-column">\n                                                <span 
class="bg-light d-block p-1"></span>\n                                         
       <span class="bg-light d-block p-1 mt-auto"></span>\n                    
                        </span>\n                                        
</span>\n                                    </span>\n                         
       </label>\n                            </div>\n                          
  <h5 class="fs-13 text-center mt-2" data-key="compact">Compact</h5>\n         
               </div>\n                        <div class="col-4">\n           
                 <div class="form-check sidebar-setting card-radio">\n         
                       <input class="form-check-input" id="sidebar-size-small" 
name="data-sidebar-size"\n                                    type="radio" 
value="sm" />\n                                <label class="form-check-label 
p-0 avatar-md w-100" for="sidebar-size-small">\n                               
     <span class="d-flex gap-1 h-100">\n                                       
 <span class="flex-shrink-0">\n                                            
<span class="bg-light d-flex h-100 flex-column gap-1">\n                       
                         <span class="d-block p-1 bg-primary-subtle 
mb-2"></span>\n                                                <span 
class="d-block p-1 pb-0 bg-primary-subtle"></span>\n                           
                     <span class="d-block p-1 pb-0 
bg-primary-subtle"></span>\n                                                
<span class="d-block p-1 pb-0 bg-primary-subtle"></span>\n                     
                       </span>\n                                        
</span>\n                                        <span class="flex-grow-1">\n  
                                          <span class="d-flex h-100 
flex-column">\n                                                <span 
class="bg-light d-block p-1"></span>\n                                         
       <span class="bg-light d-block p-1 mt-auto"></span>\n                    
                        </span>\n                                        
</span>\n                                    </span>\n                         
       </label>\n                            </div>\n                          
  <h5 class="fs-13 text-center mt-2" data-key="small_icon_view">Small (Icon 
View)</h5>\n                        </div>\n                        <div 
class="col-4">\n                            <div class="form-check 
sidebar-setting card-radio">\n                                <input 
class="form-check-input" id="sidebar-size-small-hover" 
name="data-sidebar-size"\n                                    type="radio" 
value="sm-hover" />\n                                <label 
class="form-check-label p-0 avatar-md w-100" for="sidebar-size-small-hover">\n 
                                   <span class="d-flex gap-1 h-100">\n         
                               <span class="flex-shrink-0">\n                  
                          <span class="bg-light d-flex h-100 flex-column 
gap-1">\n                                                <span class="d-block 
p-1 bg-primary-subtle mb-2"></span>\n                                          
      <span class="d-block p-1 pb-0 bg-primary-subtle"></span>\n               
                                 <span class="d-block p-1 pb-0 
bg-primary-subtle"></span>\n                                                
<span class="d-block p-1 pb-0 bg-primary-subtle"></span>\n                     
                       </span>\n                                        
</span>\n                                        <span class="flex-grow-1">\n  
                                          <span class="d-flex h-100 
flex-column">\n                                                <span 
class="bg-light d-block p-1"></span>\n                                         
       <span class="bg-light d-block p-1 mt-auto"></span>\n                    
                        </span>\n                                        
</span>\n                                    </span>\n                         
       </label>\n                            </div>\n                          
  <h5 class="fs-13 text-center mt-2" data-key="small_hover_view">Small Hover 
View</h5>\n                        </div>\n                    </div>\n        
        </div>\n                <div id="sidebar-view">\n                    
<h6 class="mt-4 mb-0 fw-semibold text-uppercase" 
data-key="sidebar_view">Sidebar View</h6>\n                    <p 
class="text-muted" data-key="choose_default_or_detached_sidebar_view">Choose 
Default or Detached\n                        Sidebar view.</p>\n               
     <div class="row">\n                        <div class="col-4">\n          
                  <div class="form-check sidebar-setting card-radio">\n        
                        <input class="form-check-input" 
id="sidebar-view-default" name="data-layout-style"\n                           
         type="radio" value="default" />\n                                
<label class="form-check-label p-0 avatar-md w-100" 
for="sidebar-view-default">\n                                    <span 
class="d-flex gap-1 h-100">\n                                        <span 
class="flex-shrink-0">\n                                            <span 
class="bg-light d-flex h-100 flex-column gap-1 p-1">\n                         
                       <span class="d-block p-1 px-2 bg-primary-subtle rounded 
mb-2"></span>\n                                                <span 
class="d-block p-1 px-2 pb-0 bg-primary-subtle"></span>\n                      
                          <span class="d-block p-1 px-2 pb-0 
bg-primary-subtle"></span>\n                                                
<span class="d-block p-1 px-2 pb-0 bg-primary-subtle"></span>\n                
                            </span>\n                                        
</span>\n                                        <span class="flex-grow-1">\n  
                                          <span class="d-flex h-100 
flex-column">\n                                                <span 
class="bg-light d-block p-1"></span>\n                                         
       <span class="bg-light d-block p-1 mt-auto"></span>\n                    
                        </span>\n                                        
</span>\n                                    </span>\n                         
       </label>\n                            </div>\n                          
  <h5 class="fs-13 text-center mt-2" data-key="default">Default</h5>\n         
               </div>\n                        <div class="col-4">\n           
                 <div class="form-check sidebar-setting card-radio">\n         
                       <input class="form-check-input" 
id="sidebar-view-detached" name="data-layout-style"\n                          
          type="radio" value="detached" />\n                                
<label class="form-check-label p-0 avatar-md w-100" 
for="sidebar-view-detached">\n                                    <span 
class="d-flex h-100 flex-column">\n                                        
<span class="bg-light d-flex p-1 gap-1 align-items-center px-2">\n             
                               <span class="d-block p-1 bg-primary-subtle 
rounded me-1"></span>\n                                            <span 
class="d-block p-1 pb-0 px-2 bg-primary-subtle ms-auto"></span>\n              
                              <span class="d-block p-1 pb-0 px-2 
bg-primary-subtle"></span>\n                                        </span>\n  
                                      <span class="d-flex gap-1 h-100 p-1 
px-2">\n                                            <span 
class="flex-shrink-0">\n                                                <span 
class="bg-light d-flex h-100 flex-column gap-1 p-1">\n                         
                           <span class="d-block p-1 px-2 pb-0 
bg-primary-subtle"></span>\n                                                   
 <span class="d-block p-1 px-2 pb-0 bg-primary-subtle"></span>\n               
                                     <span class="d-block p-1 px-2 pb-0 
bg-primary-subtle"></span>\n                                                
</span>\n                                            </span>\n                 
                       </span>\n                                        <span 
class="bg-light d-block p-1 mt-auto px-2"></span>\n                            
        </span>\n                                </label>\n                    
        </div>\n                            <h5 class="fs-13 text-center mt-2" 
data-key="detached">Detached</h5>\n                        </div>\n            
        </div>\n                </div>\n                <div 
id="sidebar-color">\n                    <h6 class="mt-4 mb-0 fw-semibold 
text-uppercase" data-key="sidebar_color">Sidebar Color</h6>\n                  
  <p class="text-muted" data-key="choose_a_color_of_sidebar">Choose a color of 
Sidebar.</p>\n                    <div class="row">\n                        
<div class="col-4">\n                            <div class="form-check 
sidebar-setting card-radio" data-bs-target="#collapseBgGradient"\n             
                   data-bs-toggle="collapse">\n                                
<input class="form-check-input" id="sidebar-color-light" name="data-sidebar"\n 
                                   type="radio" value="light" />\n             
                   <label class="form-check-label p-0 avatar-md w-100" 
for="sidebar-color-light">\n                                    <span 
class="d-flex gap-1 h-100">\n                                        <span 
class="flex-shrink-0">\n                                            <span 
class="bg-white border-end d-flex h-100 flex-column gap-1 p-1">\n              
                                  <span class="d-block p-1 px-2 
bg-primary-subtle rounded mb-2"></span>\n                                      
          <span class="d-block p-1 px-2 pb-0 bg-primary-subtle"></span>\n      
                                          <span class="d-block p-1 px-2 pb-0 
bg-primary-subtle"></span>\n                                                
<span class="d-block p-1 px-2 pb-0 bg-primary-subtle"></span>\n                
                            </span>\n                                        
</span>\n                                        <span class="flex-grow-1">\n  
                                          <span class="d-flex h-100 
flex-column">\n                                                <span 
class="bg-light d-block p-1"></span>\n                                         
       <span class="bg-light d-block p-1 mt-auto"></span>\n                    
                        </span>\n                                        
</span>\n                                    </span>\n                         
       </label>\n                            </div>\n                          
  <h5 class="fs-13 text-center mt-2" data-key="light">Light</h5>\n             
           </div>\n                        <div class="col-4">\n               
             <div class="form-check sidebar-setting card-radio" 
data-bs-target="#collapseBgGradient"\n                                
data-bs-toggle="collapse">\n                                <input 
class="form-check-input" id="sidebar-color-dark" name="data-sidebar" 
type="radio"\n                                    value="dark" />\n            
                    <label class="form-check-label p-0 avatar-md w-100" 
for="sidebar-color-dark">\n                                    <span 
class="d-flex gap-1 h-100">\n                                        <span 
class="flex-shrink-0">\n                                            <span 
class="bg-primary d-flex h-100 flex-column gap-1 p-1">\n                       
                         <span\n                                               
     class="d-block p-1 px-2 bg-white bg-opacity-10 rounded mb-2"></span>\n    
                                            <span class="d-block p-1 px-2 pb-0 
bg-white bg-opacity-10"></span>\n                                              
  <span class="d-block p-1 px-2 pb-0 bg-white bg-opacity-10"></span>\n         
                                       <span class="d-block p-1 px-2 pb-0 
bg-white bg-opacity-10"></span>\n                                            
</span>\n                                        </span>\n                     
                   <span class="flex-grow-1">\n                                
            <span class="d-flex h-100 flex-column">\n                          
                      <span class="bg-light d-block p-1"></span>\n             
                                   <span class="bg-light d-block p-1 
mt-auto"></span>\n                                            </span>\n        
                                </span>\n                                    
</span>\n                                </label>\n                            
</div>\n                            <h5 class="fs-13 text-center mt-2" 
data-key="dark">Dark</h5>\n                        </div>\n                    
    <div class="col-4">\n                            <button 
aria-controls="collapseBgGradient" aria-expanded="false"\n                     
           class="btn btn-link avatar-md w-100 p-0 overflow-hidden border 
collapsed"\n                                
data-bs-target="#collapseBgGradient" data-bs-toggle="collapse" 
type="button">\n                                <span class="d-flex gap-1 
h-100">\n                                    <span class="flex-shrink-0">\n    
                                    <span class="bg-vertical-gradient d-flex 
h-100 flex-column gap-1 p-1">\n                                            
<span class="d-block p-1 px-2 bg-white bg-opacity-10 rounded mb-2"></span>\n   
                                         <span class="d-block p-1 px-2 pb-0 
bg-white bg-opacity-10"></span>\n                                            
<span class="d-block p-1 px-2 pb-0 bg-white bg-opacity-10"></span>\n           
                                 <span class="d-block p-1 px-2 pb-0 bg-white 
bg-opacity-10"></span>\n                                        </span>\n      
                              </span>\n                                    
<span class="flex-grow-1">\n                                        <span 
class="d-flex h-100 flex-column">\n                                            
<span class="bg-light d-block p-1"></span>\n                                   
         <span class="bg-light d-block p-1 mt-auto"></span>\n                  
                      </span>\n                                    </span>\n   
                             </span>\n                            </button>\n  
                          <h5 class="fs-13 text-center mt-2" 
data-key="gradient">Gradient</h5>\n                        </div>\n            
        </div>\n                    <!-- end row -->\n                    <div 
class="collapse" id="collapseBgGradient">\n                        <div 
class="d-flex gap-2 flex-wrap img-switch p-2 px-3 bg-light rounded">\n         
                   <div class="form-check sidebar-setting card-radio">\n       
                         <input class="form-check-input" 
id="sidebar-color-gradient" name="data-sidebar"\n                              
      type="radio" value="gradient" />\n                                <label 
class="form-check-label p-0 avatar-xs rounded-circle"\n                        
            for="sidebar-color-gradient">\n                                    
<span class="avatar-title rounded-circle bg-vertical-gradient"></span>\n       
                         </label>\n                            </div>\n        
                    <div class="form-check sidebar-setting card-radio">\n      
                          <input class="form-check-input" 
id="sidebar-color-gradient-2" name="data-sidebar"\n                            
        type="radio" value="gradient-2" />\n                                
<label class="form-check-label p-0 avatar-xs rounded-circle"\n                 
                   for="sidebar-color-gradient-2">\n                           
         <span class="avatar-title rounded-circle 
bg-vertical-gradient-2"></span>\n                                </label>\n    
                        </div>\n                            <div 
class="form-check sidebar-setting card-radio">\n                               
 <input class="form-check-input" id="sidebar-color-gradient-3" 
name="data-sidebar"\n                                    type="radio" 
value="gradient-3" />\n                                <label 
class="form-check-label p-0 avatar-xs rounded-circle"\n                        
            for="sidebar-color-gradient-3">\n                                  
  <span class="avatar-title rounded-circle bg-vertical-gradient-3"></span>\n   
                             </label>\n                            </div>\n    
                        <div class="form-check sidebar-setting card-radio">\n  
                              <input class="form-check-input" 
id="sidebar-color-gradient-4" name="data-sidebar"\n                            
        type="radio" value="gradient-4" />\n                                
<label class="form-check-label p-0 avatar-xs rounded-circle"\n                 
                   for="sidebar-color-gradient-4">\n                           
         <span class="avatar-title rounded-circle 
bg-vertical-gradient-4"></span>\n                                </label>\n    
                        </div>\n                        </div>\n               
     </div>\n                </div>\n                <div id="sidebar-img">\n  
                  <h6 class="mt-4 mb-0 fw-semibold text-uppercase" 
data-key="sidebar_images">Sidebar Images</h6>\n                    <p 
class="text-muted" data-key="choose_a_image_of_sidebar">Choose a image of 
Sidebar.</p>\n                    <div class="d-flex gap-2 flex-wrap 
img-switch">\n                        <div class="form-check sidebar-setting 
card-radio">\n                            <input class="form-check-input" 
id="sidebarimg-none" name="data-sidebar-image" type="radio"\n                  
              value="none" />\n                            <label 
class="form-check-label p-0 avatar-sm h-auto" for="sidebarimg-none">\n         
                       <span\n                                    
class="avatar-md w-auto bg-light d-flex align-items-center 
justify-content-center">\n                                    <i 
class="ri-close-fill fs-20"></i>\n                                </span>\n    
                        </label>\n                        </div>\n             
           <div class="form-check sidebar-setting card-radio">\n               
             <input class="form-check-input" id="sidebarimg-01" 
name="data-sidebar-image" type="radio"\n                                
value="img-1" />\n                            <label class="form-check-label 
p-0 avatar-sm h-auto" for="sidebarimg-01">\n                                
<img alt="" class="avatar-md w-auto object-fit-cover"\n                        
            src="/static/images/sidebar/img-1.jpg" />\n                        
    </label>\n                        </div>\n                        <div 
class="form-check sidebar-setting card-radio">\n                            
<input class="form-check-input" id="sidebarimg-02" name="data-sidebar-image" 
type="radio"\n                                value="img-2" />\n               
             <label class="form-check-label p-0 avatar-sm h-auto" 
for="sidebarimg-02">\n                                <img alt="" 
class="avatar-md w-auto object-fit-cover"\n                                    
src="/static/images/sidebar/img-2.jpg" />\n                            
</label>\n                        </div>\n                        <div 
class="form-check sidebar-setting card-radio">\n                            
<input class="form-check-input" id="sidebarimg-03" name="data-sidebar-image" 
type="radio"\n                                value="img-3" />\n               
             <label class="form-check-label p-0 avatar-sm h-auto" 
for="sidebarimg-03">\n                                <img alt="" 
class="avatar-md w-auto object-fit-cover"\n                                    
src="/static/images/sidebar/img-3.jpg" />\n                            
</label>\n                        </div>\n                        <div 
class="form-check sidebar-setting card-radio">\n                            
<input class="form-check-input" id="sidebarimg-04" name="data-sidebar-image" 
type="radio"\n                                value="img-4" />\n               
             <label class="form-check-label p-0 avatar-sm h-auto" 
for="sidebarimg-04">\n                                <img alt="" 
class="avatar-md w-auto object-fit-cover"\n                                    
src="/static/images/sidebar/img-4.jpg" />\n                            
</label>\n                        </div>\n                    </div>\n         
       </div>\n                <div id="preloader-menu">\n                    
<h6 class="mt-4 mb-0 fw-semibold text-uppercase" 
data-key="preloader">Preloader</h6>\n                    <p class="text-muted" 
data-key="choose_a_preloader">Choose a preloader.</p>\n                    
<div class="row">\n                        <div class="col-4">\n               
             <div class="form-check sidebar-setting card-radio">\n             
                   <input class="form-check-input" id="preloader-view-custom" 
name="data-preloader"\n                                    type="radio" 
value="enable" />\n                                <label 
class="form-check-label p-0 avatar-md w-100" for="preloader-view-custom">\n    
                                <span class="d-flex gap-1 h-100">\n            
                            <span class="flex-shrink-0">\n                     
                       <span class="bg-light d-flex h-100 flex-column gap-1 
p-1">\n                                                <span class="d-block 
p-1 px-2 bg-primary-subtle rounded mb-2"></span>\n                             
                   <span class="d-block p-1 px-2 pb-0 
bg-primary-subtle"></span>\n                                                
<span class="d-block p-1 px-2 pb-0 bg-primary-subtle"></span>\n                
                                <span class="d-block p-1 px-2 pb-0 
bg-primary-subtle"></span>\n                                            
</span>\n                                        </span>\n                     
                   <span class="flex-grow-1">\n                                
            <span class="d-flex h-100 flex-column">\n                          
                      <span class="bg-light d-block p-1"></span>\n             
                                   <span class="bg-light d-block p-1 
mt-auto"></span>\n                                            </span>\n        
                                </span>\n                                    
</span>\n                                    <!-- <div id="preloader"> -->\n   
                                 <div class="d-flex align-items-center 
justify-content-center" id="status">\n                                        
<div class="spinner-border text-primary avatar-xxs m-auto" role="status">\n    
                                        <span class="visually-hidden" 
data-key="loading">Loading...</span>\n                                        
</div>\n                                    </div>\n                           
         <!-- </div> -->\n                                </label>\n           
                 </div>\n                            <h5 class="fs-13 
text-center mt-2" data-key="enable">Enable</h5>\n                        
</div>\n                        <div class="col-4">\n                          
  <div class="form-check sidebar-setting card-radio">\n                        
        <input class="form-check-input" id="preloader-view-none" 
name="data-preloader"\n                                    type="radio" 
value="disable" />\n                                <label 
class="form-check-label p-0 avatar-md w-100" for="preloader-view-none">\n      
                              <span class="d-flex gap-1 h-100">\n              
                          <span class="flex-shrink-0">\n                       
                     <span class="bg-light d-flex h-100 flex-column gap-1 
p-1">\n                                                <span class="d-block 
p-1 px-2 bg-primary-subtle rounded mb-2"></span>\n                             
                   <span class="d-block p-1 px-2 pb-0 
bg-primary-subtle"></span>\n                                                
<span class="d-block p-1 px-2 pb-0 bg-primary-subtle"></span>\n                
                                <span class="d-block p-1 px-2 pb-0 
bg-primary-subtle"></span>\n                                            
</span>\n                                        </span>\n                     
                   <span class="flex-grow-1">\n                                
            <span class="d-flex h-100 flex-column">\n                          
                      <span class="bg-light d-block p-1"></span>\n             
                                   <span class="bg-light d-block p-1 
mt-auto"></span>\n                                            </span>\n        
                                </span>\n                                    
</span>\n                                </label>\n                            
</div>\n                            <h5 class="fs-13 text-center mt-2" 
data-key="disable">Disable</h5>\n                        </div>\n              
      </div>\n                </div>\n                <!-- end preloader-menu 
-->\n            </div>\n        </div>\n    </div>\n    <div 
class="offcanvas-footer border-top p-3 text-center">\n        <div 
class="row">\n            <div class="col-12">\n                <button 
class="btn btn-light w-100" data-key="reset" id="reset-layout" 
type="button">Reset</button>\n            </div>\n            <!-- <div 
class="col-6">\n                <a href="https://1.envato.market/velzon-admin" 
target="_blank" class="btn btn-primary w-100">Buy Now</a>\n            </div> 
-->\n        </div>\n    </div>\n</div>\n\n  \n\n  \n    <script>\n      
document.addEventListener("DOMContentLoaded", function () {\n        const 
modal = new bootstrap.Modal(document.getElementById("cambiarEmpresaModal"));\n 
       modal._element.addEventListener("show.bs.modal", function () {\n        
  console.log("Modal mostrado correctamente.");\n        });\n      });\n    
</script>\n\n    <script>\n      function sanitizeCollapseTrigger(trigger) {\n 
       if (!trigger || !trigger.hasAttribute(\'data-bs-toggle\')) return;\n    
    const targetSelector = trigger.getAttribute(\'data-bs-target\') || 
trigger.getAttribute(\'href\');\n        if (!targetSelector || 
targetSelector.trim() === \'\' || targetSelector.trim() === \'#\') {\n         
 const ariaControls = trigger.getAttribute(\'aria-controls\');\n          if 
(ariaControls && ariaControls.trim() !== \'\') {\n            const 
fixedTarget = ariaControls.startsWith(\'#\') ? ariaControls : 
`#${ariaControls}`;\n            trigger.setAttribute(\'data-bs-target\', 
fixedTarget);\n            console.warn(\'Collapse corregido: 
data-bs-target/href vac\xc3\xado o "#" \xe2\x86\x92\', fixedTarget, 
trigger);\n            return;\n          }\n          console.warn(\'Collapse 
inv\xc3\xa1lido sin aria-controls: data-bs-target/href vac\xc3\xado o "#"\', 
trigger);\n          trigger.removeAttribute(\'data-bs-toggle\');\n          
trigger.removeAttribute(\'data-bs-target\');\n          
trigger.removeAttribute(\'aria-controls\');\n        }\n      }\n\n      const 
originalSetAttribute = Element.prototype.setAttribute;\n      
Element.prototype.setAttribute = function (name, value) {\n        if (name 
=== \'data-bs-target\' || name === \'href\') {\n          if (value === \'#\' 
|| value === \'\' || value == null) {\n            const ariaControls = 
this.getAttribute(\'aria-controls\');\n            if (ariaControls && 
ariaControls.trim() !== \'\') {\n              const fixedTarget = 
ariaControls.startsWith(\'#\') ? ariaControls : `#${ariaControls}`;\n          
    return originalSetAttribute.call(this, name, fixedTarget);\n            
}\n            if (this.getAttribute(\'data-bs-toggle\') === \'collapse\') {\n 
             this.removeAttribute(\'data-bs-toggle\');\n              
this.removeAttribute(\'data-bs-target\');\n              
this.removeAttribute(\'aria-controls\');\n              return;\n            
}\n          }\n        }\n        return originalSetAttribute.call(this, 
name, value);\n      };\n\n      const originalDocumentQuerySelector = 
Document.prototype.querySelector;\n      Document.prototype.querySelector = 
function (selector) {\n        if (selector === \'#\') {\n          
console.warn(\'querySelector ignorado para selector inv\xc3\xa1lido "#"\');\n  
        return null;\n        }\n        return 
originalDocumentQuerySelector.call(this, selector);\n      };\n\n      const 
originalElementQuerySelector = Element.prototype.querySelector;\n      
Element.prototype.querySelector = function (selector) {\n        if (selector 
=== \'#\') {\n          console.warn(\'querySelector ignorado para selector 
inv\xc3\xa1lido "#"\');\n          return null;\n        }\n        return 
originalElementQuerySelector.call(this, selector);\n      };\n\n      function 
sanitizeAllCollapseTriggers(root) {\n        const scope = root || document;\n 
       const collapseTriggers = 
scope.querySelectorAll(\'[data-bs-toggle="collapse"]\');\n        
collapseTriggers.forEach(trigger => sanitizeCollapseTrigger(trigger));\n      
}\n\n      const runInitialSanitize = function () {\n        
sanitizeAllCollapseTriggers(document);\n      };\n\n      if 
(document.readyState === \'loading\') {\n        
document.addEventListener(\'DOMContentLoaded\', runInitialSanitize);\n      } 
else {\n        runInitialSanitize();\n      }\n\n      
document.addEventListener(\'click\', function (e) {\n        const trigger = 
e.target.closest(\'[data-bs-toggle="collapse"]\');\n        if (!trigger) 
return;\n        const targetSelector = 
trigger.getAttribute(\'data-bs-target\') || trigger.getAttribute(\'href\');\n  
      if (!targetSelector || targetSelector.trim() === \'\' || 
targetSelector.trim() === \'#\') {\n          console.warn(\'Click en collapse 
inv\xc3\xa1lido: data-bs-target/href vac\xc3\xado o "#"\', trigger);\n         
 e.preventDefault();\n          e.stopImmediatePropagation();\n        }\n     
 }, true);\n\n      const observer = new MutationObserver(mutations => {\n     
   mutations.forEach(mutation => {\n          if (mutation.type === 
\'attributes\') {\n            const target = mutation.target;\n            if 
(target && target.nodeType === 1) {\n              
sanitizeCollapseTrigger(target);\n            }\n            return;\n         
 }\n\n          mutation.addedNodes.forEach(node => {\n            if 
(node.nodeType !== 1) return;\n            if (node.matches && 
node.matches(\'[data-bs-toggle="collapse"]\')) {\n              
sanitizeCollapseTrigger(node);\n            }\n            if 
(node.querySelectorAll) {\n              sanitizeAllCollapseTriggers(node);\n  
          }\n          });\n        });\n      });\n\n      
observer.observe(document.documentElement, {\n        childList: true,\n       
 subtree: true,\n        attributes: true,\n        attributeFilter: 
[\'data-bs-toggle\', \'data-bs-target\', \'href\']\n      });\n    </script>\n 
   <script src="/static/libs/bootstrap/js/bootstrap.bundle.min.js"></script>\n 
   <script src="/static/libs/simplebar/simplebar.min.js"></script>\n    
<script src="/static/libs/node-waves/waves.min.js"></script>\n    <script 
src="/static/libs/feather-icons/feather.min.js"></script>\n    <script 
src="/static/js/pages/plugins/lord-icon-2.1.0.js"></script>\n    <script 
src="/static/libs/toastify-js/src/toastify.js"></script>\n    <script 
src="/static/js/plugins.js"></script>\n\n    \n    \n\n    <script 
src="/static/js/app.js"></script>\n    <script 
src="/static/js/notifications.js"></script>\n  \n</body>\n\n</html>\n'

======================================================================
FAIL: test_staff_without_empresa_redirects (notificaciones.tests.test_force_vie
w.TestForzarNotificaciones.test_staff_without_empresa_redirects)
----------------------------------------------------------------------
Traceback (most recent call last):
  File "C:\Users\Admin\Desktop\Django\coderhouse\EntregafinalPython-Agodoy\noti
ficaciones\tests\test_force_view.py", line 42, in 
test_staff_without_empresa_redirects
    self.assertEqual(response.status_code, 302)
AssertionError: 200 != 302

======================================================================
FAIL: test_sidebar_submenu_badges (notificaciones.tests.test_sidebar_submenu_ba
dges.TestSidebarSubmenuBadges.test_sidebar_submenu_badges)
----------------------------------------------------------------------
Traceback (most recent call last):
  File "C:\Users\Admin\Desktop\Django\coderhouse\EntregafinalPython-Agodoy\noti
ficaciones\tests\test_sidebar_submenu_badges.py", line 66, in 
test_sidebar_submenu_badges
    self.assertNotIn("(0)", html)
AssertionError: '(0)' unexpectedly found in '\n<!DOCTYPE html>\n<html 
lang="es" id="main-html">\n\n<head>\n   <meta charset="utf-8" />\n\n    
<title>Notificaciones | Operational Apps</title>\n\n    \n    \n\n    <meta 
name="viewport" content="width=device-width, initial-scale=1.0">\n    <meta 
content="Premium Multipurpose Admin & Dashboard Template" name="description" 
/>\n    <meta content="Themesbrand" name="author" />\n    <link rel="shortcut 
icon" href="/static/images/favicon.ico">    \n    \n    \n    \n    \n    
<script id="theme-preferences" type="application/json">{"data-layout": 
"vertical", "data-bs-theme": "light", "data-sidebar-visibility": "show", 
"data-layout-width": "fluid", "data-layout-position": "fixed", "data-topbar": 
"light", "data-sidebar-size": "lg", "data-layout-style": "default", 
"data-sidebar": "dark", "data-sidebar-image": "none", "data-preloader": 
"disable"}</script>\n    \n    <script>\n      window.__THEME_PREFS_URL__ = 
"/settings/guardar-preferencias/";\n    </script>\n    <script 
src="/static/js/layout.js"></script>\n     <script 
src="/static/js/theme_config.js"></script> \n    <link 
href="/static/css/bootstrap.min.css" id="bootstrap-style" rel="stylesheet" 
type="text/css" />\n    <link href="/static/css/icons.min.css" 
rel="stylesheet" type="text/css" />\n    <link href="/static/css/app.min.css" 
id="app-style" rel="stylesheet" type="text/css" />\n    <link 
href="/static/css/custom.min.css" id="app-style" rel="stylesheet" 
type="text/css" />\n    <link rel="stylesheet" 
href="/static/libs/toastify-js/src/toastify.css">\n    <link rel="stylesheet" h
ref="https://cdnjs.cloudflare.com/ajax/libs/font-awesome/5.15.3/css/all.min.css
">\n    <link 
href="https://cdn.jsdelivr.net/npm/bootstrap-icons/font/bootstrap-icons.css" 
rel="stylesheet">\n    <script 
src="https://code.jquery.com/jquery-3.6.0.min.js"></script>\n    
\n</head>\n\n<body>\n  <div id="layout-wrapper">\n    \n      \n\n        
<header id="page-topbar">\n            <div class="layout-width">\n            
    <div class="navbar-header">\n                    <div class="d-flex">\n    
                    <!-- LOGO -->\n                        <div 
class="navbar-brand-box horizontal-logo">\n                            <a 
href="/" class="logo logo-dark">\n                                <span 
class="logo-sm">\n                                    <img 
src="/static/images/logo-sm.png" alt="" height="22">\n                         
       </span>\n                                <span class="logo-lg">\n       
                             <img src="/static/images/logo-dark.png" alt="" 
height="17">\n                                </span>\n                        
    </a>\n\n                            <a href="/" class="logo logo-light">\n 
                               <span class="logo-sm">\n                        
            <img src="/static/images/logo-sm.png" alt="" height="22">\n        
                        </span>\n                                <span 
class="logo-lg">\n                                    <img 
src="/static/images/logo-light.png" alt="" height="17">\n                      
          </span>\n                            </a>\n                        
</div>\n\n                        <button type="button" class="btn btn-sm px-3 
fs-16 header-item vertical-menu-btn topnav-hamburger" 
id="topnav-hamburger-icon">\n                            <span 
class="hamburger-icon">\n                                <span></span>\n       
                         <span></span>\n                                
<span></span>\n                            </span>\n                        
</button>\n\n                        <!-- App Search-->\n                      
  <form class="app-search d-none d-md-block">\n                            
<!-- <div class="position-relative">\n                                <input 
type="text" class="form-control" placeholder="Search..." autocomplete="off" 
id="search-options" value="">\n                                <span 
class="mdi mdi-magnify search-widget-icon"></span>\n                           
     <span class="mdi mdi-close-circle search-widget-icon 
search-widget-icon-close d-none" id="search-close-options"></span>\n           
                 </div> -->\n                            <div 
class="dropdown-menu dropdown-menu-lg" id="search-dropdown">\n                 
               <div data-simplebar style="max-height: 320px;">\n               
                     <!-- item-->\n                                    <div 
class="dropdown-header">\n                                        <h6 
class="text-overflow text-muted mb-0 text-uppercase">Recent Searches</h6>\n    
                                </div>\n\n                                    
<div class="dropdown-item bg-transparent text-wrap">\n                         
               <a href="/" class="btn btn-soft-secondary btn-sm 
rounded-pill">how to setup <i class="mdi mdi-magnify ms-1"></i></a>\n          
                              <a href="/" class="btn btn-soft-secondary btn-sm 
rounded-pill">buttons <i class="mdi mdi-magnify ms-1"></i></a>\n               
                     </div>\n                                    <!-- 
item-->\n                                    <div class="dropdown-header 
mt-2">\n                                        <h6 class="text-overflow 
text-muted mb-1 text-uppercase">Pages</h6>\n                                   
 </div>\n\n                                    <!-- item-->\n                  
                  <a href="javascript:void(0);" class="dropdown-item 
notify-item">\n                                        <i 
class="ri-bubble-chart-line align-middle fs-18 text-muted me-2"></i>\n         
                               <span>Analytics Dashboard</span>\n              
                      </a>\n\n                                    <!-- 
item-->\n                                    <a href="javascript:void(0);" 
class="dropdown-item notify-item">\n                                        <i 
class="ri-lifebuoy-line align-middle fs-18 text-muted me-2"></i>\n             
                           <span>Help Center</span>\n                          
          </a>\n\n                                    <!-- item-->\n           
                         <a href="javascript:void(0);" class="dropdown-item 
notify-item">\n                                        <i 
class="ri-user-settings-line align-middle fs-18 text-muted me-2"></i>\n        
                                <span>My account settings</span>\n             
                       </a>\n\n                                    <!-- 
item-->\n                                    <div class="dropdown-header 
mt-2">\n                                        <h6 class="text-overflow 
text-muted mb-2 text-uppercase">Members</h6>\n                                 
   </div>\n\n                                    <div 
class="notification-list">\n                                        <!-- item 
-->\n                                        <a href="javascript:void(0);" 
class="d-flex dropdown-item notify-item py-2">\n                               
             <img src="/static/images/users/avatar-2.jpg" class="me-3 
rounded-circle avatar-xs" alt="user-pic">\n                                    
        <div class="flex-grow-1">\n                                            
    <h6 class="m-0">Angela Bernier</h6>\n                                      
          <span class="fs-11 mb-0 text-muted">Manager</span>\n                 
                           </div>\n                                        
</a>\n                                        <!-- item -->\n                  
                      <a href="javascript:void(0);" class="d-flex 
dropdown-item notify-item py-2">\n                                            
\n                                                <img 
src="/static/images/default-avatar.png" class="rounded-circle avatar-xs" 
alt="Avatar por defecto">\n                                            \n\n    
                                        <div class="flex-grow-1">\n            
                                    <h6 class="m-0">David Grasso</h6>\n        
                                        <span class="fs-11 mb-0 
text-muted">Web Designer</span>\n                                            
</div>\n                                        </a>\n                         
               <!-- item -->\n                                        <a 
href="javascript:void(0);" class="d-flex dropdown-item notify-item py-2">\n    
                                        <img 
src="/static/images/users/avatar-5.jpg" class="me-3 rounded-circle avatar-xs" 
alt="user-pic">\n                                            <div 
class="flex-grow-1">\n                                                <h6 
class="m-0">Mike Bunch</h6>\n                                                
<span class="fs-11 mb-0 text-muted">React Developer</span>\n                   
                         </div>\n                                        
</a>\n                                    </div>\n                             
   </div>\n\n                                <div class="text-center pt-3 
pb-1">\n                                    \n                                 
   \n                                </div>\n                            
</div>\n                        </form>\n                    </div>\n\n        
            <div class="d-flex align-items-center">\n\n                        
<div class="dropdown d-md-none topbar-head-dropdown header-item">\n            
                <button type="button" class="btn btn-icon btn-topbar 
btn-ghost-secondary rounded-circle" id="page-header-search-dropdown" 
data-bs-toggle="dropdown" aria-haspopup="true" aria-expanded="false">\n        
                        <i class="bx bx-search fs-22"></i>\n                   
         </button>\n                            <div class="dropdown-menu 
dropdown-menu-lg dropdown-menu-end p-0" 
aria-labelledby="page-header-search-dropdown">\n                               
 <form class="p-3">\n                                    <div 
class="form-group m-0">\n                                        <div 
class="input-group">\n                                            <input 
type="text" class="form-control" placeholder="Search ..." 
aria-label="Recipient\'s username">\n                                          
  <button class="btn btn-primary" type="submit"><i class="mdi 
mdi-magnify"></i></button>\n                                        </div>\n   
                                 </div>\n                                
</form>\n                            </div>\n                        </div>\n  
                      <div class="text-end mt-2">\n                            
\n                            <span data-toggle="modal" 
data-target="#cambiarEmpresaModal" style="cursor: pointer;">                   
             \n                                <p class="text-muted">Empresa: 
Empresa A</p>\n                            </span>\n                        \n 
                           <!-- <a href="/acounts/subeavatar" class="btn 
btn-secondary">\n                                <i class="fas fa-user"></i> 
Perfil\n                            </a> -->                            \n     
                   </div>\n\n                        <div class="dropdown ms-1 
topbar-head-dropdown header-item">\n                            <button 
type="button" class="btn btn-icon btn-topbar btn-ghost-secondary 
rounded-circle" data-bs-toggle="dropdown" aria-haspopup="true" 
aria-expanded="false">\n                                <img 
id="header-lang-img" src="/static/images/flags/us.svg" alt="Header Language" 
height="20" class="rounded">\n                            </button>\n          
                  <div class="dropdown-menu dropdown-menu-end">\n\n            
                    <!-- item-->\n                                <a 
href="javascript:void(0);" class="dropdown-item notify-item language py-2" 
data-lang="en" title="English">\n                                    <img 
src="/static/images/flags/us.svg" alt="user-image" class="me-2 rounded" 
height="18">\n                                    <span 
class="align-middle">English</span>\n                                </a>\n\n  
                              <!-- item-->\n                                <a 
href="javascript:void(0);" class="dropdown-item notify-item language" 
data-lang="sp" title="Spanish">\n                                    <img 
src="/static/images/flags/spain.svg" alt="user-image" class="me-2 rounded" 
height="18">\n                                    <span 
class="align-middle">Espa±ola</span>\n                                </a>\n   
                         </div>\n                        </div>\n              
          \n                        \n\n\n<div class="dropdown 
topbar-head-dropdown ms-1 header-item">\n                            <button 
type="button" class="btn btn-icon btn-topbar btn-ghost-secondary 
rounded-circle" data-bs-toggle="dropdown" aria-haspopup="true" 
aria-expanded="false">\n                                <i class=\'bx 
bx-category-alt fs-22\'></i>\n                            </button>\n          
                  <div class="dropdown-menu dropdown-menu-lg p-0 
dropdown-menu-end">\n                                <div class="p-3 
border-top-0 border-start-0 border-end-0 border-dashed border">\n              
                      <div class="row align-items-center">\n                   
                     <div class="col">\n                                       
     <h6 class="m-0 fw-semibold fs-15"> Web Apps </h6>\n                       
                 </div>\n                                        <div 
class="col-auto">\n                                            <a href="#!" 
class="btn btn-sm btn-soft-info"> View All Apps\n                              
                  <i class="ri-arrow-right-s-line align-middle"></i></a>\n     
                                   </div>\n                                    
</div>\n                                </div>\n\n                             
   <div class="p-2">\n                                    <div class="row 
g-0">\n                                        <div class="col">\n             
                               <a class="dropdown-icon-item" href="#!">\n      
                                          <img 
src="/static/images/brands/github.png" alt="Github">\n                         
                       <span>GitHub</span>\n                                   
         </a>\n                                        </div>\n                
                        <div class="col">\n                                    
        <a class="dropdown-icon-item" href="#!">\n                             
                   <img src="/static/images/brands/bitbucket.png" 
alt="bitbucket">\n                                                
<span>Bitbucket</span>\n                                            </a>\n     
                                   </div>\n                                    
    <div class="col">\n                                            <a 
class="dropdown-icon-item" href="#!">\n                                        
        <img src="/static/images/brands/dribbble.png" alt="dribbble">\n        
                                        <span>Dribbble</span>\n                
                            </a>\n                                        
</div>\n                                    </div>\n\n                         
           <div class="row g-0">\n                                        <div 
class="col">\n                                            <a 
class="dropdown-icon-item" href="#!">\n                                        
        <img src="/static/images/brands/dropbox.png" alt="dropbox">\n          
                                      <span>Dropbox</span>\n                   
                         </a>\n                                        
</div>\n                                        <div class="col">\n            
                                <a class="dropdown-icon-item" href="#!">\n     
                                           <img 
src="/static/images/brands/mail_chimp.png" alt="mail_chimp">\n                 
                               <span>Mail Chimp</span>\n                       
                     </a>\n                                        </div>\n    
                                    <div class="col">\n                        
                    <a class="dropdown-icon-item" href="#!">\n                 
                               <img src="/static/images/brands/slack.png" 
alt="slack">\n                                                
<span>Slack</span>\n                                            </a>\n         
                               </div>\n                                    
</div>\n                                </div>\n                            
</div>\n                        
</div>\n\n\n<script>\ndocument.addEventListener(\'DOMContentLoaded\', function 
() {\n    // C¾digo especÝfico del carrito\n    console.log("Cargando 
Webapps...");\n});\n</script>\n\n                        \n\n\n\t              
      \n                        \n\n\n<div class="dropdown 
topbar-head-dropdown ms-1 header-item">\n                            <button 
type="button" class="btn btn-icon btn-topbar btn-ghost-secondary 
rounded-circle" id="page-header-cart-dropdown" data-bs-toggle="dropdown" 
data-bs-auto-close="outside" aria-haspopup="true" aria-expanded="true">\n      
                          <i class="bx bx-shopping-bag fs-22"></i>\n           
                     <span class="position-absolute topbar-badge 
cartitem-badge fs-10 translate-middle badge rounded-pill bg-info">5</span>\n   
                         </button>\n                            <div 
class="dropdown-menu dropdown-menu-xl dropdown-menu-end p-0 
dropdown-menu-cart" aria-labelledby="page-header-cart-dropdown" 
data-popper-placement="bottom-end" style="position: absolute; inset: 0px 0px 
auto auto; margin: 0px; transform: translate(0px, 58px);">\n                   
             <div class="p-3 border-top-0 border-start-0 border-end-0 
border-dashed border">\n                                    <div class="row 
align-items-center">\n                                        <div 
class="col">\n                                            <h6 class="m-0 fs-16 
fw-semibold"> My Cart</h6>\n                                        </div>\n   
                                     <div class="col-auto">\n                  
                          <span class="badge bg-warning-subtle text-warning 
fs-13"><span class="cartitem-badge">5</span>\n                                 
               items</span>\n                                        </div>\n  
                                  </div>\n                                
</div>\n                                <div data-simplebar="init" 
style="max-height: 300px;"><div class="simplebar-wrapper" style="margin: 
0px;"><div class="simplebar-height-auto-observer-wrapper"><div 
class="simplebar-height-auto-observer"></div></div><div 
class="simplebar-mask"><div class="simplebar-offset" style="right: 0px; 
bottom: 0px;"><div class="simplebar-content-wrapper" tabindex="0" 
role="region" aria-label="scrollable content" style="height: auto; overflow: 
hidden scroll;"><div class="simplebar-content" style="padding: 0px;">\n        
                            <div class="p-2">\n                                
        <div class="text-center empty-cart" id="empty-cart" style="display: 
none;">\n                                            <div class="avatar-md 
mx-auto my-3">\n                                                <div 
class="avatar-title bg-info-subtle text-info fs-36 rounded-circle">\n          
                                          <i class="bx bx-cart"></i>\n         
                                       </div>\n                                
            </div>\n                                            <h5 
class="mb-3">Your Cart is Empty!</h5>\n                                        
    <a href="#" class="btn btn-success w-md mb-3">Shop Now</a>\n               
                         </div>\n                                        <div 
class="d-block dropdown-item dropdown-item-cart text-wrap px-3 py-2">\n        
                                    <div class="d-flex align-items-center">\n  
                                              <img 
src="/static/images/products/img-1.png" class="me-3 rounded-circle avatar-sm 
p-2 bg-light" alt="user-pic">\n                                                
<div class="flex-grow-1">\n                                                    
<h6 class="mt-0 mb-1 fs-14">\n                                                 
       \n                                                    </h6>\n           
                                         <p class="mb-0 fs-12 text-muted">\n   
                                                     Quantity: <span>10 x 
$32</span>\n                                                    </p>\n         
                                       </div>\n                                
                <div class="px-2">\n                                           
         <h5 class="m-0 fw-normal">$<span 
class="cart-item-price">320</span></h5>\n                                      
          </div>\n                                                <div 
class="ps-2">\n                                                    <button 
type="button" class="btn btn-icon btn-sm btn-ghost-secondary 
remove-item-btn"><i class="ri-close-fill fs-16"></i></button>\n                
                                </div>\n                                       
     </div>\n                                        </div>\n        \n        
                                <div class="d-block dropdown-item 
dropdown-item-cart text-wrap px-3 py-2">\n                                     
       <div class="d-flex align-items-center">\n                               
                 <img src="/static/images/products/img-2.png" class="me-3 
rounded-circle avatar-sm p-2 bg-light" alt="user-pic">\n                       
                         <div class="flex-grow-1">\n                           
                         <h6 class="mt-0 mb-1 fs-14">\n                        
                                \n                                             
       </h6>\n                                                    <p 
class="mb-0 fs-12 text-muted">\n                                               
         Quantity: <span>5 x $18</span>\n                                      
              </p>\n                                                </div>\n   
                                             <div class="px-2">\n              
                                      <h5 class="m-0 fw-normal">$<span 
class="cart-item-price">89</span></h5>\n                                       
         </div>\n                                                <div 
class="ps-2">\n                                                    <button 
type="button" class="btn btn-icon btn-sm btn-ghost-secondary 
remove-item-btn"><i class="ri-close-fill fs-16"></i></button>\n                
                                </div>\n                                       
     </div>\n                                        </div>\n        \n        
                                <div class="d-block dropdown-item 
dropdown-item-cart text-wrap px-3 py-2">\n                                     
       <div class="d-flex align-items-center">\n                               
                 <img src="/static/images/products/img-3.png" class="me-3 
rounded-circle avatar-sm p-2 bg-light" alt="user-pic">\n                       
                         <div class="flex-grow-1">\n                           
                         <h6 class="mt-0 mb-1 fs-14">\n                        
                                \n                                             
       </h6>\n                                                    <p 
class="mb-0 fs-12 text-muted">\n                                               
         Quantity: <span>3 x $250</span>\n                                     
               </p>\n                                                </div>\n  
                                              <div class="px-2">\n             
                                       <h5 class="m-0 fw-normal">$<span 
class="cart-item-price">750</span></h5>\n                                      
          </div>\n                                                <div 
class="ps-2">\n                                                    <button 
type="button" class="btn btn-icon btn-sm btn-ghost-secondary 
remove-item-btn"><i class="ri-close-fill fs-16"></i></button>\n                
                                </div>\n                                       
     </div>\n                                        </div>\n        \n        
                                <div class="d-block dropdown-item 
dropdown-item-cart text-wrap px-3 py-2">\n                                     
       <div class="d-flex align-items-center">\n                               
                 <img src="/static/images/products/img-6.png" class="me-3 
rounded-circle avatar-sm p-2 bg-light" alt="user-pic">\n                       
                         <div class="flex-grow-1">\n                           
                         <h6 class="mt-0 mb-1 fs-14">\n                        
                                \n                                             
       </h6>\n                                                    <p 
class="mb-0 fs-12 text-muted">\n                                               
         Quantity: <span>1 x $1250</span>\n                                    
                </p>\n                                                </div>\n 
                                               <div class="px-2">\n            
                                        <h5 class="m-0 fw-normal">$ <span 
class="cart-item-price">1250</span></h5>\n                                     
           </div>\n                                                <div 
class="ps-2">\n                                                    <button 
type="button" class="btn btn-icon btn-sm btn-ghost-secondary 
remove-item-btn"><i class="ri-close-fill fs-16"></i></button>\n                
                                </div>\n                                       
     </div>\n                                        </div>\n        \n        
                                <div class="d-block dropdown-item 
dropdown-item-cart text-wrap px-3 py-2">\n                                     
       <div class="d-flex align-items-center">\n                               
                 <img src="/static/images/products/img-5.png" class="me-3 
rounded-circle avatar-sm p-2 bg-light" alt="user-pic">\n                       
                         <div class="flex-grow-1">\n                           
                         <h6 class="mt-0 mb-1 fs-14">\n                        
                                \n                                             
       </h6>\n                                                    <p 
class="mb-0 fs-12 text-muted">\n                                               
         Quantity: <span>2 x $495</span>\n                                     
               </p>\n                                                </div>\n  
                                              <div class="px-2">\n             
                                       <h5 class="m-0 fw-normal">$<span 
class="cart-item-price">990</span></h5>\n                                      
          </div>\n                                                <div 
class="ps-2">\n                                                    <button 
type="button" class="btn btn-icon btn-sm btn-ghost-secondary 
remove-item-btn"><i class="ri-close-fill fs-16"></i></button>\n                
                                </div>\n                                       
     </div>\n                                        </div>\n                  
                  </div>\n                                
</div></div></div></div><div class="simplebar-placeholder" style="width: auto; 
height: 336px;"></div></div><div class="simplebar-track simplebar-horizontal" 
style="visibility: hidden;"><div class="simplebar-scrollbar" style="width: 
0px; display: none;"></div></div><div class="simplebar-track 
simplebar-vertical" style="visibility: visible;"><div 
class="simplebar-scrollbar" style="height: 267px; display: block; transform: 
translate3d(0px, 0px, 0px);"></div></div></div>\n                              
  <div class="p-3 border-bottom-0 border-start-0 border-end-0 border-dashed 
border" id="checkout-elem" style="display: block;">\n                          
          <div class="d-flex justify-content-between align-items-center 
pb-3">\n                                        <h5 class="m-0 
text-muted">Total:</h5>\n                                        <div 
class="px-2">\n                                            <h5 class="m-0" 
id="cart-item-total">$3399.00</h5>\n                                        
</div>\n                                    </div>\n\n                         
           \n                                </div>\n                          
  </div>\n                        
</div>\n\n\n\n\n<script>\ndocument.addEventListener(\'DOMContentLoaded\', 
function () {\n    // C¾digo especÝfico del carrito\n    console.log("Cargando 
carrito...");\n});\n</script>\n\n                        \n                    
    \n                        <div class="ms-1 header-item d-none 
d-sm-flex">\n                            <button type="button" class="btn 
btn-icon btn-topbar btn-ghost-secondary rounded-circle" 
data-toggle="fullscreen">\n                                <i class=\'bx 
bx-fullscreen fs-22\'></i>\n                            </button>\n            
            </div>\n                         <!-- aca va el modo oscuro   -->  
                     \n                         <!-- <div class="ms-1 
header-item d-none d-sm-flex">\n                            <button  
class="btn-toggle-theme btn btn-icon btn-topbar btn-ghost-secondary 
rounded-circle">\n                                <i class="bx bx-moon 
fs-22"></i>\n                            </button>\n                        
</div> -->\n                        <div class="ms-1 header-item d-none 
d-sm-flex">\n                        <button id="btn-toggle-theme" class="btn 
btn-toggle-theme">\n                        <i id="icon-theme-toggle" 
class="bx bx-moon fs-22"></i>\n                        </button>\n\n           
             </div>\n\n                        \n                        
\n\n<div class="dropdown topbar-head-dropdown ms-1 header-item" 
id="notificationDropdown" data-debug="notifications-partial-v2">\n    <button 
type="button" class="btn btn-icon btn-topbar btn-ghost-secondary 
rounded-circle" id="page-header-notifications-dropdown" 
data-bs-toggle="dropdown" aria-haspopup="true" aria-expanded="false">\n        
<i class="bx bx-bell fs-22"></i>\n        <span class="position-absolute 
topbar-badge fs-10 translate-middle badge rounded-pill bg-danger" 
id="notification-badge" style="display: none;">0</span>\n    </button>\n    
<div class="dropdown-menu dropdown-menu-lg dropdown-menu-end p-0" 
aria-labelledby="page-header-notifications-dropdown">\n        <div 
class="dropdown-head bg-primary bg-pattern rounded-top">\n            <div 
class="p-3">\n                <div class="row align-items-center">\n           
         <div class="col">\n                        <h6 class="m-0 fs-16 
fw-semibold text-white" data-key="notifications.title">Notifications</h6>\n    
                </div>\n                    <div class="col-auto 
dropdown-tabs">\n                        <span class="badge bg-light-subtle 
text-body fs-13">\n                            <span 
id="notification-new-count">0</span> <span 
data-key="notifications.new">New</span>\n                        </span>\n     
               </div>\n                </div>\n            </div>\n\n          
  <div class="px-2 pt-2">\n                <ul class="nav nav-tabs 
dropdown-tabs nav-tabs-custom" data-dropdown-tabs="true" 
id="notificationItemsTab" role="tablist">\n                    <li 
class="nav-item waves-effect waves-light">\n                        <a 
class="nav-link active" data-bs-toggle="tab" data-filter="ALL" 
href="#all-noti-tab" role="tab" aria-selected="true">\n                        
    <span data-key="notifications.tab.all">All</span> (<span 
id="notification-tab-all-count">0</span>)\n                        </a>\n      
              </li>\n                    <li class="nav-item waves-effect 
waves-light">\n                        <a class="nav-link" 
data-bs-toggle="tab" data-filter="MESSAGE" href="#all-noti-tab" role="tab" 
aria-selected="false">\n                            <span 
data-key="notifications.tab.messages">Messages</span> (<span 
id="notification-tab-messages-count">0</span>)\n                        </a>\n 
                   </li>\n                    <li class="nav-item waves-effect 
waves-light">\n                        <a class="nav-link" 
data-bs-toggle="tab" data-filter="ALERT" href="#all-noti-tab" role="tab" 
aria-selected="false">\n                            <span 
data-key="notifications.tab.alerts">Alerts</span> (<span 
id="notification-tab-alerts-count">0</span>)\n                        </a>\n   
                 </li>\n                    <li class="nav-item waves-effect 
waves-light">\n                        <a class="nav-link" 
data-bs-toggle="tab" data-filter="SYSTEM" href="#all-noti-tab" role="tab" 
aria-selected="false">\n                            <span 
data-key="notifications.tab.system">System</span> (<span 
id="notification-tab-system-count">0</span>)\n                        </a>\n   
                 </li>\n                </ul>\n            </div>\n        
</div>\n\n        <div class="tab-content position-relative" 
id="notificationItemsTabContent">\n            <div class="tab-pane fade show 
active py-2 ps-2" id="all-noti-tab" role="tabpanel">\n                <div 
data-simplebar style="max-height: 300px;" class="pe-2">\n                    
<div class="text-center text-muted py-3" id="notifications-loading" 
data-key="notifications.loading">Loading...</div>\n                    <div 
id="notifications-list"></div>\n                    <div class="text-center 
text-muted py-3" id="notifications-empty" data-key="notifications.empty" 
style="display: none;"></div>\n                    <div class="my-3 
text-center view-all">\n                        <a 
href="/notificaciones/mis-notificaciones/" class="btn btn-soft-success 
waves-effect waves-light" data-key="notifications.view_all">View all</a>\n     
               </div>\n                    <div class="text-center">\n         
               <button type="button" class="btn btn-soft-primary" 
id="notifications-load-more" data-key="notifications.load_more" 
style="display: none;">Load more</button>\n                    </div>\n        
        </div>\n            </div>\n        </div>\n\n        <div 
class="notification-actions p-2 border-top">\n            <div class="d-flex 
justify-content-between align-items-center">\n                <button 
type="button" class="btn btn-link p-0" id="notifications-mark-all" 
data-key="notifications.mark_all_read">Mark all as read</button>\n            
</div>\n        </div>\n    </div>\n</div>\n                        \n\n       
                 \n\n                        <div class="dropdown ms-sm-3 
header-item topbar-user">\n                            \n                      
      <div>\n                    <span class="d-flex align-items-center">\n    
                    \n                            \n                           
     <a href="/acounts/perfil/">\n                                    <img 
class="rounded-circle" src="/media/avatares/default.jpg" alt="Avatar" 
style="max-width: 2em; margin-right: 10px;">\n                                
</a>\n                            \n                            <span 
class="text-start ms-xl-2">\n                                <span 
class="d-none d-xl-inline-block ms-1 fw-medium user-name-text">\n              
                      user_a\n                                </span>          
      \n                                \n                                <!-- 
Bot¾n para salir -->\n                                <a 
href="/acounts/logout/" class="btn btn-primary ms-2">\n                        
            Salir\n                                </a>\n                      
      </span>\n                        \n                    
</span>\n\n</div>\n\n\n                            <div class="dropdown-menu 
dropdown-menu-end">\n                                <!-- item-->\n            
                    <h6 class="dropdown-header">Welcome Anna!</h6>\n           
                     \n                                \n                      
              \n                                        <a 
class="dropdown-item" href="/">\n                                            
<i class="mdi mdi-key text-muted fs-16 align-middle me-1"></i> \n              
                              <span class="align-middle" 
data-key="t-change-password">Change Password</span>\n                          
              </a>\n                                    \n                     
                   <a class="dropdown-item" href="/acounts/logout/">\n         
                                   <i class="mdi mdi-logout text-muted fs-16 
align-middle me-1"></i> \n                                            <span 
class="align-middle" data-key="t-logout">Logout</span>\n                       
                 </a>\n                                \n                      
      </div>\n                        </div>\n                        \n       
             </div>\n                </div>\n            </div>\n        
</header>\n        <!-- removeNotificationModal -->\n        <div 
id="removeNotificationModal" class="modal fade zoomIn" tabindex="-1" 
aria-hidden="true">\n            <div class="modal-dialog 
modal-dialog-centered">\n                <div class="modal-content">\n         
           <div class="modal-header">\n                        <button 
type="button" class="btn-close" data-bs-dismiss="modal" aria-label="Close" 
id="NotificationModalbtn-close"></button>\n                    </div>\n        
            <div class="modal-body">\n                        <div class="mt-2 
text-center">\n                            <lord-icon 
src="https://cdn.lordicon.com/gsqxdxog.json" trigger="loop" 
colors="primary:#f7b84b,secondary:#f06548" 
style="width:100px;height:100px"></lord-icon>\n                            
<div class="mt-4 pt-2 fs-15 mx-4 mx-sm-5">\n                                
<h4>Are you sure ?</h4>\n                                <p class="text-muted 
mx-4 mb-0">Are you sure you want to remove this Notification ?</p>\n           
                 </div>\n                        </div>\n                      
  <div class="d-flex gap-2 justify-content-center mt-4 mb-2">\n                
            <button type="button" class="btn w-sm btn-light" 
data-bs-dismiss="modal">Close</button>\n                            <button 
type="button" class="btn w-sm btn-danger" id="delete-notification">Yes, Delete 
It!</button>\n                        </div>\n                    </div>\n\n   
             </div><!-- /.modal-content -->\n            </div><!-- 
/.modal-dialog -->\n        </div><!-- /.modal -->\n\n    \n\n    \n      
\n\n\n\n<!-- \u26a0\ufe0f TODO: Todos los textos visibles deben tener data-key 
para i18n -->\n<!-- ========== App Menu ========== -->\n<div class="app-menu 
navbar-menu">\n    <!-- LOGO -->\n    <div class="navbar-brand-box">\n        
<!-- Dark Logo-->\n        <a href="/" class="logo logo-dark">\n            
<span class="logo-sm">\n                <img src="/static/images/logo-sm.png" 
alt="" height="22">\n            </span>\n            <span class="logo-lg">\n 
               <img src="/static/images/logo-dark.png" alt="" height="17">\n   
         </span>\n        </a>\n        <!-- Light Logo-->\n        <a 
href="/" class="logo logo-light">\n            <span class="logo-sm">\n        
        <img src="/static/images/logo-sm.png" alt="" height="22">\n            
</span>\n            <span class="logo-lg">\n                <img 
src="/static/images/logo-light.png" alt="" height="17">\n            </span>\n 
       </a>\n        <button type="button" class="btn btn-sm p-0 fs-20 
header-item float-end btn-vertical-sm-hover" id="vertical-hover">\n            
<i class="ri-record-circle-line"></i>\n        </button>\n    </div>\n\n    
<div id="scrollbar">\n        <div class="container-fluid">\n\n            
<div id="two-column-menu"></div>\n            <ul class="navbar-nav" 
id="navbar-nav">\n\n                <!-- Menu Antiguo -->\n                <li 
class="menu-title"><i class="ri-more-fill"></i> <span data-key="menu.old">Men· 
Antiguo</span></li>\n\n                <!-- Men· Biblioteca Digital -->\n      
          <li class="nav-item">\n                    <a class="nav-link 
menu-link" href="#sidebarBiblioteca" data-bs-toggle="collapse" role="button" 
aria-expanded="false" aria-controls="sidebarBiblioteca">\n                     
   <i class="ri-folder-open-line"></i> <span 
data-key="menu.library">Biblioteca Digital</span>\n                    </a>\n  
                  <div class="collapse menu-dropdown" 
id="sidebarBiblioteca">\n                        <ul class="nav nav-sm 
flex-column">\n                            <li class="nav-item">\n             
                   <a href="/ingresar_propietario/" class="nav-link" 
data-key="menu.library.add_owner">Ingresar Propietario</a>\n                   
         </li>\n                            <li class="nav-item">\n            
                    <a href="/ingresar_propiedad/" class="nav-link" 
data-key="menu.library.add_property">Ingresar Propiedad</a>\n                  
          </li>\n                            <li class="nav-item">\n           
                     <a href="/crear_tipo_documento/" class="nav-link" 
data-key="menu.library.add_document_type">Ingresar Tipo Documento</a>\n        
                    </li>\n                            <li class="nav-item">\n 
                               <a href="/listar_propietarios/" 
class="nav-link" data-key="menu.library.list_owners">Listado de 
Propietarios</a>\n                            </li>\n                          
  <li class="nav-item">\n                                <a href="/" 
class="nav-link" data-key="menu.library.list_properties">Listado de 
Propiedades</a>\n                            </li>\n                           
 <li class="nav-item">\n                                <a 
href="/listar_tipos_documentos/" class="nav-link" 
data-key="menu.library.list_document_types">Listado de Tipos de 
Documentos</a>\n                            </li>\n                            
<li class="nav-item">\n                                <a 
href="/documentos/listado/" class="nav-link" 
data-key="menu.library.list_documents">Listado General de Documentos</a>\n     
                       </li>\n                        </ul>\n                  
  </div>\n                </li>\n\n                <li class="nav-item">\n     
               <a class="nav-link menu-link" href="#sidebarEvaluaciones" 
data-bs-toggle="collapse" role="button" aria-expanded="false" 
aria-controls="sidebarEvaluaciones">\n                        <i 
class="ri-file-list-3-line"></i> <span 
data-key="menu.evaluations">Evaluaciones</span>\n                    </a>\n    
                <div class="collapse menu-dropdown" 
id="sidebarEvaluaciones">\n                        <ul class="nav nav-sm 
flex-column">\n                            <li class="nav-item">\n             
                   \n                                <a 
href="/evaluaciones/importar-personas/" class="nav-link"><span 
data-key="menu.evaluations.import_people">Importar Personas</span></a>\n       
                         \n                            </li>\n                 
       </ul>\n                    </div>\n                </li>\n\n            
    \n\n                \n                \n                \n\n               
 <!-- Men· Cuentas -->\n                <li class="nav-item">\n                
    <a class="nav-link menu-link" href="#sidebarCuentaUsuario" 
data-bs-toggle="collapse" role="button" aria-expanded="false" 
aria-controls="sidebarCuentaUsuario">\n                        <i 
class="ri-user-settings-line"></i> <span data-key="menu.user_account">Cuenta 
de Usuario</span>\n                    </a>\n                    <div 
class="collapse menu-dropdown" id="sidebarCuentaUsuario">\n                    
    <ul class="nav nav-sm flex-column">\n                            <li 
class="nav-item">\n                                <a href="/acounts/perfil/" 
class="nav-link"><span data-key="menu.user_account.edit_profile">Editar 
Perfil</span></a>\n                            </li>\n                         
   <li class="nav-item">\n                                <a 
href="/acounts/cambiar-password/" class="nav-link"><span 
data-key="menu.user_account.change_password">Cambiar Contrase±a</span></a>\n   
                         </li>\n                            <li 
class="nav-item">\n                                <a 
href="/settings/configurar-email/" class="nav-link"><span 
data-key="menu.user_account.email_settings">Configurar Correo</span></a>\n     
                       </li>\n                        </ul>\n                  
  </div>\n                </li>\n\n                \n                \n\n      
          \n                <!-- Men· Notificaciones -->\n                <li 
class="nav-item">\n                    <a class="nav-link menu-link" 
href="#sidebarNotificaciones" data-bs-toggle="collapse" role="button" 
aria-expanded="false" aria-controls="sidebarNotificaciones">\n                 
       <i class="ri-notification-3-line"></i> <span 
data-key="menu.notifications">Notificaciones</span>\n                    
</a>\n                    <div class="collapse menu-dropdown" 
id="sidebarNotificaciones">\n                        <ul class="nav nav-sm 
flex-column">\n                            <li class="nav-item">\n             
                   <a href="/notificaciones/mis-notificaciones/" 
class="nav-link d-flex align-items-center justify-content-between">\n          
                          <span 
data-key="menu.notifications">Notificaciones</span>\n                          
          \n                                        <span class="badge 
rounded-pill bg-danger ms-2">6</span>\n                                    \n  
                              </a>\n                            </li>\n        
                    <li class="nav-item">\n                                <a 
href="/notificaciones/centro/" class="nav-link d-flex align-items-center 
justify-content-between">\n                                    <span 
data-key="menu.notifications.center">Centro de Alertas</span>\n                
                    \n                                        <span 
class="badge rounded-pill bg-danger ms-2">2</span>\n                           
         \n                                </a>\n                            
</li>\n                            \n                            <li 
class="nav-item">\n                                <a 
href="/notificaciones/forzar/" class="nav-link" 
data-key="menu.notifications.force">Enviar notificaciones forzadas</a>\n       
                     </li>\n                            <li 
class="nav-item">\n                                <a 
href="/notificaciones/alerta-personalizada/" class="nav-link" 
data-key="menu.notifications.custom">Alerta personalizada</a>\n                
            </li>\n                            \n                        
</ul>\n                    </div>\n                </li>\n                \n\n 
               \n                <!-- Men· Control de Acceso -->\n             
   <li class="nav-item">\n                    <a class="nav-link menu-link" 
href="#sidebarControlAcceso" data-bs-toggle="collapse" role="button" 
aria-expanded="false" aria-controls="sidebarControlAcceso">\n                  
      <i class="ri-lock-line"></i> <span 
data-key="menu.access_control">Control de Acceso</span>\n                    
</a>\n                    <div class="collapse menu-dropdown" 
id="sidebarControlAcceso">\n                        <ul class="nav nav-sm 
flex-column">\n                            <li class="nav-item">\n             
                   <a href="/access-control/usuarios/invitar/" 
class="nav-link"><span data-key="menu.access_control.invite_user">Invitar 
Usuario</span></a>\n                            </li>\n                        
    <li class="nav-item">\n                                <a 
href="/access-control/invitaciones/" class="nav-link"><span 
data-key="menu.access_control.invitations">Gesti¾n de 
Invitaciones</span></a>\n                            </li>\n                   
         <li class="nav-item">\n                                <a 
href="/access-control/usuarios/" class="nav-link"><span 
data-key="menu.access_control.user_management">Gesti¾n de 
Usuarios</span></a>\n                            </li>\n                       
     <li class="nav-item">\n                                <a 
href="/access-control/empresas/" class="nav-link"><span 
data-key="menu.access_control.company_management">Gesti¾n de 
Empresas</span></a>\n                            </li>\n                       
     <li class="nav-item">\n                                <a 
href="/access-control/vistas/" class="nav-link"><span 
data-key="menu.access_control.view_management">Gesti¾n de Vistas</span></a>\n  
                          </li>\n                            <li 
class="nav-item">\n                                <a 
href="/access-control/permisos/" class="nav-link"><span 
data-key="menu.access_control.permission_management">Gesti¾n de 
Permisos</span></a>\n                            </li>\n                       
     <li class="nav-item">\n                                <a 
href="/access-control/permisos-filtrados/" class="nav-link"><span 
data-key="menu.access_control.filter_permissions">Filtrar 
Permisos</span></a>\n                            </li>\n                       
 </ul>\n                    </div>\n                </li>\n\n                
<li class="nav-item">\n                    <a class="nav-link menu-link" 
href="#sidebarSettings" data-bs-toggle="collapse" role="button" 
aria-expanded="false" aria-controls="sidebarSettings">\n                       
 <i class="ri-settings-3-line"></i> <span 
data-key="menu.settings">Settings</span>\n                    </a>\n           
         <div class="collapse menu-dropdown" id="sidebarSettings">\n           
             <ul class="nav nav-sm flex-column">\n                            
<li class="nav-item">\n                                <a 
href="/access-control/settings/system/" class="nav-link" 
data-key="menu.settings.system_config">System Config</a>\n                     
       </li>\n                            <li class="nav-item">\n              
                  <a href="/access-control/settings/company/" class="nav-link" 
data-key="menu.settings.company_settings">Company Settings</a>\n               
             </li>\n                            <li class="nav-item">\n        
                        <a href="/access-control/settings/email-accounts/" 
class="nav-link" data-key="menu.settings.email_accounts">Email Accounts</a>\n  
                          </li>\n                        </ul>\n               
     </div>\n                </li>\n                \n\n            </ul>\n    
    </div>\n        <!-- Sidebar -->\n    </div>\n    <div 
class="sidebar-background"></div>\n</div>\n<!-- Left Sidebar End -->\n\n<!-- 
Vertical Overlay-->\n<div class="vertical-overlay"></div>\n\n\n    \n\n    
\n<div class="main-content">\n    <div class="page-content">\n        <div 
class="container-fluid">\n            <div class="row">\n                <div 
class="col-12">\n                    <h1 class="mb-4" 
data-key="notifications.page.title">Notificaciones</h1>\n                    
<form method="get" class="row g-3 align-items-end mb-4">\n                     
   <div class="col-12 col-md-4">\n                            <label 
for="filter-tipo" class="form-label" 
data-key="notifications.filter.type">Tipo</label>\n                            
<select id="filter-tipo" name="tipo" class="form-select">\n                    
            <option value="all" selected 
data-key="notifications.type.all">Todos</option>\n                             
   <option value="message"  
data-key="notifications.type.message">Mensajes</option>\n                      
          <option value="alert"  
data-key="notifications.type.alert">Alertas</option>\n                         
       <option value="system"  
data-key="notifications.type.system">Sistema</option>\n                        
    </select>\n                        </div>\n                        <div 
class="col-12 col-md-4">\n                            <label 
for="filter-estado" class="form-label" 
data-key="notifications.filter.state">Estado</label>\n                         
   <select id="filter-estado" name="estado" class="form-select">\n             
                   <option value="all" selected 
data-key="notifications.state.all">Todas</option>\n                            
    <option value="unread"  data-key="notifications.state.unread">No 
leidas</option>\n                                <option value="read"  
data-key="notifications.state.read">Leidas</option>\n                          
  </select>\n                        </div>\n                        \n        
                <div class="col-12 col-md-4">\n                            
<button type="submit" class="btn btn-primary" 
data-key="notifications.filter.apply">Aplicar filtros</button>\n               
         </div>\n                    </form>\n\n                    \n         
               <div class="list-group">\n                            \n        
                        <div class="list-group-item d-flex flex-column 
flex-md-row justify-content-between align-items-start gap-3">\n                
                    <div class="flex-grow-1">\n                                
        <div class="d-flex align-items-center gap-2 mb-2">\n                   
                         \n                                                
<span class="badge bg-success" data-key="notifications.state.unread">No 
leidas</span>\n                                            \n                  
                          \n                                                
<span class="badge bg-info" 
data-key="notifications.type.message">Mensajes</span>\n                        
                    \n                                        </div>\n         
                               <h5 class="mb-1">Mensaje</h5>\n                 
                       \n                                        <small 
class="text-muted">2026-02-12 19:20</small>\n                                  
  </div>\n                                    <div class="d-flex flex-column 
gap-2">\n                                        <a class="btn 
btn-outline-primary" href="/notificaciones/mis-notificaciones/5/" 
data-key="notifications.open">Abrir</a>\n                                      
  \n                                            <a class="btn 
btn-outline-secondary" 
href="/notificaciones/mis-notificaciones/5/?only_mark=1" 
data-key="notifications.mark_read">Marcar leida</a>\n                          
              \n                                    </div>\n                   
             </div>\n                            \n                            
    <div class="list-group-item d-flex flex-column flex-md-row 
justify-content-between align-items-start gap-3">\n                            
        <div class="flex-grow-1">\n                                        
<div class="d-flex align-items-center gap-2 mb-2">\n                           
                 \n                                                <span 
class="badge bg-success" data-key="notifications.state.unread">No 
leidas</span>\n                                            \n                  
                          \n                                                
<span class="badge bg-info" 
data-key="notifications.type.message">Mensajes</span>\n                        
                    \n                                        </div>\n         
                               <h5 class="mb-1">Mensaje</h5>\n                 
                       \n                                        <small 
class="text-muted">2026-02-12 19:20</small>\n                                  
  </div>\n                                    <div class="d-flex flex-column 
gap-2">\n                                        <a class="btn 
btn-outline-primary" href="/notificaciones/mis-notificaciones/6/" 
data-key="notifications.open">Abrir</a>\n                                      
  \n                                            <a class="btn 
btn-outline-secondary" 
href="/notificaciones/mis-notificaciones/6/?only_mark=1" 
data-key="notifications.mark_read">Marcar leida</a>\n                          
              \n                                    </div>\n                   
             </div>\n                            \n                            
    <div class="list-group-item d-flex flex-column flex-md-row 
justify-content-between align-items-start gap-3">\n                            
        <div class="flex-grow-1">\n                                        
<div class="d-flex align-items-center gap-2 mb-2">\n                           
                 \n                                                <span 
class="badge bg-success" data-key="notifications.state.unread">No 
leidas</span>\n                                            \n                  
                          \n                                                
<span class="badge bg-danger" 
data-key="notifications.type.alert">Alertas</span>\n                           
                 \n                                        </div>\n            
                            <h5 class="mb-1">Alerta</h5>\n                     
                   \n                                        <small 
class="text-muted">2026-02-12 19:20</small>\n                                  
  </div>\n                                    <div class="d-flex flex-column 
gap-2">\n                                        <a class="btn 
btn-outline-primary" href="/notificaciones/mis-notificaciones/1/" 
data-key="notifications.open">Abrir</a>\n                                      
  \n                                            <a class="btn 
btn-outline-secondary" 
href="/notificaciones/mis-notificaciones/1/?only_mark=1" 
data-key="notifications.mark_read">Marcar leida</a>\n                          
              \n                                    </div>\n                   
             </div>\n                            \n                            
    <div class="list-group-item d-flex flex-column flex-md-row 
justify-content-between align-items-start gap-3">\n                            
        <div class="flex-grow-1">\n                                        
<div class="d-flex align-items-center gap-2 mb-2">\n                           
                 \n                                                <span 
class="badge bg-success" data-key="notifications.state.unread">No 
leidas</span>\n                                            \n                  
                          \n                                                
<span class="badge bg-danger" 
data-key="notifications.type.alert">Alertas</span>\n                           
                 \n                                        </div>\n            
                            <h5 class="mb-1">Alerta</h5>\n                     
                   \n                                        <small 
class="text-muted">2026-02-12 19:20</small>\n                                  
  </div>\n                                    <div class="d-flex flex-column 
gap-2">\n                                        <a class="btn 
btn-outline-primary" href="/notificaciones/mis-notificaciones/2/" 
data-key="notifications.open">Abrir</a>\n                                      
  \n                                            <a class="btn 
btn-outline-secondary" 
href="/notificaciones/mis-notificaciones/2/?only_mark=1" 
data-key="notifications.mark_read">Marcar leida</a>\n                          
              \n                                    </div>\n                   
             </div>\n                            \n                            
    <div class="list-group-item d-flex flex-column flex-md-row 
justify-content-between align-items-start gap-3">\n                            
        <div class="flex-grow-1">\n                                        
<div class="d-flex align-items-center gap-2 mb-2">\n                           
                 \n                                                <span 
class="badge bg-success" data-key="notifications.state.unread">No 
leidas</span>\n                                            \n                  
                          \n                                                
<span class="badge bg-primary" 
data-key="notifications.type.system">Sistema</span>\n                          
                  \n                                        </div>\n           
                             <h5 class="mb-1">Sistema</h5>\n                   
                     \n                                        <small 
class="text-muted">2026-02-12 19:20</small>\n                                  
  </div>\n                                    <div class="d-flex flex-column 
gap-2">\n                                        <a class="btn 
btn-outline-primary" href="/notificaciones/mis-notificaciones/3/" 
data-key="notifications.open">Abrir</a>\n                                      
  \n                                            <a class="btn 
btn-outline-secondary" 
href="/notificaciones/mis-notificaciones/3/?only_mark=1" 
data-key="notifications.mark_read">Marcar leida</a>\n                          
              \n                                    </div>\n                   
             </div>\n                            \n                            
    <div class="list-group-item d-flex flex-column flex-md-row 
justify-content-between align-items-start gap-3">\n                            
        <div class="flex-grow-1">\n                                        
<div class="d-flex align-items-center gap-2 mb-2">\n                           
                 \n                                                <span 
class="badge bg-success" data-key="notifications.state.unread">No 
leidas</span>\n                                            \n                  
                          \n                                                
<span class="badge bg-info" 
data-key="notifications.type.message">Mensajes</span>\n                        
                    \n                                        </div>\n         
                               <h5 class="mb-1">Mensaje</h5>\n                 
                       \n                                        <small 
class="text-muted">2026-02-12 19:20</small>\n                                  
  </div>\n                                    <div class="d-flex flex-column 
gap-2">\n                                        <a class="btn 
btn-outline-primary" href="/notificaciones/mis-notificaciones/4/" 
data-key="notifications.open">Abrir</a>\n                                      
  \n                                            <a class="btn 
btn-outline-secondary" 
href="/notificaciones/mis-notificaciones/4/?only_mark=1" 
data-key="notifications.mark_read">Marcar leida</a>\n                          
              \n                                    </div>\n                   
             </div>\n                            \n                        
</div>\n\n                        <nav class="mt-4" aria-label="pagination">\n 
                           <ul class="pagination">\n                           
     \n                                    <li class="page-item disabled">\n   
                                     <span class="page-link" 
data-key="notifications.pagination.prev">Anterior</span>\n                     
               </li>\n                                \n                       
         <li class="page-item disabled">\n                                    
<span class="page-link">1 / 1</span>\n                                </li>\n  
                              \n                                    <li 
class="page-item disabled">\n                                        <span 
class="page-link" data-key="notifications.pagination.next">Siguiente</span>\n  
                                  </li>\n                                \n    
                        </ul>\n                        </nav>\n                
    \n                </div>\n            </div>\n        </div>\n    
</div>\n</div>\n\n  </div>\n\n  \n\n  <!-- Modal Cambiar Empresa -->\n  <div 
class="modal fade" id="cambiarEmpresaModal" tabindex="-1" 
aria-labelledby="cambiarEmpresaLabel" aria-hidden="true">\n    <div 
class="modal-dialog">\n      <div class="modal-content">\n        <form 
method="POST" action="/access-control/seleccionar_empresa/">\n          <input 
type="hidden" name="csrfmiddlewaretoken" 
value="FG3kBc7tR9335qnG1gTBNnssUvKwqMQmwah4ignMknMmw5yEHhWOQitb2DE9ffxR">\n    
      <div class="modal-header">\n            <h5 class="modal-title" 
id="cambiarEmpresaLabel" data-key="modal.select_company">Seleccionar 
Empresa</h5>\n            <button type="button" class="btn-close" 
data-bs-dismiss="modal" aria-label="Close"></button>\n          </div>\n       
   <div class="modal-body">\n            <div class="form-group">\n            
  <label for="empresa_id" data-key="modal.available_companies">Empresas 
Disponibles</label>\n              <select class="form-control" 
id="empresa_id" name="empresa_id">\n                \n              
</select>\n            </div>\n          </div>\n          <div 
class="modal-footer">\n            <button type="submit" class="btn 
btn-primary" data-key="modal.change">Cambiar</button>\n          </div>\n      
  </form>\n      </div>\n    </div>\n  </div>\n\n  \n    \n\n<!--start 
back-to-top-->\n<button class="btn btn-danger btn-icon" id="back-to-top" 
onclick="topFunction()">\n    <i 
class="ri-arrow-up-line"></i>\n</button>\n<!--end 
back-to-top-->\n<!--preloader-->\n<div id="preloader">\n    <div 
id="status">\n        <div class="spinner-border text-primary avatar-sm" 
role="status">\n            <span class="visually-hidden" 
data-key="loading">Loading...</span>\n        </div>\n    </div>\n</div>\n<div 
class="customizer-setting d-none d-md-block">\n    <div 
aria-controls="theme-settings-offcanvas" class="btn-info rounded-pill 
shadow-lg btn btn-icon btn-lg p-2"\n        
data-bs-target="#theme-settings-offcanvas" data-bs-toggle="offcanvas">\n       
 <i class="mdi mdi-spin mdi-cog-outline fs-22"></i>\n    </div>\n</div>\n<!-- 
Theme Settings -->\n<div class="offcanvas offcanvas-end border-0" 
id="theme-settings-offcanvas" tabindex="-1">\n    <div class="d-flex 
align-items-center bg-primary bg-gradient p-3 offcanvas-header">\n        <h5 
class="m-0 me-2 text-white" data-key="theme_customizer">Theme 
Customizer</h5>\n        <button aria-label="Close" class="btn-close 
btn-close-white ms-auto" data-bs-dismiss="offcanvas"\n            
id="customizerclose-btn" type="button"></button>\n    </div>\n    <div 
class="offcanvas-body p-0">\n        <div class="h-100" data-simplebar="">\n   
         <div class="p-4">\n                <h6 class="mb-0 fw-semibold 
text-uppercase" data-key="layout">Layout</h6>\n                <p 
class="text-muted" data-key="choose_your_layout">Choose your layout</p>\n      
          <div class="row gy-3">\n                    <div class="col-4">\n    
                    <div class="form-check card-radio">\n                      
      <input class="form-check-input" id="customizer-layout01" 
name="data-layout" type="radio"\n                                
value="vertical" />\n                            <label 
class="form-check-label p-0 avatar-md w-100" for="customizer-layout01">\n      
                          <span class="d-flex gap-1 h-100">\n                  
                  <span class="flex-shrink-0">\n                               
         <span class="bg-light d-flex h-100 flex-column gap-1 p-1">\n          
                                  <span class="d-block p-1 px-2 
bg-primary-subtle rounded mb-2"></span>\n                                      
      <span class="d-block p-1 px-2 pb-0 bg-primary-subtle"></span>\n          
                                  <span class="d-block p-1 px-2 pb-0 
bg-primary-subtle"></span>\n                                            <span 
class="d-block p-1 px-2 pb-0 bg-primary-subtle"></span>\n                      
                  </span>\n                                    </span>\n       
                             <span class="flex-grow-1">\n                      
                  <span class="d-flex h-100 flex-column">\n                    
                        <span class="bg-light d-block p-1"></span>\n           
                                 <span class="bg-light d-block p-1 
mt-auto"></span>\n                                        </span>\n            
                        </span>\n                                </span>\n     
                       </label>\n                        </div>\n              
          <h5 class="fs-13 text-center mt-2" 
data-key="vertical">Vertical</h5>\n                    </div>\n                
    <div class="col-4">\n                        <div class="form-check 
card-radio">\n                            <input class="form-check-input" 
id="customizer-layout02" name="data-layout" type="radio"\n                     
           value="horizontal" />\n                            <label 
class="form-check-label p-0 avatar-md w-100" for="customizer-layout02">\n      
                          <span class="d-flex h-100 flex-column gap-1">\n      
                              <span class="bg-light d-flex p-1 gap-1 
align-items-center">\n                                        <span 
class="d-block p-1 bg-primary-subtle rounded me-1"></span>\n                   
                     <span class="d-block p-1 pb-0 px-2 bg-primary-subtle 
ms-auto"></span>\n                                        <span class="d-block 
p-1 pb-0 px-2 bg-primary-subtle"></span>\n                                    
</span>\n                                    <span class="bg-light d-block 
p-1"></span>\n                                    <span class="bg-light 
d-block p-1 mt-auto"></span>\n                                </span>\n        
                    </label>\n                        </div>\n                 
       <h5 class="fs-13 text-center mt-2" 
data-key="horizontal">Horizontal</h5>\n                    </div>\n            
        <div class="col-4">\n                        <div class="form-check 
card-radio">\n                            <input class="form-check-input" 
id="customizer-layout03" name="data-layout" type="radio"\n                     
           value="twocolumn" />\n                            <label 
class="form-check-label p-0 avatar-md w-100" for="customizer-layout03">\n      
                          <span class="d-flex gap-1 h-100">\n                  
                  <span class="flex-shrink-0">\n                               
         <span class="bg-light d-flex h-100 flex-column gap-1">\n              
                              <span class="d-block p-1 bg-primary-subtle 
mb-2"></span>\n                                            <span 
class="d-block p-1 pb-0 bg-primary-subtle"></span>\n                           
                 <span class="d-block p-1 pb-0 bg-primary-subtle"></span>\n    
                                        <span class="d-block p-1 pb-0 
bg-primary-subtle"></span>\n                                        </span>\n  
                                  </span>\n                                    
<span class="flex-shrink-0">\n                                        <span 
class="bg-light d-flex h-100 flex-column gap-1 p-1">\n                         
                   <span class="d-block p-1 px-2 pb-0 
bg-primary-subtle"></span>\n                                            <span 
class="d-block p-1 px-2 pb-0 bg-primary-subtle"></span>\n                      
                      <span class="d-block p-1 px-2 pb-0 
bg-primary-subtle"></span>\n                                            <span 
class="d-block p-1 px-2 pb-0 bg-primary-subtle"></span>\n                      
                  </span>\n                                    </span>\n       
                             <span class="flex-grow-1">\n                      
                  <span class="d-flex h-100 flex-column">\n                    
                        <span class="bg-light d-block p-1"></span>\n           
                                 <span class="bg-light d-block p-1 
mt-auto"></span>\n                                        </span>\n            
                        </span>\n                                </span>\n     
                       </label>\n                        </div>\n              
          <h5 class="fs-13 text-center mt-2" data-key="two_column">Two 
Column</h5>\n                    </div>\n                    <!-- end col 
-->\n                    <div class="col-4">\n                        <div 
class="form-check card-radio">\n                            <input 
class="form-check-input" id="customizer-layout04" name="data-layout" 
type="radio"\n                                value="semibox" />\n             
               <label class="form-check-label p-0 avatar-md w-100" 
for="customizer-layout04">\n                                <span 
class="d-flex gap-1 h-100">\n                                    <span 
class="flex-shrink-0 p-1">\n                                        <span 
class="bg-light d-flex h-100 flex-column gap-1 p-1">\n                         
                   <span class="d-block p-1 px-2 bg-primary-subtle rounded 
mb-2"></span>\n                                            <span 
class="d-block p-1 px-2 pb-0 bg-primary-subtle"></span>\n                      
                      <span class="d-block p-1 px-2 pb-0 
bg-primary-subtle"></span>\n                                            <span 
class="d-block p-1 px-2 pb-0 bg-primary-subtle"></span>\n                      
                  </span>\n                                    </span>\n       
                             <span class="flex-grow-1">\n                      
                  <span class="d-flex h-100 flex-column pt-1 pe-2">\n          
                                  <span class="bg-light d-block p-1"></span>\n 
                                           <span class="bg-light d-block p-1 
mt-auto"></span>\n                                        </span>\n            
                        </span>\n                                </span>\n     
                       </label>\n                        </div>\n              
          <h5 class="fs-13 text-center mt-2" data-key="semi_box">Semi 
Box</h5>\n                    </div>\n                    <!-- end col -->\n   
             </div>\n                <h6 class="mt-4 mb-0 fw-semibold 
text-uppercase" data-key="color_scheme">Color Scheme</h6>\n                <p 
class="text-muted" data-key="choose_light_or_dark_scheme">Choose Light or Dark 
Scheme.</p>\n                <div class="colorscheme-cardradio">\n             
       <div class="row">\n                        <div class="col-4">\n        
                    <div class="form-check card-radio">\n                      
          <input class="form-check-input" id="layout-mode-light" 
name="data-bs-theme" type="radio"\n                                    
value="light" />\n                                <label 
class="form-check-label p-0 avatar-md w-100" for="layout-mode-light">\n        
                            <span class="d-flex gap-1 h-100">\n                
                        <span class="flex-shrink-0">\n                         
                   <span class="bg-light d-flex h-100 flex-column gap-1 
p-1">\n                                                <span class="d-block 
p-1 px-2 bg-primary-subtle rounded mb-2"></span>\n                             
                   <span class="d-block p-1 px-2 pb-0 
bg-primary-subtle"></span>\n                                                
<span class="d-block p-1 px-2 pb-0 bg-primary-subtle"></span>\n                
                                <span class="d-block p-1 px-2 pb-0 
bg-primary-subtle"></span>\n                                            
</span>\n                                        </span>\n                     
                   <span class="flex-grow-1">\n                                
            <span class="d-flex h-100 flex-column">\n                          
                      <span class="bg-light d-block p-1"></span>\n             
                                   <span class="bg-light d-block p-1 
mt-auto"></span>\n                                            </span>\n        
                                </span>\n                                    
</span>\n                                </label>\n                            
</div>\n                            <h5 class="fs-13 text-center mt-2" 
data-key="light">Light</h5>\n                        </div>\n                  
      <div class="col-4">\n                            <div class="form-check 
card-radio dark">\n                                <input 
class="form-check-input" id="layout-mode-dark" name="data-bs-theme" 
type="radio"\n                                    value="dark" />\n            
                    <label class="form-check-label p-0 avatar-md w-100 
bg-dark" for="layout-mode-dark">\n                                    <span 
class="d-flex gap-1 h-100">\n                                        <span 
class="flex-shrink-0">\n                                            <span 
class="bg-white bg-opacity-10 d-flex h-100 flex-column gap-1 p-1">\n           
                                     <span\n                                   
                 class="d-block p-1 px-2 bg-white bg-opacity-10 rounded 
mb-2"></span>\n                                                <span 
class="d-block p-1 px-2 pb-0 bg-white bg-opacity-10"></span>\n                 
                               <span class="d-block p-1 px-2 pb-0 bg-white 
bg-opacity-10"></span>\n                                                <span 
class="d-block p-1 px-2 pb-0 bg-white bg-opacity-10"></span>\n                 
                           </span>\n                                        
</span>\n                                        <span class="flex-grow-1">\n  
                                          <span class="d-flex h-100 
flex-column">\n                                                <span 
class="bg-white bg-opacity-10 d-block p-1"></span>\n                           
                     <span class="bg-white bg-opacity-10 d-block p-1 
mt-auto"></span>\n                                            </span>\n        
                                </span>\n                                    
</span>\n                                </label>\n                            
</div>\n                            <h5 class="fs-13 text-center mt-2" 
data-key="dark">Dark</h5>\n                        </div>\n                    
</div>\n                </div>\n                <div 
id="sidebar-visibility">\n                    <h6 class="mt-4 mb-0 fw-semibold 
text-uppercase" data-key="sidebar_visibility">Sidebar Visibility\n             
       </h6>\n                    <p class="text-muted" 
data-key="choose_show_or_hidden_sidebar">Choose show or Hidden sidebar.</p>\n  
                  <div class="row">\n                        <div 
class="col-4">\n                            <div class="form-check 
card-radio">\n                                <input class="form-check-input" 
id="sidebar-visibility-show"\n                                    
name="data-sidebar-visibility" type="radio" value="show" />\n                  
              <label class="form-check-label p-0 avatar-md w-100" 
for="sidebar-visibility-show">\n                                    <span 
class="d-flex gap-1 h-100">\n                                        <span 
class="flex-shrink-0 p-1">\n                                            <span 
class="bg-light d-flex h-100 flex-column gap-1 p-1">\n                         
                       <span class="d-block p-1 px-2 bg-primary-subtle rounded 
mb-2"></span>\n                                                <span 
class="d-block p-1 px-2 pb-0 bg-primary-subtle"></span>\n                      
                          <span class="d-block p-1 px-2 pb-0 
bg-primary-subtle"></span>\n                                                
<span class="d-block p-1 px-2 pb-0 bg-primary-subtle"></span>\n                
                            </span>\n                                        
</span>\n                                        <span class="flex-grow-1">\n  
                                          <span class="d-flex h-100 
flex-column pt-1 pe-2">\n                                                <span 
class="bg-light d-block p-1"></span>\n                                         
       <span class="bg-light d-block p-1 mt-auto"></span>\n                    
                        </span>\n                                        
</span>\n                                    </span>\n                         
       </label>\n                            </div>\n                          
  <h5 class="fs-13 text-center mt-2" data-key="show">Show</h5>\n               
         </div>\n                        <div class="col-4">\n                 
           <div class="form-check card-radio">\n                               
 <input class="form-check-input" id="sidebar-visibility-hidden"\n              
                      name="data-sidebar-visibility" type="radio" 
value="hidden" />\n                                <label 
class="form-check-label p-0 avatar-md w-100 px-2"\n                            
        for="sidebar-visibility-hidden">\n                                    
<span class="d-flex gap-1 h-100">\n                                        
<span class="flex-grow-1">\n                                            <span 
class="d-flex h-100 flex-column pt-1 px-2">\n                                  
              <span class="bg-light d-block p-1"></span>\n                     
                           <span class="bg-light d-block p-1 
mt-auto"></span>\n                                            </span>\n        
                                </span>\n                                    
</span>\n                                </label>\n                            
</div>\n                            <h5 class="fs-13 text-center mt-2" 
data-key="hidden">Hidden</h5>\n                        </div>\n                
    </div>\n                </div>\n                <div id="layout-width">\n  
                  <h6 class="mt-4 mb-0 fw-semibold text-uppercase" 
data-key="layout_width">Layout Width</h6>\n                    <p 
class="text-muted" data-key="choose_fluid_or_boxed_layout">Choose Fluid or 
Boxed layout.</p>\n                    <div class="row">\n                     
   <div class="col-4">\n                            <div class="form-check 
card-radio">\n                                <input class="form-check-input" 
id="layout-width-fluid" name="data-layout-width"\n                             
       type="radio" value="fluid" />\n                                <label 
class="form-check-label p-0 avatar-md w-100" for="layout-width-fluid">\n       
                             <span class="d-flex gap-1 h-100">\n               
                         <span class="flex-shrink-0">\n                        
                    <span class="bg-light d-flex h-100 flex-column gap-1 
p-1">\n                                                <span class="d-block 
p-1 px-2 bg-primary-subtle rounded mb-2"></span>\n                             
                   <span class="d-block p-1 px-2 pb-0 
bg-primary-subtle"></span>\n                                                
<span class="d-block p-1 px-2 pb-0 bg-primary-subtle"></span>\n                
                                <span class="d-block p-1 px-2 pb-0 
bg-primary-subtle"></span>\n                                            
</span>\n                                        </span>\n                     
                   <span class="flex-grow-1">\n                                
            <span class="d-flex h-100 flex-column">\n                          
                      <span class="bg-light d-block p-1"></span>\n             
                                   <span class="bg-light d-block p-1 
mt-auto"></span>\n                                            </span>\n        
                                </span>\n                                    
</span>\n                                </label>\n                            
</div>\n                            <h5 class="fs-13 text-center mt-2" 
data-key="fluid">Fluid</h5>\n                        </div>\n                  
      <div class="col-4">\n                            <div class="form-check 
card-radio">\n                                <input class="form-check-input" 
id="layout-width-boxed" name="data-layout-width"\n                             
       type="radio" value="boxed" />\n                                <label 
class="form-check-label p-0 avatar-md w-100 px-2" for="layout-width-boxed">\n  
                                  <span class="d-flex gap-1 h-100 border-start 
border-end">\n                                        <span 
class="flex-shrink-0">\n                                            <span 
class="bg-light d-flex h-100 flex-column gap-1 p-1">\n                         
                       <span class="d-block p-1 px-2 bg-primary-subtle rounded 
mb-2"></span>\n                                                <span 
class="d-block p-1 px-2 pb-0 bg-primary-subtle"></span>\n                      
                          <span class="d-block p-1 px-2 pb-0 
bg-primary-subtle"></span>\n                                                
<span class="d-block p-1 px-2 pb-0 bg-primary-subtle"></span>\n                
                            </span>\n                                        
</span>\n                                        <span class="flex-grow-1">\n  
                                          <span class="d-flex h-100 
flex-column">\n                                                <span 
class="bg-light d-block p-1"></span>\n                                         
       <span class="bg-light d-block p-1 mt-auto"></span>\n                    
                        </span>\n                                        
</span>\n                                    </span>\n                         
       </label>\n                            </div>\n                          
  <h5 class="fs-13 text-center mt-2" data-key="boxed">Boxed</h5>\n             
           </div>\n                    </div>\n                </div>\n        
        <div id="layout-position">\n                    <h6 class="mt-4 mb-0 
fw-semibold text-uppercase" data-key="layout_position">Layout Position</h6>\n  
                  <p class="text-muted" 
data-key="choose_fixed_or_scrollable_layout_position">Choose Fixed or\n        
                Scrollable Layout Position.</p>\n                    <div 
class="btn-group radio" role="group">\n                        <input 
class="btn-check" id="layout-position-fixed" name="data-layout-position" 
type="radio"\n                            value="fixed" />\n                   
     <label class="btn btn-light w-sm" data-key="fixed" 
for="layout-position-fixed">Fixed</label>\n                        <input 
class="btn-check" id="layout-position-scrollable" 
name="data-layout-position"\n                            type="radio" 
value="scrollable" />\n                        <label class="btn btn-light 
w-sm ms-0" data-key="scrollable"\n                            
for="layout-position-scrollable">Scrollable</label>\n                    
</div>\n                </div>\n                <h6 class="mt-4 mb-0 
fw-semibold text-uppercase" data-key="topbar_color">Topbar Color</h6>\n        
        <p class="text-muted" 
data-key="choose_light_or_dark_topbar_color">Choose Light or Dark Topbar 
Color.\n                </p>\n                <div class="row">\n              
      <div class="col-4">\n                        <div class="form-check 
card-radio">\n                            <input class="form-check-input" 
id="topbar-color-light" name="data-topbar" type="radio"\n                      
          value="light" />\n                            <label 
class="form-check-label p-0 avatar-md w-100" for="topbar-color-light">\n       
                         <span class="d-flex gap-1 h-100">\n                   
                 <span class="flex-shrink-0">\n                                
        <span class="bg-light d-flex h-100 flex-column gap-1 p-1">\n           
                                 <span class="d-block p-1 px-2 
bg-primary-subtle rounded mb-2"></span>\n                                      
      <span class="d-block p-1 px-2 pb-0 bg-primary-subtle"></span>\n          
                                  <span class="d-block p-1 px-2 pb-0 
bg-primary-subtle"></span>\n                                            <span 
class="d-block p-1 px-2 pb-0 bg-primary-subtle"></span>\n                      
                  </span>\n                                    </span>\n       
                             <span class="flex-grow-1">\n                      
                  <span class="d-flex h-100 flex-column">\n                    
                        <span class="bg-light d-block p-1"></span>\n           
                                 <span class="bg-light d-block p-1 
mt-auto"></span>\n                                        </span>\n            
                        </span>\n                                </span>\n     
                       </label>\n                        </div>\n              
          <h5 class="fs-13 text-center mt-2" data-key="light">Light</h5>\n     
               </div>\n                    <div class="col-4">\n               
         <div class="form-check card-radio">\n                            
<input class="form-check-input" id="topbar-color-dark" name="data-topbar" 
type="radio"\n                                value="dark" />\n                
            <label class="form-check-label p-0 avatar-md w-100" 
for="topbar-color-dark">\n                                <span class="d-flex 
gap-1 h-100">\n                                    <span 
class="flex-shrink-0">\n                                        <span 
class="bg-light d-flex h-100 flex-column gap-1 p-1">\n                         
                   <span class="d-block p-1 px-2 bg-primary-subtle rounded 
mb-2"></span>\n                                            <span 
class="d-block p-1 px-2 pb-0 bg-primary-subtle"></span>\n                      
                      <span class="d-block p-1 px-2 pb-0 
bg-primary-subtle"></span>\n                                            <span 
class="d-block p-1 px-2 pb-0 bg-primary-subtle"></span>\n                      
                  </span>\n                                    </span>\n       
                             <span class="flex-grow-1">\n                      
                  <span class="d-flex h-100 flex-column">\n                    
                        <span class="bg-primary d-block p-1"></span>\n         
                                   <span class="bg-light d-block p-1 
mt-auto"></span>\n                                        </span>\n            
                        </span>\n                                </span>\n     
                       </label>\n                        </div>\n              
          <h5 class="fs-13 text-center mt-2" data-key="dark">Dark</h5>\n       
             </div>\n                </div>\n                <div 
id="sidebar-size">\n                    <h6 class="mt-4 mb-0 fw-semibold 
text-uppercase" data-key="sidebar_size">Sidebar Size</h6>\n                    
<p class="text-muted" data-key="choose_a_size_of_sidebar">Choose a size of 
Sidebar.</p>\n                    <div class="row">\n                        
<div class="col-4">\n                            <div class="form-check 
sidebar-setting card-radio">\n                                <input 
class="form-check-input" id="sidebar-size-default" name="data-sidebar-size"\n  
                                  type="radio" value="lg" />\n                 
               <label class="form-check-label p-0 avatar-md w-100" 
for="sidebar-size-default">\n                                    <span 
class="d-flex gap-1 h-100">\n                                        <span 
class="flex-shrink-0">\n                                            <span 
class="bg-light d-flex h-100 flex-column gap-1 p-1">\n                         
                       <span class="d-block p-1 px-2 bg-primary-subtle rounded 
mb-2"></span>\n                                                <span 
class="d-block p-1 px-2 pb-0 bg-primary-subtle"></span>\n                      
                          <span class="d-block p-1 px-2 pb-0 
bg-primary-subtle"></span>\n                                                
<span class="d-block p-1 px-2 pb-0 bg-primary-subtle"></span>\n                
                            </span>\n                                        
</span>\n                                        <span class="flex-grow-1">\n  
                                          <span class="d-flex h-100 
flex-column">\n                                                <span 
class="bg-light d-block p-1"></span>\n                                         
       <span class="bg-light d-block p-1 mt-auto"></span>\n                    
                        </span>\n                                        
</span>\n                                    </span>\n                         
       </label>\n                            </div>\n                          
  <h5 class="fs-13 text-center mt-2" data-key="default">Default</h5>\n         
               </div>\n                        <div class="col-4">\n           
                 <div class="form-check sidebar-setting card-radio">\n         
                       <input class="form-check-input" 
id="sidebar-size-compact" name="data-sidebar-size"\n                           
         type="radio" value="md" />\n                                <label 
class="form-check-label p-0 avatar-md w-100" for="sidebar-size-compact">\n     
                               <span class="d-flex gap-1 h-100">\n             
                           <span class="flex-shrink-0">\n                      
                      <span class="bg-light d-flex h-100 flex-column gap-1 
p-1">\n                                                <span class="d-block 
p-1 bg-primary-subtle rounded mb-2"></span>\n                                  
              <span class="d-block p-1 pb-0 bg-primary-subtle"></span>\n       
                                         <span class="d-block p-1 pb-0 
bg-primary-subtle"></span>\n                                                
<span class="d-block p-1 pb-0 bg-primary-subtle"></span>\n                     
                       </span>\n                                        
</span>\n                                        <span class="flex-grow-1">\n  
                                          <span class="d-flex h-100 
flex-column">\n                                                <span 
class="bg-light d-block p-1"></span>\n                                         
       <span class="bg-light d-block p-1 mt-auto"></span>\n                    
                        </span>\n                                        
</span>\n                                    </span>\n                         
       </label>\n                            </div>\n                          
  <h5 class="fs-13 text-center mt-2" data-key="compact">Compact</h5>\n         
               </div>\n                        <div class="col-4">\n           
                 <div class="form-check sidebar-setting card-radio">\n         
                       <input class="form-check-input" id="sidebar-size-small" 
name="data-sidebar-size"\n                                    type="radio" 
value="sm" />\n                                <label class="form-check-label 
p-0 avatar-md w-100" for="sidebar-size-small">\n                               
     <span class="d-flex gap-1 h-100">\n                                       
 <span class="flex-shrink-0">\n                                            
<span class="bg-light d-flex h-100 flex-column gap-1">\n                       
                         <span class="d-block p-1 bg-primary-subtle 
mb-2"></span>\n                                                <span 
class="d-block p-1 pb-0 bg-primary-subtle"></span>\n                           
                     <span class="d-block p-1 pb-0 
bg-primary-subtle"></span>\n                                                
<span class="d-block p-1 pb-0 bg-primary-subtle"></span>\n                     
                       </span>\n                                        
</span>\n                                        <span class="flex-grow-1">\n  
                                          <span class="d-flex h-100 
flex-column">\n                                                <span 
class="bg-light d-block p-1"></span>\n                                         
       <span class="bg-light d-block p-1 mt-auto"></span>\n                    
                        </span>\n                                        
</span>\n                                    </span>\n                         
       </label>\n                            </div>\n                          
  <h5 class="fs-13 text-center mt-2" data-key="small_icon_view">Small (Icon 
View)</h5>\n                        </div>\n                        <div 
class="col-4">\n                            <div class="form-check 
sidebar-setting card-radio">\n                                <input 
class="form-check-input" id="sidebar-size-small-hover" 
name="data-sidebar-size"\n                                    type="radio" 
value="sm-hover" />\n                                <label 
class="form-check-label p-0 avatar-md w-100" for="sidebar-size-small-hover">\n 
                                   <span class="d-flex gap-1 h-100">\n         
                               <span class="flex-shrink-0">\n                  
                          <span class="bg-light d-flex h-100 flex-column 
gap-1">\n                                                <span class="d-block 
p-1 bg-primary-subtle mb-2"></span>\n                                          
      <span class="d-block p-1 pb-0 bg-primary-subtle"></span>\n               
                                 <span class="d-block p-1 pb-0 
bg-primary-subtle"></span>\n                                                
<span class="d-block p-1 pb-0 bg-primary-subtle"></span>\n                     
                       </span>\n                                        
</span>\n                                        <span class="flex-grow-1">\n  
                                          <span class="d-flex h-100 
flex-column">\n                                                <span 
class="bg-light d-block p-1"></span>\n                                         
       <span class="bg-light d-block p-1 mt-auto"></span>\n                    
                        </span>\n                                        
</span>\n                                    </span>\n                         
       </label>\n                            </div>\n                          
  <h5 class="fs-13 text-center mt-2" data-key="small_hover_view">Small Hover 
View</h5>\n                        </div>\n                    </div>\n        
        </div>\n                <div id="sidebar-view">\n                    
<h6 class="mt-4 mb-0 fw-semibold text-uppercase" 
data-key="sidebar_view">Sidebar View</h6>\n                    <p 
class="text-muted" data-key="choose_default_or_detached_sidebar_view">Choose 
Default or Detached\n                        Sidebar view.</p>\n               
     <div class="row">\n                        <div class="col-4">\n          
                  <div class="form-check sidebar-setting card-radio">\n        
                        <input class="form-check-input" 
id="sidebar-view-default" name="data-layout-style"\n                           
         type="radio" value="default" />\n                                
<label class="form-check-label p-0 avatar-md w-100" 
for="sidebar-view-default">\n                                    <span 
class="d-flex gap-1 h-100">\n                                        <span 
class="flex-shrink-0">\n                                            <span 
class="bg-light d-flex h-100 flex-column gap-1 p-1">\n                         
                       <span class="d-block p-1 px-2 bg-primary-subtle rounded 
mb-2"></span>\n                                                <span 
class="d-block p-1 px-2 pb-0 bg-primary-subtle"></span>\n                      
                          <span class="d-block p-1 px-2 pb-0 
bg-primary-subtle"></span>\n                                                
<span class="d-block p-1 px-2 pb-0 bg-primary-subtle"></span>\n                
                            </span>\n                                        
</span>\n                                        <span class="flex-grow-1">\n  
                                          <span class="d-flex h-100 
flex-column">\n                                                <span 
class="bg-light d-block p-1"></span>\n                                         
       <span class="bg-light d-block p-1 mt-auto"></span>\n                    
                        </span>\n                                        
</span>\n                                    </span>\n                         
       </label>\n                            </div>\n                          
  <h5 class="fs-13 text-center mt-2" data-key="default">Default</h5>\n         
               </div>\n                        <div class="col-4">\n           
                 <div class="form-check sidebar-setting card-radio">\n         
                       <input class="form-check-input" 
id="sidebar-view-detached" name="data-layout-style"\n                          
          type="radio" value="detached" />\n                                
<label class="form-check-label p-0 avatar-md w-100" 
for="sidebar-view-detached">\n                                    <span 
class="d-flex h-100 flex-column">\n                                        
<span class="bg-light d-flex p-1 gap-1 align-items-center px-2">\n             
                               <span class="d-block p-1 bg-primary-subtle 
rounded me-1"></span>\n                                            <span 
class="d-block p-1 pb-0 px-2 bg-primary-subtle ms-auto"></span>\n              
                              <span class="d-block p-1 pb-0 px-2 
bg-primary-subtle"></span>\n                                        </span>\n  
                                      <span class="d-flex gap-1 h-100 p-1 
px-2">\n                                            <span 
class="flex-shrink-0">\n                                                <span 
class="bg-light d-flex h-100 flex-column gap-1 p-1">\n                         
                           <span class="d-block p-1 px-2 pb-0 
bg-primary-subtle"></span>\n                                                   
 <span class="d-block p-1 px-2 pb-0 bg-primary-subtle"></span>\n               
                                     <span class="d-block p-1 px-2 pb-0 
bg-primary-subtle"></span>\n                                                
</span>\n                                            </span>\n                 
                       </span>\n                                        <span 
class="bg-light d-block p-1 mt-auto px-2"></span>\n                            
        </span>\n                                </label>\n                    
        </div>\n                            <h5 class="fs-13 text-center mt-2" 
data-key="detached">Detached</h5>\n                        </div>\n            
        </div>\n                </div>\n                <div 
id="sidebar-color">\n                    <h6 class="mt-4 mb-0 fw-semibold 
text-uppercase" data-key="sidebar_color">Sidebar Color</h6>\n                  
  <p class="text-muted" data-key="choose_a_color_of_sidebar">Choose a color of 
Sidebar.</p>\n                    <div class="row">\n                        
<div class="col-4">\n                            <div class="form-check 
sidebar-setting card-radio" data-bs-target="#collapseBgGradient"\n             
                   data-bs-toggle="collapse">\n                                
<input class="form-check-input" id="sidebar-color-light" name="data-sidebar"\n 
                                   type="radio" value="light" />\n             
                   <label class="form-check-label p-0 avatar-md w-100" 
for="sidebar-color-light">\n                                    <span 
class="d-flex gap-1 h-100">\n                                        <span 
class="flex-shrink-0">\n                                            <span 
class="bg-white border-end d-flex h-100 flex-column gap-1 p-1">\n              
                                  <span class="d-block p-1 px-2 
bg-primary-subtle rounded mb-2"></span>\n                                      
          <span class="d-block p-1 px-2 pb-0 bg-primary-subtle"></span>\n      
                                          <span class="d-block p-1 px-2 pb-0 
bg-primary-subtle"></span>\n                                                
<span class="d-block p-1 px-2 pb-0 bg-primary-subtle"></span>\n                
                            </span>\n                                        
</span>\n                                        <span class="flex-grow-1">\n  
                                          <span class="d-flex h-100 
flex-column">\n                                                <span 
class="bg-light d-block p-1"></span>\n                                         
       <span class="bg-light d-block p-1 mt-auto"></span>\n                    
                        </span>\n                                        
</span>\n                                    </span>\n                         
       </label>\n                            </div>\n                          
  <h5 class="fs-13 text-center mt-2" data-key="light">Light</h5>\n             
           </div>\n                        <div class="col-4">\n               
             <div class="form-check sidebar-setting card-radio" 
data-bs-target="#collapseBgGradient"\n                                
data-bs-toggle="collapse">\n                                <input 
class="form-check-input" id="sidebar-color-dark" name="data-sidebar" 
type="radio"\n                                    value="dark" />\n            
                    <label class="form-check-label p-0 avatar-md w-100" 
for="sidebar-color-dark">\n                                    <span 
class="d-flex gap-1 h-100">\n                                        <span 
class="flex-shrink-0">\n                                            <span 
class="bg-primary d-flex h-100 flex-column gap-1 p-1">\n                       
                         <span\n                                               
     class="d-block p-1 px-2 bg-white bg-opacity-10 rounded mb-2"></span>\n    
                                            <span class="d-block p-1 px-2 pb-0 
bg-white bg-opacity-10"></span>\n                                              
  <span class="d-block p-1 px-2 pb-0 bg-white bg-opacity-10"></span>\n         
                                       <span class="d-block p-1 px-2 pb-0 
bg-white bg-opacity-10"></span>\n                                            
</span>\n                                        </span>\n                     
                   <span class="flex-grow-1">\n                                
            <span class="d-flex h-100 flex-column">\n                          
                      <span class="bg-light d-block p-1"></span>\n             
                                   <span class="bg-light d-block p-1 
mt-auto"></span>\n                                            </span>\n        
                                </span>\n                                    
</span>\n                                </label>\n                            
</div>\n                            <h5 class="fs-13 text-center mt-2" 
data-key="dark">Dark</h5>\n                        </div>\n                    
    <div class="col-4">\n                            <button 
aria-controls="collapseBgGradient" aria-expanded="false"\n                     
           class="btn btn-link avatar-md w-100 p-0 overflow-hidden border 
collapsed"\n                                
data-bs-target="#collapseBgGradient" data-bs-toggle="collapse" 
type="button">\n                                <span class="d-flex gap-1 
h-100">\n                                    <span class="flex-shrink-0">\n    
                                    <span class="bg-vertical-gradient d-flex 
h-100 flex-column gap-1 p-1">\n                                            
<span class="d-block p-1 px-2 bg-white bg-opacity-10 rounded mb-2"></span>\n   
                                         <span class="d-block p-1 px-2 pb-0 
bg-white bg-opacity-10"></span>\n                                            
<span class="d-block p-1 px-2 pb-0 bg-white bg-opacity-10"></span>\n           
                                 <span class="d-block p-1 px-2 pb-0 bg-white 
bg-opacity-10"></span>\n                                        </span>\n      
                              </span>\n                                    
<span class="flex-grow-1">\n                                        <span 
class="d-flex h-100 flex-column">\n                                            
<span class="bg-light d-block p-1"></span>\n                                   
         <span class="bg-light d-block p-1 mt-auto"></span>\n                  
                      </span>\n                                    </span>\n   
                             </span>\n                            </button>\n  
                          <h5 class="fs-13 text-center mt-2" 
data-key="gradient">Gradient</h5>\n                        </div>\n            
        </div>\n                    <!-- end row -->\n                    <div 
class="collapse" id="collapseBgGradient">\n                        <div 
class="d-flex gap-2 flex-wrap img-switch p-2 px-3 bg-light rounded">\n         
                   <div class="form-check sidebar-setting card-radio">\n       
                         <input class="form-check-input" 
id="sidebar-color-gradient" name="data-sidebar"\n                              
      type="radio" value="gradient" />\n                                <label 
class="form-check-label p-0 avatar-xs rounded-circle"\n                        
            for="sidebar-color-gradient">\n                                    
<span class="avatar-title rounded-circle bg-vertical-gradient"></span>\n       
                         </label>\n                            </div>\n        
                    <div class="form-check sidebar-setting card-radio">\n      
                          <input class="form-check-input" 
id="sidebar-color-gradient-2" name="data-sidebar"\n                            
        type="radio" value="gradient-2" />\n                                
<label class="form-check-label p-0 avatar-xs rounded-circle"\n                 
                   for="sidebar-color-gradient-2">\n                           
         <span class="avatar-title rounded-circle 
bg-vertical-gradient-2"></span>\n                                </label>\n    
                        </div>\n                            <div 
class="form-check sidebar-setting card-radio">\n                               
 <input class="form-check-input" id="sidebar-color-gradient-3" 
name="data-sidebar"\n                                    type="radio" 
value="gradient-3" />\n                                <label 
class="form-check-label p-0 avatar-xs rounded-circle"\n                        
            for="sidebar-color-gradient-3">\n                                  
  <span class="avatar-title rounded-circle bg-vertical-gradient-3"></span>\n   
                             </label>\n                            </div>\n    
                        <div class="form-check sidebar-setting card-radio">\n  
                              <input class="form-check-input" 
id="sidebar-color-gradient-4" name="data-sidebar"\n                            
        type="radio" value="gradient-4" />\n                                
<label class="form-check-label p-0 avatar-xs rounded-circle"\n                 
                   for="sidebar-color-gradient-4">\n                           
         <span class="avatar-title rounded-circle 
bg-vertical-gradient-4"></span>\n                                </label>\n    
                        </div>\n                        </div>\n               
     </div>\n                </div>\n                <div id="sidebar-img">\n  
                  <h6 class="mt-4 mb-0 fw-semibold text-uppercase" 
data-key="sidebar_images">Sidebar Images</h6>\n                    <p 
class="text-muted" data-key="choose_a_image_of_sidebar">Choose a image of 
Sidebar.</p>\n                    <div class="d-flex gap-2 flex-wrap 
img-switch">\n                        <div class="form-check sidebar-setting 
card-radio">\n                            <input class="form-check-input" 
id="sidebarimg-none" name="data-sidebar-image" type="radio"\n                  
              value="none" />\n                            <label 
class="form-check-label p-0 avatar-sm h-auto" for="sidebarimg-none">\n         
                       <span\n                                    
class="avatar-md w-auto bg-light d-flex align-items-center 
justify-content-center">\n                                    <i 
class="ri-close-fill fs-20"></i>\n                                </span>\n    
                        </label>\n                        </div>\n             
           <div class="form-check sidebar-setting card-radio">\n               
             <input class="form-check-input" id="sidebarimg-01" 
name="data-sidebar-image" type="radio"\n                                
value="img-1" />\n                            <label class="form-check-label 
p-0 avatar-sm h-auto" for="sidebarimg-01">\n                                
<img alt="" class="avatar-md w-auto object-fit-cover"\n                        
            src="/static/images/sidebar/img-1.jpg" />\n                        
    </label>\n                        </div>\n                        <div 
class="form-check sidebar-setting card-radio">\n                            
<input class="form-check-input" id="sidebarimg-02" name="data-sidebar-image" 
type="radio"\n                                value="img-2" />\n               
             <label class="form-check-label p-0 avatar-sm h-auto" 
for="sidebarimg-02">\n                                <img alt="" 
class="avatar-md w-auto object-fit-cover"\n                                    
src="/static/images/sidebar/img-2.jpg" />\n                            
</label>\n                        </div>\n                        <div 
class="form-check sidebar-setting card-radio">\n                            
<input class="form-check-input" id="sidebarimg-03" name="data-sidebar-image" 
type="radio"\n                                value="img-3" />\n               
             <label class="form-check-label p-0 avatar-sm h-auto" 
for="sidebarimg-03">\n                                <img alt="" 
class="avatar-md w-auto object-fit-cover"\n                                    
src="/static/images/sidebar/img-3.jpg" />\n                            
</label>\n                        </div>\n                        <div 
class="form-check sidebar-setting card-radio">\n                            
<input class="form-check-input" id="sidebarimg-04" name="data-sidebar-image" 
type="radio"\n                                value="img-4" />\n               
             <label class="form-check-label p-0 avatar-sm h-auto" 
for="sidebarimg-04">\n                                <img alt="" 
class="avatar-md w-auto object-fit-cover"\n                                    
src="/static/images/sidebar/img-4.jpg" />\n                            
</label>\n                        </div>\n                    </div>\n         
       </div>\n                <div id="preloader-menu">\n                    
<h6 class="mt-4 mb-0 fw-semibold text-uppercase" 
data-key="preloader">Preloader</h6>\n                    <p class="text-muted" 
data-key="choose_a_preloader">Choose a preloader.</p>\n                    
<div class="row">\n                        <div class="col-4">\n               
             <div class="form-check sidebar-setting card-radio">\n             
                   <input class="form-check-input" id="preloader-view-custom" 
name="data-preloader"\n                                    type="radio" 
value="enable" />\n                                <label 
class="form-check-label p-0 avatar-md w-100" for="preloader-view-custom">\n    
                                <span class="d-flex gap-1 h-100">\n            
                            <span class="flex-shrink-0">\n                     
                       <span class="bg-light d-flex h-100 flex-column gap-1 
p-1">\n                                                <span class="d-block 
p-1 px-2 bg-primary-subtle rounded mb-2"></span>\n                             
                   <span class="d-block p-1 px-2 pb-0 
bg-primary-subtle"></span>\n                                                
<span class="d-block p-1 px-2 pb-0 bg-primary-subtle"></span>\n                
                                <span class="d-block p-1 px-2 pb-0 
bg-primary-subtle"></span>\n                                            
</span>\n                                        </span>\n                     
                   <span class="flex-grow-1">\n                                
            <span class="d-flex h-100 flex-column">\n                          
                      <span class="bg-light d-block p-1"></span>\n             
                                   <span class="bg-light d-block p-1 
mt-auto"></span>\n                                            </span>\n        
                                </span>\n                                    
</span>\n                                    <!-- <div id="preloader"> -->\n   
                                 <div class="d-flex align-items-center 
justify-content-center" id="status">\n                                        
<div class="spinner-border text-primary avatar-xxs m-auto" role="status">\n    
                                        <span class="visually-hidden" 
data-key="loading">Loading...</span>\n                                        
</div>\n                                    </div>\n                           
         <!-- </div> -->\n                                </label>\n           
                 </div>\n                            <h5 class="fs-13 
text-center mt-2" data-key="enable">Enable</h5>\n                        
</div>\n                        <div class="col-4">\n                          
  <div class="form-check sidebar-setting card-radio">\n                        
        <input class="form-check-input" id="preloader-view-none" 
name="data-preloader"\n                                    type="radio" 
value="disable" />\n                                <label 
class="form-check-label p-0 avatar-md w-100" for="preloader-view-none">\n      
                              <span class="d-flex gap-1 h-100">\n              
                          <span class="flex-shrink-0">\n                       
                     <span class="bg-light d-flex h-100 flex-column gap-1 
p-1">\n                                                <span class="d-block 
p-1 px-2 bg-primary-subtle rounded mb-2"></span>\n                             
                   <span class="d-block p-1 px-2 pb-0 
bg-primary-subtle"></span>\n                                                
<span class="d-block p-1 px-2 pb-0 bg-primary-subtle"></span>\n                
                                <span class="d-block p-1 px-2 pb-0 
bg-primary-subtle"></span>\n                                            
</span>\n                                        </span>\n                     
                   <span class="flex-grow-1">\n                                
            <span class="d-flex h-100 flex-column">\n                          
                      <span class="bg-light d-block p-1"></span>\n             
                                   <span class="bg-light d-block p-1 
mt-auto"></span>\n                                            </span>\n        
                                </span>\n                                    
</span>\n                                </label>\n                            
</div>\n                            <h5 class="fs-13 text-center mt-2" 
data-key="disable">Disable</h5>\n                        </div>\n              
      </div>\n                </div>\n                <!-- end preloader-menu 
-->\n            </div>\n        </div>\n    </div>\n    <div 
class="offcanvas-footer border-top p-3 text-center">\n        <div 
class="row">\n            <div class="col-12">\n                <button 
class="btn btn-light w-100" data-key="reset" id="reset-layout" 
type="button">Reset</button>\n            </div>\n            <!-- <div 
class="col-6">\n                <a href="https://1.envato.market/velzon-admin" 
target="_blank" class="btn btn-primary w-100">Buy Now</a>\n            </div> 
-->\n        </div>\n    </div>\n</div>\n\n  \n\n  \n    <script>\n      
document.addEventListener("DOMContentLoaded", function () {\n        const 
modal = new bootstrap.Modal(document.getElementById("cambiarEmpresaModal"));\n 
       modal._element.addEventListener("show.bs.modal", function () {\n        
  console.log("Modal mostrado correctamente.");\n        });\n      });\n    
</script>\n\n    <script>\n      function sanitizeCollapseTrigger(trigger) {\n 
       if (!trigger || !trigger.hasAttribute(\'data-bs-toggle\')) return;\n    
    const targetSelector = trigger.getAttribute(\'data-bs-target\') || 
trigger.getAttribute(\'href\');\n        if (!targetSelector || 
targetSelector.trim() === \'\' || targetSelector.trim() === \'#\') {\n         
 const ariaControls = trigger.getAttribute(\'aria-controls\');\n          if 
(ariaControls && ariaControls.trim() !== \'\') {\n            const 
fixedTarget = ariaControls.startsWith(\'#\') ? ariaControls : 
`#${ariaControls}`;\n            trigger.setAttribute(\'data-bs-target\', 
fixedTarget);\n            console.warn(\'Collapse corregido: 
data-bs-target/href vacÝo o "#" \u2192\', fixedTarget, trigger);\n            
return;\n          }\n          console.warn(\'Collapse invßlido sin 
aria-controls: data-bs-target/href vacÝo o "#"\', trigger);\n          
trigger.removeAttribute(\'data-bs-toggle\');\n          
trigger.removeAttribute(\'data-bs-target\');\n          
trigger.removeAttribute(\'aria-controls\');\n        }\n      }\n\n      const 
originalSetAttribute = Element.prototype.setAttribute;\n      
Element.prototype.setAttribute = function (name, value) {\n        if (name 
=== \'data-bs-target\' || name === \'href\') {\n          if (value === \'#\' 
|| value === \'\' || value == null) {\n            const ariaControls = 
this.getAttribute(\'aria-controls\');\n            if (ariaControls && 
ariaControls.trim() !== \'\') {\n              const fixedTarget = 
ariaControls.startsWith(\'#\') ? ariaControls : `#${ariaControls}`;\n          
    return originalSetAttribute.call(this, name, fixedTarget);\n            
}\n            if (this.getAttribute(\'data-bs-toggle\') === \'collapse\') {\n 
             this.removeAttribute(\'data-bs-toggle\');\n              
this.removeAttribute(\'data-bs-target\');\n              
this.removeAttribute(\'aria-controls\');\n              return;\n            
}\n          }\n        }\n        return originalSetAttribute.call(this, 
name, value);\n      };\n\n      const originalDocumentQuerySelector = 
Document.prototype.querySelector;\n      Document.prototype.querySelector = 
function (selector) {\n        if (selector === \'#\') {\n          
console.warn(\'querySelector ignorado para selector invßlido "#"\');\n         
 return null;\n        }\n        return 
originalDocumentQuerySelector.call(this, selector);\n      };\n\n      const 
originalElementQuerySelector = Element.prototype.querySelector;\n      
Element.prototype.querySelector = function (selector) {\n        if (selector 
=== \'#\') {\n          console.warn(\'querySelector ignorado para selector 
invßlido "#"\');\n          return null;\n        }\n        return 
originalElementQuerySelector.call(this, selector);\n      };\n\n      function 
sanitizeAllCollapseTriggers(root) {\n        const scope = root || document;\n 
       const collapseTriggers = 
scope.querySelectorAll(\'[data-bs-toggle="collapse"]\');\n        
collapseTriggers.forEach(trigger => sanitizeCollapseTrigger(trigger));\n      
}\n\n      const runInitialSanitize = function () {\n        
sanitizeAllCollapseTriggers(document);\n      };\n\n      if 
(document.readyState === \'loading\') {\n        
document.addEventListener(\'DOMContentLoaded\', runInitialSanitize);\n      } 
else {\n        runInitialSanitize();\n      }\n\n      
document.addEventListener(\'click\', function (e) {\n        const trigger = 
e.target.closest(\'[data-bs-toggle="collapse"]\');\n        if (!trigger) 
return;\n        const targetSelector = 
trigger.getAttribute(\'data-bs-target\') || trigger.getAttribute(\'href\');\n  
      if (!targetSelector || targetSelector.trim() === \'\' || 
targetSelector.trim() === \'#\') {\n          console.warn(\'Click en collapse 
invßlido: data-bs-target/href vacÝo o "#"\', trigger);\n          
e.preventDefault();\n          e.stopImmediatePropagation();\n        }\n      
}, true);\n\n      const observer = new MutationObserver(mutations => {\n      
  mutations.forEach(mutation => {\n          if (mutation.type === 
\'attributes\') {\n            const target = mutation.target;\n            if 
(target && target.nodeType === 1) {\n              
sanitizeCollapseTrigger(target);\n            }\n            return;\n         
 }\n\n          mutation.addedNodes.forEach(node => {\n            if 
(node.nodeType !== 1) return;\n            if (node.matches && 
node.matches(\'[data-bs-toggle="collapse"]\')) {\n              
sanitizeCollapseTrigger(node);\n            }\n            if 
(node.querySelectorAll) {\n              sanitizeAllCollapseTriggers(node);\n  
          }\n          });\n        });\n      });\n\n      
observer.observe(document.documentElement, {\n        childList: true,\n       
 subtree: true,\n        attributes: true,\n        attributeFilter: 
[\'data-bs-toggle\', \'data-bs-target\', \'href\']\n      });\n    </script>\n 
   <script src="/static/libs/bootstrap/js/bootstrap.bundle.min.js"></script>\n 
   <script src="/static/libs/simplebar/simplebar.min.js"></script>\n    
<script src="/static/libs/node-waves/waves.min.js"></script>\n    <script 
src="/static/libs/feather-icons/feather.min.js"></script>\n    <script 
src="/static/js/pages/plugins/lord-icon-2.1.0.js"></script>\n    <script 
src="/static/libs/toastify-js/src/toastify.js"></script>\n    <script 
src="/static/js/plugins.js"></script>\n\n    \n    \n\n    <script 
src="/static/js/app.js"></script>\n    <script 
src="/static/js/notifications.js"></script>\n  \n</body>\n\n</html>\n'

----------------------------------------------------------------------
Ran 35 tests in 38.987s

FAILED (failures=3)
Destroying test database for alias 'default' 
('file:memorydb_default?mode=memory&cache=shared')...

